<html>
<body>
<pre>
<h1>µVision Build Log</h1>
<h2>Project:</h2>
H:\My Documents\MicroP\Lab1\tea.uvproj
Project File Date:  10/01/2013

<h2>Output:</h2>
Rebuild target 'Target 1'
assembling startup_stm32f4xx.s...
assembling assemblyBits.s...
compiling tinyEncryptionAlg.c...
linking...
.\obj\tea.axf: Error: L6218E: Undefined symbol SystemInit (referred from startup_stm32f4xx.o).
Target not created
Build target 'Target 1'
assembling startup_stm32f4xx.s...
linking...
Program Size: Code=736 RO-data=408 RW-data=0 ZI-data=1632  
".\obj\tea.axf" - 0 Error(s), 0 Warning(s).
Rebuild target 'Target 1'
assembling startup_stm32f4xx.s...
assembling assemblyBits.s...
compiling tinyEncryptionAlg.c...
linking...
Program Size: Code=736 RO-data=408 RW-data=0 ZI-data=1632  
".\obj\tea.axf" - 0 Error(s), 0 Warning(s).
Rebuild target 'Target 1'
assembling startup_stm32f4xx.s...
assembling assemblyBits.s...
compiling tinyEncryptionAlg.c...
linking...
Program Size: Code=544 RO-data=424 RW-data=0 ZI-data=1632  
".\obj\tea.axf" - 0 Error(s), 0 Warning(s).
Rebuild target 'Target 1'
assembling startup_stm32f4xx.s...
assembling assemblyBits.s...
compiling tinyEncryptionAlg.c...
linking...
Program Size: Code=544 RO-data=424 RW-data=0 ZI-data=1632  
".\obj\tea.axf" - 0 Error(s), 0 Warning(s).
Rebuild target 'Target 1'
assembling startup_stm32f4xx.s...
assembling assemblyBits.s...
compiling tinyEncryptionAlg.c...
linking...
Program Size: Code=544 RO-data=424 RW-data=0 ZI-data=1632  
".\obj\tea.axf" - 0 Error(s), 0 Warning(s).
Rebuild target 'Target 1'
assembling startup_stm32f4xx.s...
assembling assemblyBits.s...
compiling tinyEncryptionAlg.c...
C\tinyEncryptionAlg.c(41): warning:  #223-D: function "memcpy" declared implicitly
linking...
Program Size: Code=544 RO-data=424 RW-data=0 ZI-data=1632  
".\obj\tea.axf" - 0 Error(s), 1 Warning(s).
Rebuild target 'Target 1'
assembling startup_stm32f4xx.s...
assembling assemblyBits.s...
compiling tinyEncryptionAlg.c...
C\tinyEncryptionAlg.c(41): warning:  #223-D: function "memcpy" declared implicitly
linking...
Program Size: Code=552 RO-data=424 RW-data=0 ZI-data=1632  
".\obj\tea.axf" - 0 Error(s), 1 Warning(s).
Rebuild target 'Target 1'
assembling startup_stm32f4xx.s...
assembling assemblyBits.s...
compiling tinyEncryptionAlg.c...
C\tinyEncryptionAlg.c(41): warning:  #223-D: function "memcpy" declared implicitly
C\tinyEncryptionAlg.c(44): error:  #167: argument of type "uint32_t" is incompatible with parameter of type "const char *restrict"
Target not created
Rebuild target 'Target 1'
assembling startup_stm32f4xx.s...
assembling assemblyBits.s...
compiling tinyEncryptionAlg.c...
C\tinyEncryptionAlg.c(41): warning:  #223-D: function "memcpy" declared implicitly
C\tinyEncryptionAlg.c(44): error:  #167: argument of type "uint32_t *" is incompatible with parameter of type "const char *restrict"
Target not created
Rebuild target 'Target 1'
assembling startup_stm32f4xx.s...
assembling assemblyBits.s...
compiling tinyEncryptionAlg.c...
C\tinyEncryptionAlg.c(41): warning:  #223-D: function "memcpy" declared implicitly
C\tinyEncryptionAlg.c(44): error:  #268: declaration may not appear after executable statement in block
C\tinyEncryptionAlg.c(45): error:  #167: argument of type "uint32_t" is incompatible with parameter of type "const char *restrict"
Target not created
Rebuild target 'Target 1'
assembling startup_stm32f4xx.s...
assembling assemblyBits.s...
compiling tinyEncryptionAlg.c...
C\tinyEncryptionAlg.c(40): error:  #167: argument of type "char *" is incompatible with parameter of type "uint32_t *"
C\tinyEncryptionAlg.c(41): error:  #167: argument of type "char *" is incompatible with parameter of type "uint32_t *"
Target not created
Rebuild target 'Target 1'
assembling startup_stm32f4xx.s...
assembling assemblyBits.s...
compiling tinyEncryptionAlg.c...
linking...
Program Size: Code=544 RO-data=424 RW-data=0 ZI-data=1632  
".\obj\tea.axf" - 0 Error(s), 0 Warning(s).
Rebuild target 'Target 1'
assembling startup_stm32f4xx.s...
assembling assemblyBits.s...
compiling tinyEncryptionAlg.c...
linking...
Program Size: Code=576 RO-data=424 RW-data=0 ZI-data=1632  
".\obj\tea.axf" - 0 Error(s), 0 Warning(s).
Rebuild target 'Target 1'
assembling startup_stm32f4xx.s...
assembling assemblyBits.s...
compiling tinyEncryptionAlg.c...
linking...
Program Size: Code=588 RO-data=424 RW-data=0 ZI-data=1632  
".\obj\tea.axf" - 0 Error(s), 0 Warning(s).
Rebuild target 'Target 1'
assembling startup_stm32f4xx.s...
assembling assemblyBits.s...
compiling tinyEncryptionAlg.c...
linking...
Program Size: Code=540 RO-data=432 RW-data=0 ZI-data=1632  
".\obj\tea.axf" - 0 Error(s), 0 Warning(s).
Rebuild target 'Target 1'
assembling startup_stm32f4xx.s...
assembling assemblyBits.s...
compiling tinyEncryptionAlg.c...
C\tinyEncryptionAlg.c(49): error:  #28: expression must have a constant value
C\tinyEncryptionAlg.c(49): error:  #28: expression must have a constant value
Target not created
Rebuild target 'Target 1'
assembling startup_stm32f4xx.s...
assembling assemblyBits.s...
compiling tinyEncryptionAlg.c...
C\tinyEncryptionAlg.c(49): error:  #28: expression must have a constant value
C\tinyEncryptionAlg.c(49): error:  #28: expression must have a constant value
Target not created
Rebuild target 'Target 1'
assembling startup_stm32f4xx.s...
assembling assemblyBits.s...
compiling tinyEncryptionAlg.c...
C\tinyEncryptionAlg.c(44): warning:  #177-D: variable "num2" was declared but never referenced
linking...
Program Size: Code=616 RO-data=424 RW-data=0 ZI-data=1632  
".\obj\tea.axf" - 0 Error(s), 1 Warning(s).
Rebuild target 'Target 1'
assembling startup_stm32f4xx.s...
assembling assemblyBits.s...
compiling tinyEncryptionAlg.c...
C\tinyEncryptionAlg.c(41): warning:  #177-D: variable "num1" was declared but never referenced
C\tinyEncryptionAlg.c(45): warning:  #177-D: variable "num2" was declared but never referenced
linking...
Program Size: Code=628 RO-data=432 RW-data=0 ZI-data=1632  
".\obj\tea.axf" - 0 Error(s), 2 Warning(s).
Rebuild target 'Target 1'
assembling startup_stm32f4xx.s...
assembling assemblyBits.s...
compiling tinyEncryptionAlg.c...
C\tinyEncryptionAlg.c(41): warning:  #177-D: variable "num1" was declared but never referenced
C\tinyEncryptionAlg.c(45): warning:  #177-D: variable "num2" was declared but never referenced
linking...
Program Size: Code=628 RO-data=432 RW-data=0 ZI-data=1632  
".\obj\tea.axf" - 0 Error(s), 2 Warning(s).
Rebuild target 'Target 1'
assembling startup_stm32f4xx.s...
assembling assemblyBits.s...
compiling tinyEncryptionAlg.c...
C\tinyEncryptionAlg.c(38): error:  #144: a value of type "char *" cannot be used to initialize an entity of type "int"
C\tinyEncryptionAlg.c(41): error:  #20: identifier "test1" is undefined
Target not created
Rebuild target 'Target 1'
assembling startup_stm32f4xx.s...
assembling assemblyBits.s...
compiling tinyEncryptionAlg.c...
C\tinyEncryptionAlg.c(46): warning:  #175-D: subscript out of range
C\tinyEncryptionAlg.c(47): warning:  #175-D: subscript out of range
C\tinyEncryptionAlg.c(48): warning:  #175-D: subscript out of range
C\tinyEncryptionAlg.c(40): warning:  #177-D: variable "numTest" was declared but never referenced
C\tinyEncryptionAlg.c(45): warning:  #177-D: variable "num2" was declared but never referenced
C\tinyEncryptionAlg.c(52): warning: C4487E: read from variable 'test1' with offset out of bounds
C\tinyEncryptionAlg.c(52): warning: C4487E: read from variable 'test1' with offset out of bounds
C\tinyEncryptionAlg.c(52): warning: C4487E: read from variable 'test1' with offset out of bounds
linking...
Program Size: Code=600 RO-data=432 RW-data=0 ZI-data=1632  
".\obj\tea.axf" - 0 Error(s), 8 Warning(s).
Rebuild target 'Target 1'
assembling startup_stm32f4xx.s...
assembling assemblyBits.s...
compiling tinyEncryptionAlg.c...
C\tinyEncryptionAlg.c(40): warning:  #177-D: variable "numTest" was declared but never referenced
linking...
Program Size: Code=588 RO-data=432 RW-data=0 ZI-data=1632  
".\obj\tea.axf" - 0 Error(s), 1 Warning(s).
Rebuild target 'Target 1'
assembling startup_stm32f4xx.s...
assembling assemblyBits.s...
compiling tinyEncryptionAlg.c...
C\tinyEncryptionAlg.c(14): error:  #1460: expression must have integral or fixed-point type
C\tinyEncryptionAlg.c(14): error:  #31: expression must have integral type
C\tinyEncryptionAlg.c(14): error:  #1460: expression must have integral or fixed-point type
C\tinyEncryptionAlg.c(48): error:  #167: argument of type "uint32_t *" is incompatible with parameter of type "uint32_t"
C\tinyEncryptionAlg.c(48): error:  #165: too few arguments in function call
C\tinyEncryptionAlg.c(38): warning:  #177-D: variable "numTest" was declared but never referenced
Target not created
Rebuild target 'Target 1'
assembling startup_stm32f4xx.s...
assembling assemblyBits.s...
compiling tinyEncryptionAlg.c...
C\tinyEncryptionAlg.c(16): error:  #20: identifier "d" is undefined
C\tinyEncryptionAlg.c(29): error:  #20: identifier "d" is undefined
C\tinyEncryptionAlg.c(46): warning:  #175-D: subscript out of range
C\tinyEncryptionAlg.c(47): warning:  #175-D: subscript out of range
C\tinyEncryptionAlg.c(48): warning:  #175-D: subscript out of range
C\tinyEncryptionAlg.c(40): warning:  #177-D: variable "numTest" was declared but never referenced
Target not created
Rebuild target 'Target 1'
assembling startup_stm32f4xx.s...
assembling assemblyBits.s...
compiling tinyEncryptionAlg.c...
C\tinyEncryptionAlg.c(16): error:  #20: identifier "d" is undefined
C\tinyEncryptionAlg.c(29): error:  #20: identifier "d" is undefined
C\tinyEncryptionAlg.c(40): warning:  #177-D: variable "numTest" was declared but never referenced
Target not created
Rebuild target 'Target 1'
assembling startup_stm32f4xx.s...
assembling assemblyBits.s...
compiling tinyEncryptionAlg.c...
C\tinyEncryptionAlg.c(40): warning:  #177-D: variable "numTest" was declared but never referenced
linking...
Program Size: Code=644 RO-data=432 RW-data=0 ZI-data=1632  
".\obj\tea.axf" - 0 Error(s), 1 Warning(s).
Rebuild target 'Target 1'
assembling startup_stm32f4xx.s...
assembling assemblyBits.s...
compiling tinyEncryptionAlg.c...
C\tinyEncryptionAlg.c(40): warning:  #177-D: variable "numTest" was declared but never referenced
linking...
Program Size: Code=712 RO-data=432 RW-data=0 ZI-data=1632  
".\obj\tea.axf" - 0 Error(s), 1 Warning(s).
Rebuild target 'Target 1'
assembling startup_stm32f4xx.s...
assembling assemblyBits.s...
compiling tinyEncryptionAlg.c...
linking...
Program Size: Code=708 RO-data=424 RW-data=0 ZI-data=1632  
".\obj\tea.axf" - 0 Error(s), 0 Warning(s).
Rebuild target 'Target 1'
assembling startup_stm32f4xx.s...
assembling assemblyBits.s...
compiling tinyEncryptionAlg.c...
linking...
Program Size: Code=708 RO-data=424 RW-data=0 ZI-data=1632  
".\obj\tea.axf" - 0 Error(s), 0 Warning(s).
Rebuild target 'Target 1'
assembling startup_stm32f4xx.s...
assembling assemblyBits.s...
compiling tinyEncryptionAlg.c...
linking...
Program Size: Code=712 RO-data=424 RW-data=0 ZI-data=1632  
".\obj\tea.axf" - 0 Error(s), 0 Warning(s).
Rebuild target 'Target 1'
assembling startup_stm32f4xx.s...
assembling assemblyBits.s...
Assembly\assemblyBits.s(17): warning: A1865W: '#' not seen before constant expression
Assembly\assemblyBits.s(19): warning: A1865W: '#' not seen before constant expression
Assembly\assemblyBits.s(21): warning: A1865W: '#' not seen before constant expression
Assembly\assemblyBits.s(23): warning: A1865W: '#' not seen before constant expression
Assembly\assemblyBits.s(25): warning: A1865W: '#' not seen before constant expression
compiling tinyEncryptionAlg.c...
linking...
Program Size: Code=728 RO-data=424 RW-data=0 ZI-data=1632  
".\obj\tea.axf" - 0 Error(s), 5 Warning(s).
Rebuild target 'Target 1'
assembling startup_stm32f4xx.s...
assembling assemblyBits.s...
compiling tinyEncryptionAlg.c...
linking...
Program Size: Code=728 RO-data=424 RW-data=0 ZI-data=1632  
".\obj\tea.axf" - 0 Error(s), 0 Warning(s).
Rebuild target 'Target 1'
assembling startup_stm32f4xx.s...
assembling assemblyBits.s...
compiling tinyEncryptionAlg.c...
linking...
Program Size: Code=724 RO-data=424 RW-data=0 ZI-data=1632  
".\obj\tea.axf" - 0 Error(s), 0 Warning(s).
Rebuild target 'Target 1'
assembling startup_stm32f4xx.s...
assembling assemblyBits.s...
compiling tinyEncryptionAlg.c...
linking...
Program Size: Code=728 RO-data=424 RW-data=0 ZI-data=1632  
".\obj\tea.axf" - 0 Error(s), 0 Warning(s).
Rebuild target 'Target 1'
assembling startup_stm32f4xx.s...
assembling assemblyBits.s...
compiling tinyEncryptionAlg.c...
linking...
Program Size: Code=624 RO-data=424 RW-data=0 ZI-data=1632  
".\obj\tea.axf" - 0 Error(s), 0 Warning(s).
Rebuild target 'Target 1'
assembling startup_stm32f4xx.s...
assembling assemblyBits.s...
compiling tinyEncryptionAlg.c...
linking...
Program Size: Code=728 RO-data=424 RW-data=0 ZI-data=1632  
".\obj\tea.axf" - 0 Error(s), 0 Warning(s).
Rebuild target 'Target 1'
assembling startup_stm32f4xx.s...
assembling assemblyBits.s...
Assembly\assemblyBits.s(16): error: A1215E: Bad register list symbol
Assembly\assemblyBits.s(17): error: A1215E: Bad register list symbol
Assembly\assemblyBits.s(18): error: A1215E: Bad register list symbol
compiling tinyEncryptionAlg.c...
Target not created
Rebuild target 'Target 1'
assembling startup_stm32f4xx.s...
assembling assemblyBits.s...
Assembly\assemblyBits.s(16): error: A1215E: Bad register list symbol
compiling tinyEncryptionAlg.c...
Target not created
Rebuild target 'Target 1'
assembling startup_stm32f4xx.s...
assembling assemblyBits.s...
compiling tinyEncryptionAlg.c...
linking...
Program Size: Code=712 RO-data=424 RW-data=0 ZI-data=1632  
".\obj\tea.axf" - 0 Error(s), 0 Warning(s).
Rebuild target 'Target 1'
assembling startup_stm32f4xx.s...
assembling assemblyBits.s...
compiling tinyEncryptionAlg.c...
linking...
Program Size: Code=712 RO-data=424 RW-data=0 ZI-data=1632  
".\obj\tea.axf" - 0 Error(s), 0 Warning(s).
Rebuild target 'Target 1'
assembling startup_stm32f4xx.s...
assembling assemblyBits.s...
Assembly\assemblyBits.s(17): error: A1205E: Register 0 occurs multiply in list
compiling tinyEncryptionAlg.c...
Target not created
Rebuild target 'Target 1'
assembling startup_stm32f4xx.s...
assembling assemblyBits.s...
compiling tinyEncryptionAlg.c...
linking...
Program Size: Code=712 RO-data=424 RW-data=0 ZI-data=1632  
".\obj\tea.axf" - 0 Error(s), 0 Warning(s).
Rebuild target 'Target 1'
assembling startup_stm32f4xx.s...
assembling assemblyBits.s...
compiling tinyEncryptionAlg.c...
linking...
Program Size: Code=712 RO-data=424 RW-data=0 ZI-data=1632  
".\obj\tea.axf" - 0 Error(s), 0 Warning(s).
Rebuild target 'Target 1'
assembling startup_stm32f4xx.s...
assembling assemblyBits.s...
compiling tinyEncryptionAlg.c...
linking...
Program Size: Code=712 RO-data=424 RW-data=0 ZI-data=1632  
".\obj\tea.axf" - 0 Error(s), 0 Warning(s).
Load "H:\\My Documents\\MicroP\\Lab1\\obj\\tea.axf" 
Internal DLL Error
Rebuild target 'Target 1'
assembling startup_stm32f4xx.s...
assembling assemblyBits.s...
compiling tinyEncryptionAlg.c...
linking...
Program Size: Code=720 RO-data=424 RW-data=0 ZI-data=1632  
".\obj\tea.axf" - 0 Error(s), 0 Warning(s).
Rebuild target 'Target 1'
assembling startup_stm32f4xx.s...
assembling assemblyBits.s...
compiling tinyEncryptionAlg.c...
linking...
Program Size: Code=720 RO-data=424 RW-data=0 ZI-data=1632  
".\obj\tea.axf" - 0 Error(s), 0 Warning(s).
Rebuild target 'Target 1'
assembling startup_stm32f4xx.s...
assembling assemblyBits.s...
compiling tinyEncryptionAlg.c...
linking...
Program Size: Code=720 RO-data=424 RW-data=0 ZI-data=1632  
".\obj\tea.axf" - 0 Error(s), 0 Warning(s).
Rebuild target 'Target 1'
assembling startup_stm32f4xx.s...
assembling assemblyBits.s...
Assembly\assemblyBits.s(69): error: A1114E: Expected register relative expression
compiling tinyEncryptionAlg.c...
Target not created
Rebuild target 'Target 1'
assembling startup_stm32f4xx.s...
assembling assemblyBits.s...
Assembly\assemblyBits.s(69): error: A1647E: Bad register name symbol, expected Integer register
compiling tinyEncryptionAlg.c...
Target not created
Rebuild target 'Target 1'
assembling startup_stm32f4xx.s...
assembling assemblyBits.s...
Assembly\assemblyBits.s(69): error: A1647E: Bad register name symbol, expected Integer register
compiling tinyEncryptionAlg.c...
Target not created
Rebuild target 'Target 1'
assembling startup_stm32f4xx.s...
assembling assemblyBits.s...
Assembly\assemblyBits.s(70): error: A1106E: Missing comma
compiling tinyEncryptionAlg.c...
Target not created
Rebuild target 'Target 1'
assembling startup_stm32f4xx.s...
assembling assemblyBits.s...
Assembly\assemblyBits.s(70): error: A1647E: Bad register name symbol, expected Integer register
compiling tinyEncryptionAlg.c...
Target not created
Rebuild target 'Target 1'
assembling startup_stm32f4xx.s...
assembling assemblyBits.s...
compiling tinyEncryptionAlg.c...
linking...
Program Size: Code=724 RO-data=424 RW-data=0 ZI-data=1632  
".\obj\tea.axf" - 0 Error(s), 0 Warning(s).
Rebuild target 'Target 1'
assembling startup_stm32f4xx.s...
assembling assemblyBits.s...
compiling tinyEncryptionAlg.c...
linking...
Program Size: Code=724 RO-data=424 RW-data=0 ZI-data=1632  
".\obj\tea.axf" - 0 Error(s), 0 Warning(s).
Rebuild target 'Target 1'
assembling startup_stm32f4xx.s...
assembling assemblyBits.s...
compiling tinyEncryptionAlg.c...
linking...
Program Size: Code=724 RO-data=424 RW-data=0 ZI-data=1632  
".\obj\tea.axf" - 0 Error(s), 0 Warning(s).
Rebuild target 'Target 1'
assembling startup_stm32f4xx.s...
assembling assemblyBits.s...
compiling tinyEncryptionAlg.c...
linking...
Program Size: Code=720 RO-data=424 RW-data=0 ZI-data=1632  
".\obj\tea.axf" - 0 Error(s), 0 Warning(s).
Rebuild target 'Target 1'
assembling startup_stm32f4xx.s...
assembling assemblyBits.s...
Assembly\assemblyBits.s(16): error: A1114E: Expected register relative expression
compiling tinyEncryptionAlg.c...
Target not created
Rebuild target 'Target 1'
assembling startup_stm32f4xx.s...
assembling assemblyBits.s...
Assembly\assemblyBits.s(16): error: A1114E: Expected register relative expression
compiling tinyEncryptionAlg.c...
C\tinyEncryptionAlg.c(18): warning:  #940-D: missing return statement at end of non-void function "encrypt"
C\tinyEncryptionAlg.c(31): warning:  #940-D: missing return statement at end of non-void function "decrypt"
C\tinyEncryptionAlg.c(52): error:  #268: declaration may not appear after executable statement in block
Target not created
Rebuild target 'Target 1'
assembling startup_stm32f4xx.s...
assembling assemblyBits.s...
Assembly\assemblyBits.s(16): error: A1114E: Expected register relative expression
compiling tinyEncryptionAlg.c...
C\tinyEncryptionAlg.c(54): error:  #268: declaration may not appear after executable statement in block
Target not created
Rebuild target 'Target 1'
assembling startup_stm32f4xx.s...
assembling assemblyBits.s...
Assembly\assemblyBits.s(16): error: A1114E: Expected register relative expression
compiling tinyEncryptionAlg.c...
C\tinyEncryptionAlg.c(53): error:  #268: declaration may not appear after executable statement in block
C\tinyEncryptionAlg.c(53): warning:  #550-D: variable "result" was set but never used
Target not created
Rebuild target 'Target 1'
assembling startup_stm32f4xx.s...
assembling assemblyBits.s...
Assembly\assemblyBits.s(16): error: A1114E: Expected register relative expression
compiling tinyEncryptionAlg.c...
C\tinyEncryptionAlg.c(37): warning:  #550-D: variable "result" was set but never used
Target not created
Rebuild target 'Target 1'
assembling startup_stm32f4xx.s...
assembling assemblyBits.s...
compiling tinyEncryptionAlg.c...
C\tinyEncryptionAlg.c(37): warning:  #550-D: variable "result" was set but never used
linking...
Program Size: Code=720 RO-data=424 RW-data=0 ZI-data=1632  
".\obj\tea.axf" - 0 Error(s), 1 Warning(s).
Rebuild target 'Target 1'
assembling startup_stm32f4xx.s...
assembling assemblyBits.s...
compiling tinyEncryptionAlg.c...
C\tinyEncryptionAlg.c(55): error:  #513: a value of type "void" cannot be assigned to an entity of type "uint32_t *"
C\tinyEncryptionAlg.c(37): warning:  #550-D: variable "result" was set but never used
Target not created
Rebuild target 'Target 1'
assembling startup_stm32f4xx.s...
assembling assemblyBits.s...
compiling tinyEncryptionAlg.c...
C\tinyEncryptionAlg.c(37): warning:  #177-D: variable "result" was declared but never referenced
linking...
Program Size: Code=720 RO-data=424 RW-data=0 ZI-data=1632  
".\obj\tea.axf" - 0 Error(s), 1 Warning(s).
Rebuild target 'Target 1'
assembling startup_stm32f4xx.s...
assembling assemblyBits.s...
compiling tinyEncryptionAlg.c...
C\tinyEncryptionAlg.c(37): warning:  #177-D: variable "result" was declared but never referenced
linking...
Program Size: Code=720 RO-data=424 RW-data=0 ZI-data=1632  
".\obj\tea.axf" - 0 Error(s), 1 Warning(s).
Rebuild target 'Target 1'
assembling startup_stm32f4xx.s...
assembling assemblyBits.s...
compiling tinyEncryptionAlg.c...
C\tinyEncryptionAlg.c(37): warning:  #177-D: variable "result" was declared but never referenced
linking...
Program Size: Code=720 RO-data=424 RW-data=0 ZI-data=1632  
".\obj\tea.axf" - 0 Error(s), 1 Warning(s).
Rebuild target 'Target 1'
assembling startup_stm32f4xx.s...
assembling assemblyBits.s...
compiling tinyEncryptionAlg.c...
C\tinyEncryptionAlg.c(37): warning:  #177-D: variable "result" was declared but never referenced
linking...
Program Size: Code=716 RO-data=424 RW-data=0 ZI-data=1632  
".\obj\tea.axf" - 0 Error(s), 1 Warning(s).
Rebuild target 'Target 1'
assembling startup_stm32f4xx.s...
assembling assemblyBits.s...
compiling tinyEncryptionAlg.c...
C\tinyEncryptionAlg.c(37): warning:  #177-D: variable "result" was declared but never referenced
linking...
Program Size: Code=716 RO-data=424 RW-data=0 ZI-data=1632  
".\obj\tea.axf" - 0 Error(s), 1 Warning(s).
Rebuild target 'Target 1'
assembling startup_stm32f4xx.s...
assembling assemblyBits.s...
compiling tinyEncryptionAlg.c...
C\tinyEncryptionAlg.c(5): error:  #40: expected an identifier
C\tinyEncryptionAlg.c(55): warning:  #223-D: function "Encrypt" declared implicitly
C\tinyEncryptionAlg.c(37): warning:  #177-D: variable "result" was declared but never referenced
Target not created
Rebuild target 'Target 1'
assembling startup_stm32f4xx.s...
assembling assemblyBits.s...
compiling tinyEncryptionAlg.c...
C\tinyEncryptionAlg.c(5): error:  #40: expected an identifier
C\tinyEncryptionAlg.c(55): error:  #268: declaration may not appear after executable statement in block
C\tinyEncryptionAlg.c(56): warning:  #223-D: function "Encrypt" declared implicitly
C\tinyEncryptionAlg.c(37): warning:  #177-D: variable "result" was declared but never referenced
C\tinyEncryptionAlg.c(55): warning:  #550-D: variable "temp" was set but never used
Target not created
Build target 'Target 1'
compiling tinyEncryptionAlg.c...
C\tinyEncryptionAlg.c(55): error:  #268: declaration may not appear after executable statement in block
C\tinyEncryptionAlg.c(56): error:  #513: a value of type "uint32_t *" cannot be assigned to an entity of type "uint32_t"
C\tinyEncryptionAlg.c(37): warning:  #177-D: variable "result" was declared but never referenced
C\tinyEncryptionAlg.c(55): warning:  #550-D: variable "temp" was set but never used
Target not created
Rebuild target 'Target 1'
assembling startup_stm32f4xx.s...
assembling assemblyBits.s...
compiling tinyEncryptionAlg.c...
C\tinyEncryptionAlg.c(37): warning:  #550-D: variable "result" was set but never used
linking...
Program Size: Code=716 RO-data=424 RW-data=0 ZI-data=1632  
".\obj\tea.axf" - 0 Error(s), 1 Warning(s).
Rebuild target 'Target 1'
assembling startup_stm32f4xx.s...
assembling assemblyBits.s...
compiling tinyEncryptionAlg.c...
C\tinyEncryptionAlg.c(55): error:  #513: a value of type "uint32_t *" cannot be assigned to an entity of type "uint32_t"
C\tinyEncryptionAlg.c(37): warning:  #550-D: variable "result" was set but never used
Target not created
Rebuild target 'Target 1'
assembling startup_stm32f4xx.s...
assembling assemblyBits.s...
compiling tinyEncryptionAlg.c...
Rebuild target 'Target 1'
assembling startup_stm32f4xx.s...
assembling assemblyBits.s...
compiling tinyEncryptionAlg.c...
C\tinyEncryptionAlg.c(55): error:  #513: a value of type "uint32_t" cannot be assigned to an entity of type "uint32_t *"
C\tinyEncryptionAlg.c(37): warning:  #550-D: variable "result" was set but never used
Target not created
Rebuild target 'Target 1'
assembling startup_stm32f4xx.s...
assembling assemblyBits.s...
compiling tinyEncryptionAlg.c...
C\tinyEncryptionAlg.c(54): error:  #268: declaration may not appear after executable statement in block
Target not created
Rebuild target 'Target 1'
assembling startup_stm32f4xx.s...
assembling assemblyBits.s...
compiling tinyEncryptionAlg.c...
C\tinyEncryptionAlg.c(36): warning:  #550-D: variable "result" was set but never used
linking...
Program Size: Code=716 RO-data=424 RW-data=0 ZI-data=1632  
".\obj\tea.axf" - 0 Error(s), 1 Warning(s).
Rebuild target 'Target 1'
assembling startup_stm32f4xx.s...
assembling assemblyBits.s...
compiling tinyEncryptionAlg.c...
C\tinyEncryptionAlg.c(57): error:  #268: declaration may not appear after executable statement in block
C\tinyEncryptionAlg.c(57): warning:  #550-D: variable "buf" was set but never used
Target not created
Rebuild target 'Target 1'
assembling startup_stm32f4xx.s...
assembling assemblyBits.s...
compiling tinyEncryptionAlg.c...
C\tinyEncryptionAlg.c(44): warning:  #550-D: variable "buf" was set but never used
linking...
Program Size: Code=692 RO-data=424 RW-data=0 ZI-data=1632  
".\obj\tea.axf" - 0 Error(s), 1 Warning(s).
Rebuild target 'Target 1'
assembling startup_stm32f4xx.s...
assembling assemblyBits.s...
compiling tinyEncryptionAlg.c...
C\tinyEncryptionAlg.c(44): warning:  #550-D: variable "buf" was set but never used
linking...
Program Size: Code=692 RO-data=424 RW-data=0 ZI-data=1632  
".\obj\tea.axf" - 0 Error(s), 1 Warning(s).
Rebuild target 'Target 1'
assembling startup_stm32f4xx.s...
assembling assemblyBits.s...
compiling tinyEncryptionAlg.c...
C\tinyEncryptionAlg.c(44): warning:  #550-D: variable "buf" was set but never used
linking...
Program Size: Code=692 RO-data=424 RW-data=0 ZI-data=1632  
".\obj\tea.axf" - 0 Error(s), 1 Warning(s).
