ARM Linker, 5.03 [Build 69] [MDK-ARM Standard]

==============================================================================

Section Cross References

    system_stm32f4xx.o(.text) refers to system_stm32f4xx.o(.data) for SystemCoreClock
    startup_stm32f4xx.o(RESET) refers to startup_stm32f4xx.o(STACK) for __initial_sp
    startup_stm32f4xx.o(RESET) refers to startup_stm32f4xx.o(.text) for Reset_Handler
    startup_stm32f4xx.o(RESET) refers to hal_cm4.o(.emb_text) for SVC_Handler
    startup_stm32f4xx.o(RESET) refers to accel.o(.text) for EXTI0_IRQHandler
    startup_stm32f4xx.o(.text) refers to system_stm32f4xx.o(.text) for SystemInit
    startup_stm32f4xx.o(.text) refers to entry.o(.ARM.Collect$$$$00000000) for __main
    rtx_conf_cm.o(.ARM.Collect$$$$000000FF) refers to rt_cmsis.o(i.osKernelStart) for osKernelStart
    rtx_conf_cm.o(.ARM.Collect$$$$000000FF) refers to rtx_conf_cm.o(.constdata) for .constdata
    rtx_conf_cm.o(.constdata) refers to rt_cmsis.o(i.osTimerThread) for osTimerThread
    rtx_conf_cm.o(.constdata) refers to rtx_conf_cm.o(.bss) for os_messageQ_q_osTimerMessageQ
    rtx_conf_cm.o(.constdata) refers to main.o(.text) for main
    main.o(.text) refers to cc2500.o(.text) for CC2500_Init
    main.o(.text) refers to stm32f4xx_gpio.o(.text) for GPIO_DeInit
    main.o(.text) refers to rt_cmsis.o(i.osDelay) for osDelay
    cc2500.o(.text) refers to stm32f4xx_spi.o(.text) for SPI_I2S_GetFlagStatus
    cc2500.o(.text) refers to stm32f4xx_gpio.o(.text) for GPIO_ResetBits
    cc2500.o(.text) refers to stm32f4xx_rcc.o(.text) for RCC_APB2PeriphClockCmd
    cc2500.o(.text) refers to cc2500.o(.data) for CC2500Timeout
    keypad.o(.text) refers to stm32f4xx_rcc.o(.text) for RCC_AHB1PeriphClockCmd
    keypad.o(.text) refers to stm32f4xx_gpio.o(.text) for GPIO_Init
    accel.o(.text) refers to stm32f4_discovery_lis302dl.o(.text) for LIS302DL_Read
    accel.o(.text) refers to stm32f4xx_rcc.o(.text) for RCC_APB2PeriphClockCmd
    accel.o(.text) refers to stm32f4xx_syscfg.o(.text) for SYSCFG_EXTILineConfig
    accel.o(.text) refers to stm32f4xx_exti.o(.text) for EXTI_Init
    accel.o(.text) refers to misc.o(.text) for NVIC_Init
    accel.o(.text) refers to filter.o(.text) for Filter_Configuration
    accel.o(.text) refers to dflti.o(.text) for __aeabi_i2d
    accel.o(.text) refers to dadd.o(.text) for __aeabi_dadd
    accel.o(.text) refers to dfixi.o(.text) for __aeabi_d2iz
    accel.o(.text) refers to pow.o(i.__hardfp_pow) for __hardfp_pow
    accel.o(.text) refers to sqrt.o(i.__hardfp_sqrt) for __hardfp_sqrt
    accel.o(.text) refers to ddiv.o(.text) for __aeabi_ddiv
    accel.o(.text) refers to atan.o(i.__hardfp_atan) for __hardfp_atan
    accel.o(.text) refers to dmul.o(.text) for __aeabi_dmul
    accel.o(.text) refers to d2f.o(.text) for __aeabi_d2f
    accel.o(.text) refers to accel.o(.bss) for Filter_Structure_X
    stm32f4_discovery_lis302dl.o(.text) refers to stm32f4xx_spi.o(.text) for SPI_I2S_GetFlagStatus
    stm32f4_discovery_lis302dl.o(.text) refers to stm32f4xx_gpio.o(.text) for GPIO_ResetBits
    stm32f4_discovery_lis302dl.o(.text) refers to stm32f4xx_rcc.o(.text) for RCC_APB2PeriphClockCmd
    stm32f4_discovery_lis302dl.o(.text) refers to stm32f4_discovery_lis302dl.o(.data) for LIS302DLTimeout
    stm32f4xx_adc.o(.text) refers to stm32f4xx_rcc.o(.text) for RCC_APB2PeriphResetCmd
    stm32f4xx_can.o(.text) refers to stm32f4xx_rcc.o(.text) for RCC_APB1PeriphResetCmd
    stm32f4xx_cryp.o(.text) refers to stm32f4xx_rcc.o(.text) for RCC_AHB2PeriphResetCmd
    stm32f4xx_cryp_aes.o(.text) refers to stm32f4xx_cryp.o(.text) for CRYP_KeyStructInit
    stm32f4xx_cryp_des.o(.text) refers to stm32f4xx_cryp.o(.text) for CRYP_KeyStructInit
    stm32f4xx_cryp_tdes.o(.text) refers to stm32f4xx_cryp.o(.text) for CRYP_KeyStructInit
    stm32f4xx_dac.o(.text) refers to stm32f4xx_rcc.o(.text) for RCC_APB1PeriphResetCmd
    stm32f4xx_gpio.o(.text) refers to stm32f4xx_rcc.o(.text) for RCC_AHB1PeriphResetCmd
    stm32f4xx_hash.o(.text) refers to stm32f4xx_rcc.o(.text) for RCC_AHB2PeriphResetCmd
    stm32f4xx_hash_md5.o(.text) refers to stm32f4xx_hash.o(.text) for HASH_DeInit
    stm32f4xx_hash_sha1.o(.text) refers to stm32f4xx_hash.o(.text) for HASH_DeInit
    stm32f4xx_i2c.o(.text) refers to stm32f4xx_rcc.o(.text) for RCC_APB1PeriphResetCmd
    stm32f4xx_pwr.o(.text) refers to stm32f4xx_rcc.o(.text) for RCC_APB1PeriphResetCmd
    stm32f4xx_rcc.o(.text) refers to stm32f4xx_rcc.o(.data) for APBAHBPrescTable
    stm32f4xx_rng.o(.text) refers to stm32f4xx_rcc.o(.text) for RCC_AHB2PeriphResetCmd
    stm32f4xx_sdio.o(.text) refers to stm32f4xx_rcc.o(.text) for RCC_APB2PeriphResetCmd
    stm32f4xx_spi.o(.text) refers to stm32f4xx_rcc.o(.text) for RCC_APB2PeriphResetCmd
    stm32f4xx_syscfg.o(.text) refers to stm32f4xx_rcc.o(.text) for RCC_APB2PeriphResetCmd
    stm32f4xx_tim.o(.text) refers to stm32f4xx_rcc.o(.text) for RCC_APB2PeriphResetCmd
[...]
    Removing rt_cmsis.o(i.svcSemaphoreWait), (54 bytes).
    Removing rt_cmsis.o(i.svcSignalClear), (36 bytes).
    Removing rt_cmsis.o(i.svcSignalGet), (18 bytes).
    Removing rt_cmsis.o(i.svcSignalSet), (36 bytes).
    Removing rt_cmsis.o(i.svcSignalWait), (84 bytes).
    Removing rt_cmsis.o(i.svcThreadGetPriority), (18 bytes).
    Removing rt_cmsis.o(i.svcThreadSetPriority), (46 bytes).
    Removing rt_cmsis.o(i.svcThreadYield), (10 bytes).
    Removing rt_cmsis.o(i.svcTimerCreate), (52 bytes).
    Removing rt_cmsis.o(i.svcTimerStart), (72 bytes).
    Removing rt_cmsis.o(i.svcTimerStop), (36 bytes).
    Removing rt_cmsis.o(i.sysMailAlloc), (112 bytes).
    Removing rt_cmsis.o(i.sysMailFree), (102 bytes).
    Removing rt_cmsis.o(i.sysPoolAlloc), (32 bytes).
    Removing rt_cmsis.o(i.sysPoolFree), (20 bytes).
    Removing rt_task.o(i.rt_tsk_pass), (48 bytes).
    Removing rt_task.o(i.rt_tsk_prio), (116 bytes).
    Removing rt_system.o(.emb_text), (0 bytes).
    Removing rt_system.o(i.rt_tsk_lock), (40 bytes).
    Removing rt_system.o(i.rt_tsk_unlock), (40 bytes).
    Removing rt_event.o(i.isr_evt_set), (40 bytes).
    Removing rt_event.o(i.rt_evt_clr), (28 bytes).
    Removing rt_event.o(i.rt_evt_get), (12 bytes).
    Removing rt_event.o(i.rt_evt_set), (92 bytes).
    Removing rt_event.o(i.rt_evt_wait), (64 bytes).
    Removing rt_list.o(i.rt_get_same_rdy_prio), (36 bytes).
    Removing rt_list.o(i.rt_resort_prio), (52 bytes).
    Removing rt_mailbox.o(i.rt_mbx_send), (172 bytes).
    Removing rt_semaphore.o(i.isr_sem_send), (16 bytes).
    Removing rt_semaphore.o(i.rt_sem_init), (12 bytes).
    Removing rt_semaphore.o(i.rt_sem_send), (42 bytes).
    Removing rt_semaphore.o(i.rt_sem_wait), (60 bytes).
    Removing rt_time.o(i.rt_itv_set), (24 bytes).
    Removing rt_time.o(i.rt_itv_wait), (44 bytes).
    Removing rt_mutex.o(i.rt_mut_init), (16 bytes).
    Removing rt_mutex.o(i.rt_mut_release), (160 bytes).
    Removing rt_mutex.o(i.rt_mut_wait), (100 bytes).
    Removing rt_membox.o(i._calloc_box), (28 bytes).
    Removing dneg.o(.text), (6 bytes).
    Removing cdcmple.o(.text), (40 bytes).

186 unused section(s) (total 27604 bytes) removed from the image.

==============================================================================

Image Symbol Table

    Local Symbols

    Symbol Name                              Value     Ov Type        Size  Object(Section)

    ../RTX_Conf_CM.c                         0x00000000   Number         0  rtx_conf_cm.o ABSOLUTE
    ../clib/microlib/errno.c                 0x00000000   Number         0  errno.o ABSOLUTE
    ../clib/microlib/init/entry.s            0x00000000   Number         0  entry7a.o ABSOLUTE
    ../clib/microlib/init/entry.s            0x00000000   Number         0  entry7b.o ABSOLUTE
    ../clib/microlib/init/entry.s            0x00000000   Number         0  entry.o ABSOLUTE
    ../clib/microlib/init/entry.s            0x00000000   Number         0  entry8b.o ABSOLUTE
    ../clib/microlib/init/entry.s            0x00000000   Number         0  entry8a.o ABSOLUTE
    ../clib/microlib/init/entry.s            0x00000000   Number         0  entry10b.o ABSOLUTE
    ../clib/microlib/init/entry.s            0x00000000   Number         0  entry11a.o ABSOLUTE
    ../clib/microlib/init/entry.s            0x00000000   Number         0  entry11b.o ABSOLUTE
    ../clib/microlib/init/entry.s            0x00000000   Number         0  entry10a.o ABSOLUTE
    ../clib/microlib/init/entry.s            0x00000000   Number         0  entry2.o ABSOLUTE
    ../clib/microlib/init/entry.s            0x00000000   Number         0  entry5.o ABSOLUTE
    ../clib/microlib/longlong.c              0x00000000   Number         0  llsshr.o ABSOLUTE
    ../clib/microlib/longlong.c              0x00000000   Number         0  llshl.o ABSOLUTE
    ../clib/microlib/longlong.c              0x00000000   Number         0  llushr.o ABSOLUTE
    ../clib/microlib/stubs.s                 0x00000000   Number         0  iusefp.o ABSOLUTE
    ../fplib/microlib/d2f.c                  0x00000000   Number         0  d2f.o ABSOLUTE
    ../fplib/microlib/fpadd.c                0x00000000   Number         0  dadd.o ABSOLUTE
    ../fplib/microlib/fpdiv.c                0x00000000   Number         0  ddiv.o ABSOLUTE
    ../fplib/microlib/fpepilogue.c           0x00000000   Number         0  depilogue.o ABSOLUTE
    ../fplib/microlib/fpepilogue.c           0x00000000   Number         0  fepilogue.o ABSOLUTE
    ../fplib/microlib/fpfix.c                0x00000000   Number         0  dfixi.o ABSOLUTE
    ../fplib/microlib/fpflt.c                0x00000000   Number         0  dflti.o ABSOLUTE
    ../fplib/microlib/fpmul.c                0x00000000   Number         0  dmul.o ABSOLUTE
    ../fplib/microlib/fpneg.c                0x00000000   Number         0  dneg.o ABSOLUTE
    ../fplib/microlib/fpscalb.c              0x00000000   Number         0  dscalb.o ABSOLUTE
    ../fplib/microlib/fpsqrt.c               0x00000000   Number         0  dsqrt.o ABSOLUTE
    ../main.c                                0x00000000   Number         0  main.o ABSOLUTE
    ../mathlib/atan.c                        0x00000000   Number         0  atan_x.o ABSOLUTE
    ../mathlib/atan.c                        0x00000000   Number         0  atan.o ABSOLUTE
    ../mathlib/dunder.c                      0x00000000   Number         0  dunder.o ABSOLUTE
    ../mathlib/fabs.c                        0x00000000   Number         0  fabs.o ABSOLUTE
    ../mathlib/fpclassify.c                  0x00000000   Number         0  fpclassify.o ABSOLUTE
    ../mathlib/poly.c                        0x00000000   Number         0  poly.o ABSOLUTE
    ../mathlib/pow.c                         0x00000000   Number         0  pow_x.o ABSOLUTE
    ../mathlib/pow.c                         0x00000000   Number         0  pow.o ABSOLUTE
    ../mathlib/qnan.c                        0x00000000   Number         0  qnan.o ABSOLUTE
    ../mathlib/sqrt.c                        0x00000000   Number         0  sqrt_x.o ABSOLUTE
    ../mathlib/sqrt.c                        0x00000000   Number         0  sqrt.o ABSOLUTE
    ../startup_stm32f4xx.s                   0x00000000   Number         0  startup_stm32f4xx.o ABSOLUTE
    ../system_stm32f4xx.c                    0x00000000   Number         0  system_stm32f4xx.o ABSOLUTE
    ..\HAL_CM.c                              0x00000000   Number         0  hal_cm.o ABSOLUTE
    ..\STM32F4xx_StdPeriph_Driver\src\misc.c 0x00000000   Number         0  misc.o ABSOLUTE
    ..\STM32F4xx_StdPeriph_Driver\src\stm32f4xx_adc.c 0x00000000   Number         0  stm32f4xx_adc.o ABSOLUTE
    ..\STM32F4xx_StdPeriph_Driver\src\stm32f4xx_can.c 0x00000000   Number         0  stm32f4xx_can.o ABSOLUTE
    ..\STM32F4xx_StdPeriph_Driver\src\stm32f4xx_crc.c 0x00000000   Number         0  stm32f4xx_crc.o ABSOLUTE
    ..\STM32F4xx_StdPeriph_Driver\src\stm32f4xx_cryp.c 0x00000000   Number         0  stm32f4xx_cryp.o ABSOLUTE
    ..\STM32F4xx_StdPeriph_Driver\src\stm32f4xx_cryp_aes.c 0x00000000   Number         0  stm32f4xx_cryp_aes.o ABSOLUTE
    ..\STM32F4xx_StdPeriph_Driver\src\stm32f4xx_cryp_des.c 0x00000000   Number         0  stm32f4xx_cryp_des.o ABSOLUTE
    ..\STM32F4xx_StdPeriph_Driver\src\stm32f4xx_cryp_tdes.c 0x00000000   Number         0  stm32f4xx_cryp_tdes.o ABSOLUTE
    ..\STM32F4xx_StdPeriph_Driver\src\stm32f4xx_dac.c 0x00000000   Number         0  stm32f4xx_dac.o ABSOLUTE
    ..\STM32F4xx_StdPeriph_Driver\src\stm32f4xx_dbgmcu.c 0x00000000   Number         0  stm32f4xx_dbgmcu.o ABSOLUTE
    ..\STM32F4xx_StdPeriph_Driver\src\stm32f4xx_dcmi.c 0x00000000   Number         0  stm32f4xx_dcmi.o ABSOLUTE
    ..\STM32F4xx_StdPeriph_Driver\src\stm32f4xx_dma.c 0x00000000   Number         0  stm32f4xx_dma.o ABSOLUTE
    ..\STM32F4xx_StdPeriph_Driver\src\stm32f4xx_exti.c 0x00000000   Number         0  stm32f4xx_exti.o ABSOLUTE
    ..\STM32F4xx_StdPeriph_Driver\src\stm32f4xx_flash.c 0x00000000   Number         0  stm32f4xx_flash.o ABSOLUTE
    ..\STM32F4xx_StdPeriph_Driver\src\stm32f4xx_fsmc.c 0x00000000   Number         0  stm32f4xx_fsmc.o ABSOLUTE
    ..\STM32F4xx_StdPeriph_Driver\src\stm32f4xx_gpio.c 0x00000000   Number         0  stm32f4xx_gpio.o ABSOLUTE
    ..\STM32F4xx_StdPeriph_Driver\src\stm32f4xx_hash.c 0x00000000   Number         0  stm32f4xx_hash.o ABSOLUTE
    ..\STM32F4xx_StdPeriph_Driver\src\stm32f4xx_hash_md5.c 0x00000000   Number         0  stm32f4xx_hash_md5.o ABSOLUTE
    ..\STM32F4xx_StdPeriph_Driver\src\stm32f4xx_hash_sha1.c 0x00000000   Number         0  stm32f4xx_hash_sha1.o ABSOLUTE
    ..\STM32F4xx_StdPeriph_Driver\src\stm32f4xx_i2c.c 0x00000000   Number         0  stm32f4xx_i2c.o ABSOLUTE
    ..\STM32F4xx_StdPeriph_Driver\src\stm32f4xx_iwdg.c 0x00000000   Number         0  stm32f4xx_iwdg.o ABSOLUTE
    ..\STM32F4xx_StdPeriph_Driver\src\stm32f4xx_pwr.c 0x00000000   Number         0  stm32f4xx_pwr.o ABSOLUTE
    ..\STM32F4xx_StdPeriph_Driver\src\stm32f4xx_rcc.c 0x00000000   Number         0  stm32f4xx_rcc.o ABSOLUTE
    ..\STM32F4xx_StdPeriph_Driver\src\stm32f4xx_rng.c 0x00000000   Number         0  stm32f4xx_rng.o ABSOLUTE
    ..\STM32F4xx_StdPeriph_Driver\src\stm32f4xx_rtc.c 0x00000000   Number         0  stm32f4xx_rtc.o ABSOLUTE
    ..\STM32F4xx_StdPeriph_Driver\src\stm32f4xx_sdio.c 0x00000000   Number         0  stm32f4xx_sdio.o ABSOLUTE
    ..\STM32F4xx_StdPeriph_Driver\src\stm32f4xx_spi.c 0x00000000   Number         0  stm32f4xx_spi.o ABSOLUTE
    ..\STM32F4xx_StdPeriph_Driver\src\stm32f4xx_syscfg.c 0x00000000   Number         0  stm32f4xx_syscfg.o ABSOLUTE
    ..\STM32F4xx_StdPeriph_Driver\src\stm32f4xx_tim.c 0x00000000   Number         0  stm32f4xx_tim.o ABSOLUTE
    ..\STM32F4xx_StdPeriph_Driver\src\stm32f4xx_usart.c 0x00000000   Number         0  stm32f4xx_usart.o ABSOLUTE
    ..\STM32F4xx_StdPeriph_Driver\src\stm32f4xx_wwdg.c 0x00000000   Number         0  stm32f4xx_wwdg.o ABSOLUTE
    ..\\STM32F4xx_StdPeriph_Driver\\src\\misc.c 0x00000000   Number         0  misc.o ABSOLUTE
    ..\\STM32F4xx_StdPeriph_Driver\\src\\stm32f4xx_adc.c 0x00000000   Number         0  stm32f4xx_adc.o ABSOLUTE
    ..\\STM32F4xx_StdPeriph_Driver\\src\\stm32f4xx_can.c 0x00000000   Number         0  stm32f4xx_can.o ABSOLUTE
    ..\\STM32F4xx_StdPeriph_Driver\\src\\stm32f4xx_crc.c 0x00000000   Number         0  stm32f4xx_crc.o ABSOLUTE
    ..\\STM32F4xx_StdPeriph_Driver\\src\\stm32f4xx_cryp.c 0x00000000   Number         0  stm32f4xx_cryp.o ABSOLUTE
    ..\\STM32F4xx_StdPeriph_Driver\\src\\stm32f4xx_cryp_aes.c 0x00000000   Number         0  stm32f4xx_cryp_aes.o ABSOLUTE
    ..\\STM32F4xx_StdPeriph_Driver\\src\\stm32f4xx_cryp_des.c 0x00000000   Number         0  stm32f4xx_cryp_des.o ABSOLUTE
    ..\\STM32F4xx_StdPeriph_Driver\\src\\stm32f4xx_cryp_tdes.c 0x00000000   Number         0  stm32f4xx_cryp_tdes.o ABSOLUTE
    ..\\STM32F4xx_StdPeriph_Driver\\src\\stm32f4xx_dac.c 0x00000000   Number         0  stm32f4xx_dac.o ABSOLUTE
    ..\\STM32F4xx_StdPeriph_Driver\\src\\stm32f4xx_dbgmcu.c 0x00000000   Number         0  stm32f4xx_dbgmcu.o ABSOLUTE
    ..\\STM32F4xx_StdPeriph_Driver\\src\\stm32f4xx_dcmi.c 0x00000000   Number         0  stm32f4xx_dcmi.o ABSOLUTE
    ..\\STM32F4xx_StdPeriph_Driver\\src\\stm32f4xx_dma.c 0x00000000   Number         0  stm32f4xx_dma.o ABSOLUTE
    ..\\STM32F4xx_StdPeriph_Driver\\src\\stm32f4xx_exti.c 0x00000000   Number         0  stm32f4xx_exti.o ABSOLUTE
    ..\\STM32F4xx_StdPeriph_Driver\\src\\stm32f4xx_flash.c 0x00000000   Number         0  stm32f4xx_flash.o ABSOLUTE
    ..\\STM32F4xx_StdPeriph_Driver\\src\\stm32f4xx_fsmc.c 0x00000000   Number         0  stm32f4xx_fsmc.o ABSOLUTE
    ..\\STM32F4xx_StdPeriph_Driver\\src\\stm32f4xx_gpio.c 0x00000000   Number         0  stm32f4xx_gpio.o ABSOLUTE
    ..\\STM32F4xx_StdPeriph_Driver\\src\\stm32f4xx_hash.c 0x00000000   Number         0  stm32f4xx_hash.o ABSOLUTE
    ..\\STM32F4xx_StdPeriph_Driver\\src\\stm32f4xx_hash_md5.c 0x00000000   Number         0  stm32f4xx_hash_md5.o ABSOLUTE
    ..\\STM32F4xx_StdPeriph_Driver\\src\\stm32f4xx_hash_sha1.c 0x00000000   Number         0  stm32f4xx_hash_sha1.o ABSOLUTE
    ..\\STM32F4xx_StdPeriph_Driver\\src\\stm32f4xx_i2c.c 0x00000000   Number         0  stm32f4xx_i2c.o ABSOLUTE
    ..\\STM32F4xx_StdPeriph_Driver\\src\\stm32f4xx_iwdg.c 0x00000000   Number         0  stm32f4xx_iwdg.o ABSOLUTE
    ..\\STM32F4xx_StdPeriph_Driver\\src\\stm32f4xx_pwr.c 0x00000000   Number         0  stm32f4xx_pwr.o ABSOLUTE
    ..\\STM32F4xx_StdPeriph_Driver\\src\\stm32f4xx_rcc.c 0x00000000   Number         0  stm32f4xx_rcc.o ABSOLUTE
    ..\\STM32F4xx_StdPeriph_Driver\\src\\stm32f4xx_rng.c 0x00000000   Number         0  stm32f4xx_rng.o ABSOLUTE
    ..\\STM32F4xx_StdPeriph_Driver\\src\\stm32f4xx_rtc.c 0x00000000   Number         0  stm32f4xx_rtc.o ABSOLUTE
    ..\\STM32F4xx_StdPeriph_Driver\\src\\stm32f4xx_sdio.c 0x00000000   Number         0  stm32f4xx_sdio.o ABSOLUTE
    ..\\STM32F4xx_StdPeriph_Driver\\src\\stm32f4xx_spi.c 0x00000000   Number         0  stm32f4xx_spi.o ABSOLUTE
    ..\\STM32F4xx_StdPeriph_Driver\\src\\stm32f4xx_syscfg.c 0x00000000   Number         0  stm32f4xx_syscfg.o ABSOLUTE
    ..\\STM32F4xx_StdPeriph_Driver\\src\\stm32f4xx_tim.c 0x00000000   Number         0  stm32f4xx_tim.o ABSOLUTE
    ..\\STM32F4xx_StdPeriph_Driver\\src\\stm32f4xx_usart.c 0x00000000   Number         0  stm32f4xx_usart.o ABSOLUTE
    ..\\STM32F4xx_StdPeriph_Driver\\src\\stm32f4xx_wwdg.c 0x00000000   Number         0  stm32f4xx_wwdg.o ABSOLUTE
    ..\\rt_CMSIS.c                           0x00000000   Number         0  rt_cmsis.o ABSOLUTE
    ..\\rt_System.c                          0x00000000   Number         0  rt_system.o ABSOLUTE
    ..\\src\\ACCEL.c                         0x00000000   Number         0  accel.o ABSOLUTE
    ..\\src\\CC2500.c                        0x00000000   Number         0  cc2500.o ABSOLUTE
    ..\\src\\KEYPAD.c                        0x00000000   Number         0  keypad.o ABSOLUTE
    ..\\src\\stm32f4_discovery_lis302dl.c    0x00000000   Number         0  stm32f4_discovery_lis302dl.o ABSOLUTE
    ..\main.c                                0x00000000   Number         0  main.o ABSOLUTE
    ..\rt_CMSIS.c                            0x00000000   Number         0  rt_cmsis.o ABSOLUTE
    ..\rt_Event.c                            0x00000000   Number         0  rt_event.o ABSOLUTE
    ..\rt_List.c                             0x00000000   Number         0  rt_list.o ABSOLUTE
    ..\rt_Mailbox.c                          0x00000000   Number         0  rt_mailbox.o ABSOLUTE
    ..\rt_MemBox.c                           0x00000000   Number         0  rt_membox.o ABSOLUTE
    ..\rt_Memory.c                           0x00000000   Number         0  rt_memory.o ABSOLUTE
    ..\rt_Mutex.c                            0x00000000   Number         0  rt_mutex.o ABSOLUTE
    ..\rt_Robin.c                            0x00000000   Number         0  rt_robin.o ABSOLUTE
    ..\rt_Semaphore.c                        0x00000000   Number         0  rt_semaphore.o ABSOLUTE
    ..\rt_System.c                           0x00000000   Number         0  rt_system.o ABSOLUTE
    ..\rt_Task.c                             0x00000000   Number         0  rt_task.o ABSOLUTE
    ..\rt_Time.c                             0x00000000   Number         0  rt_time.o ABSOLUTE
    ..\src\ACCEL.c                           0x00000000   Number         0  accel.o ABSOLUTE
    ..\src\CC2500.c                          0x00000000   Number         0  cc2500.o ABSOLUTE
    ..\src\KEYPAD.c                          0x00000000   Number         0  keypad.o ABSOLUTE
    ..\src\filter.c                          0x00000000   Number         0  filter.o ABSOLUTE
    ..\src\stm32f4_discovery_lis302dl.c      0x00000000   Number         0  stm32f4_discovery_lis302dl.o ABSOLUTE
    ..\system_stm32f4xx.c                    0x00000000   Number         0  system_stm32f4xx.o ABSOLUTE
    HAL_CM4.c                                0x00000000   Number         0  hal_cm4.o ABSOLUTE
    HAL_CM4.c                                0x00000000   Number         0  hal_cm4.o ABSOLUTE
    SVC_Table.s                              0x00000000   Number         0  SVC_Table.o ABSOLUTE
    cdcmple.s                                0x00000000   Number         0  cdcmple.o ABSOLUTE
    cdrcmple.s                               0x00000000   Number         0  cdrcmple.o ABSOLUTE
    dc.s                                     0x00000000   Number         0  dc.o ABSOLUTE
    handlers.s                               0x00000000   Number         0  handlers.o ABSOLUTE
    init.s                                   0x00000000   Number         0  init.o ABSOLUTE
    RESET                                    0x08000000   Section      392  startup_stm32f4xx.o(RESET)
    .ARM.Collect$$$$00000000                 0x08000188   Section        0  entry.o(.ARM.Collect$$$$00000000)
    .ARM.Collect$$$$00000001                 0x08000188   Section        4  entry2.o(.ARM.Collect$$$$00000001)
    .ARM.Collect$$$$00000004                 0x0800018c   Section        4  entry5.o(.ARM.Collect$$$$00000004)
    .ARM.Collect$$$$00000008                 0x08000190   Section        0  entry7b.o(.ARM.Collect$$$$00000008)
    .ARM.Collect$$$$0000000A                 0x08000190   Section        0  entry8b.o(.ARM.Collect$$$$0000000A)
    .ARM.Collect$$$$0000000D                 0x08000190   Section        0  entry10a.o(.ARM.Collect$$$$0000000D)
    .ARM.Collect$$$$0000000F                 0x08000190   Section        0  entry11a.o(.ARM.Collect$$$$0000000F)
    .ARM.Collect$$$$000000FF                 0x08000190   Section        0  rtx_conf_cm.o(.ARM.Collect$$$$000000FF)
    .ARM.Collect$$$$00002712                 0x080001a0   Section        4  entry2.o(.ARM.Collect$$$$00002712)
    __lit__00000000                          0x080001a0   Data           4  entry2.o(.ARM.Collect$$$$00002712)
    .emb_text                                0x080001a4   Section      372  hal_cm4.o(.emb_text)
    $v0                                      0x080001a4   Number         0  hal_cm4.o(.emb_text)
    .text                                    0x08000318   Section        0  system_stm32f4xx.o(.text)
    SetSysClock                              0x08000319   Thumb Code   218  system_stm32f4xx.o(.text)
    .text                                    0x08000524   Section       36  startup_stm32f4xx.o(.text)
    $v0                                      0x08000524   Number         0  startup_stm32f4xx.o(.text)
    .text                                    0x08000548   Section        0  rtx_conf_cm.o(.text)
    .text                                    0x08000550   Section        0  main.o(.text)
    .text                                    0x08000578   Section        0  cc2500.o(.text)
    CC2500_SendByte                          0x08000585   Thumb Code    66  cc2500.o(.text)
    CC2500_LowLevel_Init                     0x080006c7   Thumb Code   306  cc2500.o(.text)
    .text                                    0x08000ab0   Section        0  accel.o(.text)
    .text                                    0x08000e94   Section        0  stm32f4_discovery_lis302dl.o(.text)
    LIS302DL_SendByte                        0x08000e99   Thumb Code    98  stm32f4_discovery_lis302dl.o(.text)
    LIS302DL_LowLevel_Init                   0x08000f35   Thumb Code   294  stm32f4_discovery_lis302dl.o(.text)
    .text                                    0x08001254   Section        0  filter.o(.text)
    .text                                    0x080012f4   Section        0  misc.o(.text)
    .text                                    0x080013d8   Section        0  stm32f4xx_exti.o(.text)
    .text                                    0x080014f4   Section        0  stm32f4xx_gpio.o(.text)
    .text                                    0x08001750   Section        0  stm32f4xx_rcc.o(.text)
    .text                                    0x08001cd8   Section        0  stm32f4xx_spi.o(.text)
    .text                                    0x080020cc   Section        0  stm32f4xx_syscfg.o(.text)
    .text                                    0x08002158   Section        0  dadd.o(.text)
    .text                                    0x080022a6   Section        0  dmul.o(.text)
    .text                                    0x0800238a   Section        0  ddiv.o(.text)
    .text                                    0x08002468   Section        0  dflti.o(.text)
    .text                                    0x0800248a   Section        0  dfixi.o(.text)
    .text                                    0x080024c8   Section        0  d2f.o(.text)
    .text                                    0x08002500   Section        0  llshl.o(.text)
    .text                                    0x0800251e   Section        0  llushr.o(.text)
    .text                                    0x0800253e   Section        0  llsshr.o(.text)
    .text                                    0x08002562   Section        0  fepilogue.o(.text)
    .text                                    0x08002562   Section        0  iusefp.o(.text)
    .text                                    0x080025ce   Section        0  depilogue.o(.text)
    .text                                    0x0800268c   Section        0  dscalb.o(.text)
    .text                                    0x080026ba   Section        0  dsqrt.o(.text)
    .text                                    0x0800275c   Section       40  cdrcmple.o(.text)
    .text                                    0x08002784   Section       36  init.o(.text)
    SVC_TABLE                                0x080027a8   Section        4  SVC_Table.o(SVC_TABLE)
    i.__ARM_fpclassify                       0x080027ac   Section        0  fpclassify.o(i.__ARM_fpclassify)
    i.__hardfp_atan                          0x080027e0   Section        0  atan.o(i.__hardfp_atan)
    i.__hardfp_pow                           0x08002ac8   Section        0  pow.o(i.__hardfp_pow)
    i.__hardfp_sqrt                          0x08003758   Section        0  sqrt.o(i.__hardfp_sqrt)
    i.__kernel_poly                          0x080037d2   Section        0  poly.o(i.__kernel_poly)
    i.__mathlib_dbl_underflow                0x080038d0   Section        0  dunder.o(i.__mathlib_dbl_underflow)
    i.__scatterload_copy                     0x080038f0   Section       14  handlers.o(i.__scatterload_copy)
    i.__scatterload_null                     0x080038fe   Section        2  handlers.o(i.__scatterload_null)
    i.__scatterload_zeroinit                 0x08003900   Section       14  handlers.o(i.__scatterload_zeroinit)
    i.__set_errno                            0x08003910   Section        0  errno.o(i.__set_errno)
    i._init_box                              0x0800391c   Section        0  rt_membox.o(i._init_box)
    i.dbg_init                               0x08003964   Section        0  hal_cm.o(i.dbg_init)
    i.dbg_task_notify                        0x08003994   Section        0  hal_cm.o(i.dbg_task_notify)
    i.dbg_task_switch                        0x080039b4   Section        0  hal_cm.o(i.dbg_task_switch)
    i.fabs                                   0x080039c4   Section        0  fabs.o(i.fabs)
    i.isrMessagePut                          0x080039e4   Section        0  rt_cmsis.o(i.isrMessagePut)
    isrMessagePut                            0x080039e5   Thumb Code    44  rt_cmsis.o(i.isrMessagePut)
    i.isr_mbx_receive                        0x08003a10   Section        0  rt_mailbox.o(i.isr_mbx_receive)
    i.isr_mbx_send                           0x08003a60   Section        0  rt_mailbox.o(i.isr_mbx_send)
    i.osDelay                                0x08003a70   Section        0  rt_cmsis.o(i.osDelay)
    i.osKernelStart                          0x08003a88   Section        0  rt_cmsis.o(i.osKernelStart)
    i.osMessageGet                           0x08003af0   Section        0  rt_cmsis.o(i.osMessageGet)
    i.osThreadExit                           0x08003b34   Section        0  rt_cmsis.o(i.osThreadExit)
    i.osTimerCall                            0x08003b4c   Section        0  rt_cmsis.o(i.osTimerCall)
    i.osTimerThread                          0x08003b58   Section        0  rt_cmsis.o(i.osTimerThread)
    i.rt_alloc_box                           0x08003b84   Section        0  rt_membox.o(i.rt_alloc_box)
    i.rt_alloc_mem                           0x08003ba0   Section        0  rt_memory.o(i.rt_alloc_mem)
    i.rt_block                               0x08003bdc   Section        0  rt_task.o(i.rt_block)
    i.rt_chk_robin                           0x08003c14   Section        0  rt_robin.o(i.rt_chk_robin)
    i.rt_dec_dly                             0x08003c5c   Section        0  rt_list.o(i.rt_dec_dly)
    i.rt_dispatch                            0x08003ccc   Section        0  rt_task.o(i.rt_dispatch)
    i.rt_dly_wait                            0x08003d10   Section        0  rt_time.o(i.rt_dly_wait)
    i.rt_evt_psh                             0x08003d18   Section        0  rt_event.o(i.rt_evt_psh)
    i.rt_free_box                            0x08003d68   Section        0  rt_membox.o(i.rt_free_box)
    i.rt_free_mem                            0x08003d88   Section        0  rt_memory.o(i.rt_free_mem)
    i.rt_get_first                           0x08003db0   Section        0  rt_list.o(i.rt_get_first)
    i.rt_id2obj                              0x08003dd8   Section        0  rt_cmsis.o(i.rt_id2obj)
    rt_id2obj                                0x08003dd9   Thumb Code     8  rt_cmsis.o(i.rt_id2obj)
    i.rt_init_context                        0x08003de0   Section        0  rt_task.o(i.rt_init_context)
    rt_init_context                          0x08003de1   Thumb Code    60  rt_task.o(i.rt_init_context)
    i.rt_init_mem                            0x08003e20   Section        0  rt_memory.o(i.rt_init_mem)
    i.rt_init_robin                          0x08003e3c   Section        0  rt_robin.o(i.rt_init_robin)
    i.rt_init_stack                          0x08003e54   Section        0  hal_cm.o(i.rt_init_stack)
    i.rt_mbx_check                           0x08003ea4   Section        0  rt_mailbox.o(i.rt_mbx_check)
    i.rt_mbx_init                            0x08003eac   Section        0  rt_mailbox.o(i.rt_mbx_init)
    i.rt_mbx_psh                             0x08003ec8   Section        0  rt_mailbox.o(i.rt_mbx_psh)
    i.rt_mbx_wait                            0x08003fc4   Section        0  rt_mailbox.o(i.rt_mbx_wait)
    i.rt_ms2tick                             0x08004078   Section        0  rt_cmsis.o(i.rt_ms2tick)
    rt_ms2tick                               0x08004079   Thumb Code    50  rt_cmsis.o(i.rt_ms2tick)
    i.rt_pop_req                             0x080040b4   Section        0  rt_system.o(i.rt_pop_req)
    i.rt_psh_req                             0x0800412c   Section        0  rt_system.o(i.rt_psh_req)
    i.rt_psq_enq                             0x0800414c   Section        0  rt_list.o(i.rt_psq_enq)
    i.rt_put_dly                             0x080041a4   Section        0  rt_list.o(i.rt_put_dly)
    i.rt_put_prio                            0x08004200   Section        0  rt_list.o(i.rt_put_prio)
    i.rt_put_rdy_first                       0x08004238   Section        0  rt_list.o(i.rt_put_rdy_first)
    i.rt_ret_regs                            0x0800424c   Section        0  hal_cm.o(i.rt_ret_regs)
    rt_ret_regs                              0x0800424d   Thumb Code    16  hal_cm.o(i.rt_ret_regs)
    i.rt_ret_val                             0x0800425c   Section        0  hal_cm.o(i.rt_ret_val)
    i.rt_ret_val2                            0x08004268   Section        0  hal_cm.o(i.rt_ret_val2)
    i.rt_rmv_dly                             0x08004278   Section        0  rt_list.o(i.rt_rmv_dly)
    i.rt_rmv_list                            0x080042a0   Section        0  rt_list.o(i.rt_rmv_list)
    i.rt_sem_psh                             0x080042d0   Section        0  rt_semaphore.o(i.rt_sem_psh)
    i.rt_stk_check                           0x08004304   Section        0  rt_system.o(i.rt_stk_check)
    i.rt_switch_req                          0x08004328   Section        0  rt_task.o(i.rt_switch_req)
    i.rt_sys_init                            0x08004350   Section        0  rt_task.o(i.rt_sys_init)
    i.rt_systick                             0x08004490   Section        0  rt_system.o(i.rt_systick)
    i.rt_tid2ptcb                            0x080044cc   Section        0  rt_cmsis.o(i.rt_tid2ptcb)
    rt_tid2ptcb                              0x080044cd   Thumb Code    18  rt_cmsis.o(i.rt_tid2ptcb)
    i.rt_timer_insert                        0x080044e0   Section        0  rt_cmsis.o(i.rt_timer_insert)
    rt_timer_insert                          0x080044e1   Thumb Code    56  rt_cmsis.o(i.rt_timer_insert)
    i.rt_tsk_create                          0x0800451c   Section        0  rt_task.o(i.rt_tsk_create)
    i.rt_tsk_delete                          0x0800459c   Section        0  rt_task.o(i.rt_tsk_delete)
    i.rt_tsk_self                            0x08004648   Section        0  rt_task.o(i.rt_tsk_self)
    i.sqrt                                   0x08004658   Section        0  sqrt.o(i.sqrt)
    i.svcDelay                               0x080046c6   Section        0  rt_cmsis.o(i.svcDelay)
    i.svcKernelStart                         0x080046dc   Section        0  rt_cmsis.o(i.svcKernelStart)
    i.svcMessageCreate                       0x080047b0   Section        0  rt_cmsis.o(i.svcMessageCreate)
    i.svcMessageGet                          0x080047d4   Section        0  rt_cmsis.o(i.svcMessageGet)
    i.svcThreadCreate                        0x08004810   Section        0  rt_cmsis.o(i.svcThreadCreate)
    i.svcThreadGetId                         0x08004880   Section        0  rt_cmsis.o(i.svcThreadGetId)
    i.svcThreadTerminate                     0x0800489c   Section        0  rt_cmsis.o(i.svcThreadTerminate)
    i.svcTimerCall                           0x080048d4   Section        0  rt_cmsis.o(i.svcTimerCall)
    i.sysTimerTick                           0x080048ec   Section        0  rt_cmsis.o(i.sysTimerTick)
    .constdata                               0x08004940   Section       88  rtx_conf_cm.o(.constdata)
    __tagsym$$used                           0x08004954   Number         0  rtx_conf_cm.o(.constdata)
    __tagsym$$used                           0x08004958   Number         0  rtx_conf_cm.o(.constdata)
    .constdata                               0x08004998   Section      152  atan.o(.constdata)
    atanhi                                   0x08004998   Data          32  atan.o(.constdata)
    atanlo                                   0x080049b8   Data          32  atan.o(.constdata)
    aTodd                                    0x080049d8   Data          40  atan.o(.constdata)
    aTeven                                   0x08004a00   Data          48  atan.o(.constdata)
    .constdata                               0x08004a30   Section      136  pow.o(.constdata)
    bp                                       0x08004a30   Data          16  pow.o(.constdata)
    dp_h                                     0x08004a40   Data          16  pow.o(.constdata)
    dp_l                                     0x08004a50   Data          16  pow.o(.constdata)
    L                                        0x08004a60   Data          48  pow.o(.constdata)
    P                                        0x08004a90   Data          40  pow.o(.constdata)
    .constdata                               0x08004ab8   Section        8  qnan.o(.constdata)
    .bss                                     0x10000000   Section     6992  rtx_conf_cm.o(.bss)
    .data                                    0x20000000   Section       20  system_stm32f4xx.o(.data)
    .data                                    0x20000014   Section       16  rtx_conf_cm.o(.data)
    .data                                    0x20000024   Section        5  cc2500.o(.data)
    .data                                    0x2000002c   Section        4  stm32f4_discovery_lis302dl.o(.data)
    .data                                    0x20000030   Section       16  stm32f4xx_rcc.o(.data)
    APBAHBPrescTable                         0x20000030   Data          16  stm32f4xx_rcc.o(.data)
    .data                                    0x20000040   Section        4  rt_cmsis.o(.data)
    .data                                    0x20000044   Section        8  rt_task.o(.data)
    .data                                    0x2000004c   Section        3  rt_system.o(.data)
    os_lock                                  0x2000004c   Data           1  rt_system.o(.data)
    os_psh_flag                              0x2000004d   Data           1  rt_system.o(.data)
    pend_flags                               0x2000004e   Data           1  rt_system.o(.data)
    .data                                    0x20000050   Section        2  rt_time.o(.data)
    .data                                    0x20000052   Section        1  hal_cm.o(.data)
    .data                                    0x20000054   Section        8  rt_robin.o(.data)
    .data                                    0x2000005c   Section        4  errno.o(.data)
    _errno                                   0x2000005c   Data           4  errno.o(.data)
    .bss                                     0x20000060   Section      180  accel.o(.bss)
    .bss                                     0x20000114   Section       48  rt_task.o(.bss)
    .bss                                     0x20000144   Section       48  rt_list.o(.bss)
    STACK                                    0x20000178   Section     1024  startup_stm32f4xx.o(STACK)

    Global Symbols

    Symbol Name                              Value     Ov Type        Size  Object(Section)

    BuildAttributes$$THM_ISAv4$E$P$D$K$B$S$7EM$VFPi3$EXTD16$VFPS$VFMA$PE$A:L22UL41UL21$X:L11$S22US41US21$IEEE1$IW$USESV6$~STKCKD$USESV7$~SHL$OTIME$ROPI$IEEEX$EBA8$MICROLIB$REQ8$PRES8$EABIv2 0x00000000   Number         0  anon$$obj.o ABSOLUTE
    __ARM_use_no_argv                        0x00000000   Number         0  main.o ABSOLUTE
    __cpp_initialize__aeabi_                  - Undefined Weak Reference
    __cxa_finalize                            - Undefined Weak Reference
    __decompress                              - Undefined Weak Reference
    _clock_init                               - Undefined Weak Reference
    _microlib_exit                            - Undefined Weak Reference
    __Vectors_Size                           0x00000188   Number         0  startup_stm32f4xx.o ABSOLUTE
    __RL_RTX_VER                             0x00000422   Number         0  rt_system.o ABSOLUTE
    __Vectors                                0x08000000   Data           4  startup_stm32f4xx.o(RESET)
    __Vectors_End                            0x08000188   Data           0  startup_stm32f4xx.o(RESET)
    __main                                   0x08000189   Thumb Code     0  entry.o(.ARM.Collect$$$$00000000)
    _main_stk                                0x08000189   Thumb Code     0  entry2.o(.ARM.Collect$$$$00000001)
    _main_scatterload                        0x0800018d   Thumb Code     0  entry5.o(.ARM.Collect$$$$00000004)
    __main_after_scatterload                 0x08000191   Thumb Code     0  entry5.o(.ARM.Collect$$$$00000004)
    __rt_final_cpp                           0x08000191   Thumb Code     0  entry10a.o(.ARM.Collect$$$$0000000D)
    __rt_final_exit                          0x08000191   Thumb Code     0  entry11a.o(.ARM.Collect$$$$0000000F)
    _main_clock                              0x08000191   Thumb Code     0  entry7b.o(.ARM.Collect$$$$00000008)
    _main_cpp_init                           0x08000191   Thumb Code     0  entry8b.o(.ARM.Collect$$$$0000000A)
    _main_init                               0x08000191   Thumb Code    10  rtx_conf_cm.o(.ARM.Collect$$$$000000FF)
    rt_set_PSP                               0x080001a5   Thumb Code     6  hal_cm4.o(.emb_text)
    os_set_env                               0x080001ab   Thumb Code    26  hal_cm4.o(.emb_text)
    _alloc_box                               0x080001c9   Thumb Code    28  hal_cm4.o(.emb_text)
    _free_box                                0x080001e9   Thumb Code    28  hal_cm4.o(.emb_text)
    SVC_Handler                              0x08000209   Thumb Code   152  hal_cm4.o(.emb_text)
    PendSV_Handler                           0x080002ad   Thumb Code     0  hal_cm4.o(.emb_text)
    Sys_Handler                              0x080002ad   Thumb Code   104  hal_cm4.o(.emb_text)
    SysTick_Handler                          0x0800030d   Thumb Code     0  hal_cm4.o(.emb_text)
    SystemInit                               0x080003f3   Thumb Code    88  system_stm32f4xx.o(.text)
    SystemCoreClockUpdate                    0x0800044b   Thumb Code   174  system_stm32f4xx.o(.text)
    Reset_Handler                            0x08000525   Thumb Code     8  startup_stm32f4xx.o(.text)
    NMI_Handler                              0x0800052d   Thumb Code     2  startup_stm32f4xx.o(.text)
    HardFault_Handler                        0x0800052f   Thumb Code     2  startup_stm32f4xx.o(.text)
    MemManage_Handler                        0x08000531   Thumb Code     2  startup_stm32f4xx.o(.text)
    BusFault_Handler                         0x08000533   Thumb Code     2  startup_stm32f4xx.o(.text)
    UsageFault_Handler                       0x08000535   Thumb Code     2  startup_stm32f4xx.o(.text)
    DebugMon_Handler                         0x08000539   Thumb Code     2  startup_stm32f4xx.o(.text)
    ADC_IRQHandler                           0x0800053f   Thumb Code     0  startup_stm32f4xx.o(.text)
    CAN1_RX0_IRQHandler                      0x0800053f   Thumb Code     0  startup_stm32f4xx.o(.text)
    CAN1_RX1_IRQHandler                      0x0800053f   Thumb Code     0  startup_stm32f4xx.o(.text)
    CAN1_SCE_IRQHandler                      0x0800053f   Thumb Code     0  startup_stm32f4xx.o(.text)
    CAN1_TX_IRQHandler                       0x0800053f   Thumb Code     0  startup_stm32f4xx.o(.text)
    CAN2_RX0_IRQHandler                      0x0800053f   Thumb Code     0  startup_stm32f4xx.o(.text)
    CAN2_RX1_IRQHandler                      0x0800053f   Thumb Code     0  startup_stm32f4xx.o(.text)
    CAN2_SCE_IRQHandler                      0x0800053f   Thumb Code     0  startup_stm32f4xx.o(.text)
    CAN2_TX_IRQHandler                       0x0800053f   Thumb Code     0  startup_stm32f4xx.o(.text)
    CRYP_IRQHandler                          0x0800053f   Thumb Code     0  startup_stm32f4xx.o(.text)
    DCMI_IRQHandler                          0x0800053f   Thumb Code     0  startup_stm32f4xx.o(.text)
    DMA1_Stream0_IRQHandler                  0x0800053f   Thumb Code     0  startup_stm32f4xx.o(.text)
    DMA1_Stream1_IRQHandler                  0x0800053f   Thumb Code     0  startup_stm32f4xx.o(.text)
    DMA1_Stream2_IRQHandler                  0x0800053f   Thumb Code     0  startup_stm32f4xx.o(.text)
    DMA1_Stream3_IRQHandler                  0x0800053f   Thumb Code     0  startup_stm32f4xx.o(.text)
    DMA1_Stream4_IRQHandler                  0x0800053f   Thumb Code     0  startup_stm32f4xx.o(.text)
    DMA1_Stream5_IRQHandler                  0x0800053f   Thumb Code     0  startup_stm32f4xx.o(.text)
    DMA1_Stream6_IRQHandler                  0x0800053f   Thumb Code     0  startup_stm32f4xx.o(.text)
    DMA1_Stream7_IRQHandler                  0x0800053f   Thumb Code     0  startup_stm32f4xx.o(.text)
    DMA2_Stream0_IRQHandler                  0x0800053f   Thumb Code     0  startup_stm32f4xx.o(.text)
    DMA2_Stream1_IRQHandler                  0x0800053f   Thumb Code     0  startup_stm32f4xx.o(.text)
    DMA2_Stream2_IRQHandler                  0x0800053f   Thumb Code     0  startup_stm32f4xx.o(.text)
    DMA2_Stream3_IRQHandler                  0x0800053f   Thumb Code     0  startup_stm32f4xx.o(.text)
    DMA2_Stream4_IRQHandler                  0x0800053f   Thumb Code     0  startup_stm32f4xx.o(.text)
    DMA2_Stream5_IRQHandler                  0x0800053f   Thumb Code     0  startup_stm32f4xx.o(.text)
    DMA2_Stream6_IRQHandler                  0x0800053f   Thumb Code     0  startup_stm32f4xx.o(.text)
    DMA2_Stream7_IRQHandler                  0x0800053f   Thumb Code     0  startup_stm32f4xx.o(.text)
    ETH_IRQHandler                           0x0800053f   Thumb Code     0  startup_stm32f4xx.o(.text)
    ETH_WKUP_IRQHandler                      0x0800053f   Thumb Code     0  startup_stm32f4xx.o(.text)
    EXTI15_10_IRQHandler                     0x0800053f   Thumb Code     0  startup_stm32f4xx.o(.text)
    EXTI1_IRQHandler                         0x0800053f   Thumb Code     0  startup_stm32f4xx.o(.text)
    EXTI2_IRQHandler                         0x0800053f   Thumb Code     0  startup_stm32f4xx.o(.text)
    EXTI3_IRQHandler                         0x0800053f   Thumb Code     0  startup_stm32f4xx.o(.text)
    EXTI4_IRQHandler                         0x0800053f   Thumb Code     0  startup_stm32f4xx.o(.text)
    EXTI9_5_IRQHandler                       0x0800053f   Thumb Code     0  startup_stm32f4xx.o(.text)
    FLASH_IRQHandler                         0x0800053f   Thumb Code     0  startup_stm32f4xx.o(.text)
    FPU_IRQHandler                           0x0800053f   Thumb Code     0  startup_stm32f4xx.o(.text)
    FSMC_IRQHandler                          0x0800053f   Thumb Code     0  startup_stm32f4xx.o(.text)
    HASH_RNG_IRQHandler                      0x0800053f   Thumb Code     0  startup_stm32f4xx.o(.text)
    I2C1_ER_IRQHandler                       0x0800053f   Thumb Code     0  startup_stm32f4xx.o(.text)
    I2C1_EV_IRQHandler                       0x0800053f   Thumb Code     0  startup_stm32f4xx.o(.text)
    I2C2_ER_IRQHandler                       0x0800053f   Thumb Code     0  startup_stm32f4xx.o(.text)
    I2C2_EV_IRQHandler                       0x0800053f   Thumb Code     0  startup_stm32f4xx.o(.text)
    I2C3_ER_IRQHandler                       0x0800053f   Thumb Code     0  startup_stm32f4xx.o(.text)
    I2C3_EV_IRQHandler                       0x0800053f   Thumb Code     0  startup_stm32f4xx.o(.text)
    OTG_FS_IRQHandler                        0x0800053f   Thumb Code     0  startup_stm32f4xx.o(.text)
    OTG_FS_WKUP_IRQHandler                   0x0800053f   Thumb Code     0  startup_stm32f4xx.o(.text)
    OTG_HS_EP1_IN_IRQHandler                 0x0800053f   Thumb Code     0  startup_stm32f4xx.o(.text)
    OTG_HS_EP1_OUT_IRQHandler                0x0800053f   Thumb Code     0  startup_stm32f4xx.o(.text)
    OTG_HS_IRQHandler                        0x0800053f   Thumb Code     0  startup_stm32f4xx.o(.text)
    OTG_HS_WKUP_IRQHandler                   0x0800053f   Thumb Code     0  startup_stm32f4xx.o(.text)
    PVD_IRQHandler                           0x0800053f   Thumb Code     0  startup_stm32f4xx.o(.text)
    RCC_IRQHandler                           0x0800053f   Thumb Code     0  startup_stm32f4xx.o(.text)
    RTC_Alarm_IRQHandler                     0x0800053f   Thumb Code     0  startup_stm32f4xx.o(.text)
    RTC_WKUP_IRQHandler                      0x0800053f   Thumb Code     0  startup_stm32f4xx.o(.text)
    SDIO_IRQHandler                          0x0800053f   Thumb Code     0  startup_stm32f4xx.o(.text)
    SPI1_IRQHandler                          0x0800053f   Thumb Code     0  startup_stm32f4xx.o(.text)
    SPI2_IRQHandler                          0x0800053f   Thumb Code     0  startup_stm32f4xx.o(.text)
    SPI3_IRQHandler                          0x0800053f   Thumb Code     0  startup_stm32f4xx.o(.text)
    TAMP_STAMP_IRQHandler                    0x0800053f   Thumb Code     0  startup_stm32f4xx.o(.text)
    TIM1_BRK_TIM9_IRQHandler                 0x0800053f   Thumb Code     0  startup_stm32f4xx.o(.text)
    TIM1_CC_IRQHandler                       0x0800053f   Thumb Code     0  startup_stm32f4xx.o(.text)
    TIM1_TRG_COM_TIM11_IRQHandler            0x0800053f   Thumb Code     0  startup_stm32f4xx.o(.text)
    TIM1_UP_TIM10_IRQHandler                 0x0800053f   Thumb Code     0  startup_stm32f4xx.o(.text)
    TIM2_IRQHandler                          0x0800053f   Thumb Code     0  startup_stm32f4xx.o(.text)
    TIM3_IRQHandler                          0x0800053f   Thumb Code     0  startup_stm32f4xx.o(.text)
    TIM4_IRQHandler                          0x0800053f   Thumb Code     0  startup_stm32f4xx.o(.text)
    TIM5_IRQHandler                          0x0800053f   Thumb Code     0  startup_stm32f4xx.o(.text)
    TIM6_DAC_IRQHandler                      0x0800053f   Thumb Code     0  startup_stm32f4xx.o(.text)
    TIM7_IRQHandler                          0x0800053f   Thumb Code     0  startup_stm32f4xx.o(.text)
    TIM8_BRK_TIM12_IRQHandler                0x0800053f   Thumb Code     0  startup_stm32f4xx.o(.text)
    TIM8_CC_IRQHandler                       0x0800053f   Thumb Code     0  startup_stm32f4xx.o(.text)
    TIM8_TRG_COM_TIM14_IRQHandler            0x0800053f   Thumb Code     0  startup_stm32f4xx.o(.text)
    TIM8_UP_TIM13_IRQHandler                 0x0800053f   Thumb Code     0  startup_stm32f4xx.o(.text)
    UART4_IRQHandler                         0x0800053f   Thumb Code     0  startup_stm32f4xx.o(.text)
    UART5_IRQHandler                         0x0800053f   Thumb Code     0  startup_stm32f4xx.o(.text)
    USART1_IRQHandler                        0x0800053f   Thumb Code     0  startup_stm32f4xx.o(.text)
    USART2_IRQHandler                        0x0800053f   Thumb Code     0  startup_stm32f4xx.o(.text)
    USART3_IRQHandler                        0x0800053f   Thumb Code     0  startup_stm32f4xx.o(.text)
    USART6_IRQHandler                        0x0800053f   Thumb Code     0  startup_stm32f4xx.o(.text)
    WWDG_IRQHandler                          0x0800053f   Thumb Code     0  startup_stm32f4xx.o(.text)
    os_idle_demon                            0x08000549   Thumb Code     4  rtx_conf_cm.o(.text)
    os_error                                 0x0800054d   Thumb Code     4  rtx_conf_cm.o(.text)
    main                                     0x08000551   Thumb Code    34  main.o(.text)
    delay                                    0x08000579   Thumb Code    12  cc2500.o(.text)
    CC2500_Read                              0x080005c7   Thumb Code    66  cc2500.o(.text)
    CC2500_CheckRegisters                    0x08000609   Thumb Code    52  cc2500.o(.text)
    CC2500_Write                             0x0800063d   Thumb Code    62  cc2500.o(.text)
    CC2500_Strobe                            0x0800067b   Thumb Code    76  cc2500.o(.text)
    CC2500_Init                              0x080007f9   Thumb Code   454  cc2500.o(.text)
    CC2500_RXData                            0x080009bf   Thumb Code   142  cc2500.o(.text)
    CC2500_TXData                            0x08000a4d   Thumb Code   100  cc2500.o(.text)
    Clear_Accel_Int                          0x08000ab1   Thumb Code    14  accel.o(.text)
    Accel_Interrupt_Config                   0x08000abf   Thumb Code   122  accel.o(.text)
    ACCEL_Config                             0x08000b39   Thumb Code    84  accel.o(.text)
    EXTI0_IRQHandler                         0x08000b8d   Thumb Code    10  accel.o(.text)
    read_Accelerometer                       0x08000b97   Thumb Code   714  accel.o(.text)
    LIS302DL_TIMEOUT_UserCallback            0x08000e95   Thumb Code     4  stm32f4_discovery_lis302dl.o(.text)
    LIS302DL_Write                           0x08000efb   Thumb Code    58  stm32f4_discovery_lis302dl.o(.text)
    LIS302DL_Init                            0x0800105b   Thumb Code    44  stm32f4_discovery_lis302dl.o(.text)
    LIS302DL_Read                            0x08001087   Thumb Code    66  stm32f4_discovery_lis302dl.o(.text)
    LIS302DL_FilterConfig                    0x080010c9   Thumb Code    58  stm32f4_discovery_lis302dl.o(.text)
    LIS302DL_InterruptConfig                 0x08001103   Thumb Code    42  stm32f4_discovery_lis302dl.o(.text)
    LIS302DL_LowpowerCmd                     0x0800112d   Thumb Code    44  stm32f4_discovery_lis302dl.o(.text)
    LIS302DL_DataRateCmd                     0x08001159   Thumb Code    44  stm32f4_discovery_lis302dl.o(.text)
    LIS302DL_FullScaleCmd                    0x08001185   Thumb Code    44  stm32f4_discovery_lis302dl.o(.text)
    LIS302DL_RebootCmd                       0x080011b1   Thumb Code    34  stm32f4_discovery_lis302dl.o(.text)
    LIS302DL_ReadACC                         0x080011d3   Thumb Code   112  stm32f4_discovery_lis302dl.o(.text)
    Filter_Configuration                     0x08001255   Thumb Code    58  filter.o(.text)
    filter_Value                             0x0800128f   Thumb Code    96  filter.o(.text)
    NVIC_PriorityGroupConfig                 0x080012f5   Thumb Code    10  misc.o(.text)
    NVIC_Init                                0x080012ff   Thumb Code   108  misc.o(.text)
    NVIC_SetVectorTable                      0x0800136b   Thumb Code    14  misc.o(.text)
    NVIC_SystemLPConfig                      0x08001379   Thumb Code    34  misc.o(.text)
    SysTick_CLKSourceConfig                  0x0800139b   Thumb Code    40  misc.o(.text)
    EXTI_DeInit                              0x080013d9   Thumb Code    28  stm32f4xx_exti.o(.text)
    EXTI_Init                                0x080013f5   Thumb Code   142  stm32f4xx_exti.o(.text)
    EXTI_StructInit                          0x08001483   Thumb Code    16  stm32f4xx_exti.o(.text)
    EXTI_GenerateSWInterrupt                 0x08001493   Thumb Code    16  stm32f4xx_exti.o(.text)
    EXTI_GetFlagStatus                       0x080014a3   Thumb Code    22  stm32f4xx_exti.o(.text)
    EXTI_ClearFlag                           0x080014b9   Thumb Code     8  stm32f4xx_exti.o(.text)
    EXTI_GetITStatus                         0x080014c1   Thumb Code    34  stm32f4xx_exti.o(.text)
    EXTI_ClearITPendingBit                   0x080014e3   Thumb Code     8  stm32f4xx_exti.o(.text)
    GPIO_DeInit                              0x080014f5   Thumb Code   220  stm32f4xx_gpio.o(.text)
    GPIO_Init                                0x080015d1   Thumb Code   144  stm32f4xx_gpio.o(.text)
    GPIO_StructInit                          0x08001661   Thumb Code    18  stm32f4xx_gpio.o(.text)
    GPIO_PinLockConfig                       0x08001673   Thumb Code    34  stm32f4xx_gpio.o(.text)
    GPIO_ReadInputDataBit                    0x08001695   Thumb Code    18  stm32f4xx_gpio.o(.text)
    GPIO_ReadInputData                       0x080016a7   Thumb Code     8  stm32f4xx_gpio.o(.text)
    GPIO_ReadOutputDataBit                   0x080016af   Thumb Code    18  stm32f4xx_gpio.o(.text)
    GPIO_ReadOutputData                      0x080016c1   Thumb Code     8  stm32f4xx_gpio.o(.text)
    GPIO_SetBits                             0x080016c9   Thumb Code     4  stm32f4xx_gpio.o(.text)
    GPIO_ResetBits                           0x080016cd   Thumb Code     4  stm32f4xx_gpio.o(.text)
    GPIO_WriteBit                            0x080016d1   Thumb Code    10  stm32f4xx_gpio.o(.text)
    GPIO_Write                               0x080016db   Thumb Code     4  stm32f4xx_gpio.o(.text)
    GPIO_ToggleBits                          0x080016df   Thumb Code     8  stm32f4xx_gpio.o(.text)
    GPIO_PinAFConfig                         0x080016e7   Thumb Code    70  stm32f4xx_gpio.o(.text)
    RCC_DeInit                               0x08001751   Thumb Code    60  stm32f4xx_rcc.o(.text)
    RCC_HSEConfig                            0x0800178d   Thumb Code    14  stm32f4xx_rcc.o(.text)
    RCC_GetFlagStatus                        0x0800179b   Thumb Code    60  stm32f4xx_rcc.o(.text)
    RCC_WaitForHSEStartUp                    0x080017d7   Thumb Code    56  stm32f4xx_rcc.o(.text)
    RCC_AdjustHSICalibrationValue            0x0800180f   Thumb Code    20  stm32f4xx_rcc.o(.text)
    RCC_HSICmd                               0x08001823   Thumb Code     6  stm32f4xx_rcc.o(.text)
    RCC_LSEConfig                            0x08001829   Thumb Code    46  stm32f4xx_rcc.o(.text)
    RCC_LSICmd                               0x08001857   Thumb Code     6  stm32f4xx_rcc.o(.text)
    RCC_PLLConfig                            0x0800185d   Thumb Code    32  stm32f4xx_rcc.o(.text)
    RCC_PLLCmd                               0x0800187d   Thumb Code     6  stm32f4xx_rcc.o(.text)
    RCC_PLLI2SConfig                         0x08001883   Thumb Code    14  stm32f4xx_rcc.o(.text)
    RCC_PLLI2SCmd                            0x08001891   Thumb Code     6  stm32f4xx_rcc.o(.text)
    RCC_ClockSecuritySystemCmd               0x08001897   Thumb Code     6  stm32f4xx_rcc.o(.text)
    RCC_MCO1Config                           0x0800189d   Thumb Code    28  stm32f4xx_rcc.o(.text)
    RCC_MCO2Config                           0x080018b9   Thumb Code    28  stm32f4xx_rcc.o(.text)
    RCC_SYSCLKConfig                         0x080018d5   Thumb Code    20  stm32f4xx_rcc.o(.text)
    RCC_GetSYSCLKSource                      0x080018e9   Thumb Code    12  stm32f4xx_rcc.o(.text)
    RCC_HCLKConfig                           0x080018f5   Thumb Code    20  stm32f4xx_rcc.o(.text)
    RCC_PCLK1Config                          0x08001909   Thumb Code    20  stm32f4xx_rcc.o(.text)
    RCC_PCLK2Config                          0x0800191d   Thumb Code    22  stm32f4xx_rcc.o(.text)
    RCC_GetClocksFreq                        0x08001933   Thumb Code   222  stm32f4xx_rcc.o(.text)
    RCC_RTCCLKConfig                         0x08001a11   Thumb Code    54  stm32f4xx_rcc.o(.text)
    RCC_RTCCLKCmd                            0x08001a47   Thumb Code     8  stm32f4xx_rcc.o(.text)
    RCC_BackupResetCmd                       0x08001a4f   Thumb Code     8  stm32f4xx_rcc.o(.text)
    RCC_I2SCLKConfig                         0x08001a57   Thumb Code     6  stm32f4xx_rcc.o(.text)
    RCC_AHB1PeriphClockCmd                   0x08001a5d   Thumb Code    34  stm32f4xx_rcc.o(.text)
    RCC_AHB2PeriphClockCmd                   0x08001a7f   Thumb Code    34  stm32f4xx_rcc.o(.text)
    RCC_AHB3PeriphClockCmd                   0x08001aa1   Thumb Code    34  stm32f4xx_rcc.o(.text)
    RCC_APB1PeriphClockCmd                   0x08001ac3   Thumb Code    34  stm32f4xx_rcc.o(.text)
    RCC_APB2PeriphClockCmd                   0x08001ae5   Thumb Code    34  stm32f4xx_rcc.o(.text)
    RCC_AHB1PeriphResetCmd                   0x08001b07   Thumb Code    34  stm32f4xx_rcc.o(.text)
    RCC_AHB2PeriphResetCmd                   0x08001b29   Thumb Code    72  stm32f4xx_rcc.o(.text)
    RCC_AHB3PeriphResetCmd                   0x08001b71   Thumb Code    34  stm32f4xx_rcc.o(.text)
    RCC_APB1PeriphResetCmd                   0x08001b93   Thumb Code    34  stm32f4xx_rcc.o(.text)
    RCC_APB2PeriphResetCmd                   0x08001bb5   Thumb Code    34  stm32f4xx_rcc.o(.text)
    RCC_AHB1PeriphClockLPModeCmd             0x08001bd7   Thumb Code    34  stm32f4xx_rcc.o(.text)
    RCC_AHB2PeriphClockLPModeCmd             0x08001bf9   Thumb Code    34  stm32f4xx_rcc.o(.text)
    RCC_AHB3PeriphClockLPModeCmd             0x08001c1b   Thumb Code    34  stm32f4xx_rcc.o(.text)
    RCC_APB1PeriphClockLPModeCmd             0x08001c3d   Thumb Code    34  stm32f4xx_rcc.o(.text)
    RCC_APB2PeriphClockLPModeCmd             0x08001c5f   Thumb Code    34  stm32f4xx_rcc.o(.text)
    RCC_ITConfig                             0x08001c81   Thumb Code    34  stm32f4xx_rcc.o(.text)
    RCC_ClearFlag                            0x08001ca3   Thumb Code    18  stm32f4xx_rcc.o(.text)
    RCC_GetITStatus                          0x08001cb5   Thumb Code    22  stm32f4xx_rcc.o(.text)
    RCC_ClearITPendingBit                    0x08001ccb   Thumb Code     8  stm32f4xx_rcc.o(.text)
    SPI_I2S_DeInit                           0x08001cd9   Thumb Code    76  stm32f4xx_spi.o(.text)
    SPI_Init                                 0x08001d25   Thumb Code    60  stm32f4xx_spi.o(.text)
    I2S_Init                                 0x08001d61   Thumb Code   346  stm32f4xx_spi.o(.text)
    SPI_StructInit                           0x08001ebb   Thumb Code    24  stm32f4xx_spi.o(.text)
    I2S_StructInit                           0x08001ed3   Thumb Code    20  stm32f4xx_spi.o(.text)
    SPI_Cmd                                  0x08001ee7   Thumb Code    24  stm32f4xx_spi.o(.text)
    I2S_Cmd                                  0x08001eff   Thumb Code    24  stm32f4xx_spi.o(.text)
    SPI_DataSizeConfig                       0x08001f17   Thumb Code    18  stm32f4xx_spi.o(.text)
    SPI_BiDirectionalLineConfig              0x08001f29   Thumb Code    28  stm32f4xx_spi.o(.text)
    SPI_NSSInternalSoftwareConfig            0x08001f45   Thumb Code    30  stm32f4xx_spi.o(.text)
    SPI_SSOutputCmd                          0x08001f63   Thumb Code    24  stm32f4xx_spi.o(.text)
    SPI_TIModeCmd                            0x08001f7b   Thumb Code    24  stm32f4xx_spi.o(.text)
    I2S_FullDuplexConfig                     0x08001f93   Thumb Code    80  stm32f4xx_spi.o(.text)
    SPI_I2S_ReceiveData                      0x08001fe3   Thumb Code     6  stm32f4xx_spi.o(.text)
    SPI_I2S_SendData                         0x08001fe9   Thumb Code     4  stm32f4xx_spi.o(.text)
    SPI_CalculateCRC                         0x08001fed   Thumb Code    24  stm32f4xx_spi.o(.text)
    SPI_TransmitCRC                          0x08002005   Thumb Code    10  stm32f4xx_spi.o(.text)
    SPI_GetCRC                               0x0800200f   Thumb Code    16  stm32f4xx_spi.o(.text)
    SPI_GetCRCPolynomial                     0x0800201f   Thumb Code     6  stm32f4xx_spi.o(.text)
    SPI_I2S_DMACmd                           0x08002025   Thumb Code    18  stm32f4xx_spi.o(.text)
    SPI_I2S_ITConfig                         0x08002037   Thumb Code    32  stm32f4xx_spi.o(.text)
    SPI_I2S_GetFlagStatus                    0x08002057   Thumb Code    18  stm32f4xx_spi.o(.text)
    SPI_I2S_ClearFlag                        0x08002069   Thumb Code     6  stm32f4xx_spi.o(.text)
    SPI_I2S_GetITStatus                      0x0800206f   Thumb Code    52  stm32f4xx_spi.o(.text)
    SPI_I2S_ClearITPendingBit                0x080020a3   Thumb Code    20  stm32f4xx_spi.o(.text)
    SYSCFG_DeInit                            0x080020cd   Thumb Code    22  stm32f4xx_syscfg.o(.text)
    SYSCFG_MemoryRemapConfig                 0x080020e3   Thumb Code     6  stm32f4xx_syscfg.o(.text)
    SYSCFG_EXTILineConfig                    0x080020e9   Thumb Code    66  stm32f4xx_syscfg.o(.text)
    SYSCFG_ETH_MediaInterfaceConfig          0x0800212b   Thumb Code     6  stm32f4xx_syscfg.o(.text)
    SYSCFG_CompensationCellCmd               0x08002131   Thumb Code     6  stm32f4xx_syscfg.o(.text)
    SYSCFG_GetCompensationCellStatus         0x08002137   Thumb Code    22  stm32f4xx_syscfg.o(.text)
    __aeabi_dadd                             0x08002159   Thumb Code   322  dadd.o(.text)
    __aeabi_dsub                             0x0800229b   Thumb Code     6  dadd.o(.text)
    __aeabi_drsub                            0x080022a1   Thumb Code     6  dadd.o(.text)
    __aeabi_dmul                             0x080022a7   Thumb Code   228  dmul.o(.text)
    __aeabi_ddiv                             0x0800238b   Thumb Code   222  ddiv.o(.text)
    __aeabi_i2d                              0x08002469   Thumb Code    34  dflti.o(.text)
    __aeabi_d2iz                             0x0800248b   Thumb Code    62  dfixi.o(.text)
    __aeabi_d2f                              0x080024c9   Thumb Code    56  d2f.o(.text)
    __aeabi_llsl                             0x08002501   Thumb Code    30  llshl.o(.text)
    _ll_shift_l                              0x08002501   Thumb Code     0  llshl.o(.text)
    __aeabi_llsr                             0x0800251f   Thumb Code    32  llushr.o(.text)
    _ll_ushift_r                             0x0800251f   Thumb Code     0  llushr.o(.text)
    __aeabi_lasr                             0x0800253f   Thumb Code    36  llsshr.o(.text)
    _ll_sshift_r                             0x0800253f   Thumb Code     0  llsshr.o(.text)
    __I$use$fp                               0x08002563   Thumb Code     0  iusefp.o(.text)
    _float_round                             0x08002563   Thumb Code    18  fepilogue.o(.text)
    _float_epilogue                          0x08002575   Thumb Code    90  fepilogue.o(.text)
    _double_round                            0x080025cf   Thumb Code    26  depilogue.o(.text)
    _double_epilogue                         0x080025e9   Thumb Code   164  depilogue.o(.text)
    __ARM_scalbn                             0x0800268d   Thumb Code    46  dscalb.o(.text)
    scalbn                                   0x0800268d   Thumb Code     0  dscalb.o(.text)
    _dsqrt                                   0x080026bb   Thumb Code   162  dsqrt.o(.text)
    __aeabi_cdrcmple                         0x0800275d   Thumb Code    38  cdrcmple.o(.text)
    __scatterload                            0x08002785   Thumb Code    28  init.o(.text)
    __scatterload_rt2                        0x08002785   Thumb Code     0  init.o(.text)
    SVC_Count                                0x080027a8   Data           4  SVC_Table.o(SVC_TABLE)
    SVC_Table                                0x080027ac   Data           0  SVC_Table.o(SVC_TABLE)
    __ARM_fpclassify                         0x080027ad   Thumb Code    48  fpclassify.o(i.__ARM_fpclassify)
    __hardfp_atan                            0x080027e1   Thumb Code   636  atan.o(i.__hardfp_atan)
    __hardfp_pow                             0x08002ac9   Thumb Code  3132  pow.o(i.__hardfp_pow)
    __hardfp_sqrt                            0x08003759   Thumb Code   122  sqrt.o(i.__hardfp_sqrt)
    __kernel_poly                            0x080037d3   Thumb Code   248  poly.o(i.__kernel_poly)
    __mathlib_dbl_underflow                  0x080038d1   Thumb Code    24  dunder.o(i.__mathlib_dbl_underflow)
    __scatterload_copy                       0x080038f1   Thumb Code    14  handlers.o(i.__scatterload_copy)
    __scatterload_null                       0x080038ff   Thumb Code     2  handlers.o(i.__scatterload_null)
    __scatterload_zeroinit                   0x08003901   Thumb Code    14  handlers.o(i.__scatterload_zeroinit)
    __set_errno                              0x08003911   Thumb Code     6  errno.o(i.__set_errno)
    _init_box                                0x0800391d   Thumb Code    70  rt_membox.o(i._init_box)
    dbg_init                                 0x08003965   Thumb Code    34  hal_cm.o(i.dbg_init)
    dbg_task_notify                          0x08003995   Thumb Code    32  hal_cm.o(i.dbg_task_notify)
    dbg_task_switch                          0x080039b5   Thumb Code    16  hal_cm.o(i.dbg_task_switch)
    fabs                                     0x080039c5   Thumb Code    32  fabs.o(i.fabs)
    isr_mbx_receive                          0x08003a11   Thumb Code    80  rt_mailbox.o(i.isr_mbx_receive)
    isr_mbx_send                             0x08003a61   Thumb Code    14  rt_mailbox.o(i.isr_mbx_send)
    osDelay                                  0x08003a71   Thumb Code    18  rt_cmsis.o(i.osDelay)
    osKernelStart                            0x08003a89   Thumb Code    94  rt_cmsis.o(i.osKernelStart)
    osMessageGet                             0x08003af1   Thumb Code    64  rt_cmsis.o(i.osMessageGet)
    osThreadExit                             0x08003b35   Thumb Code    14  rt_cmsis.o(i.osThreadExit)
    osTimerCall                              0x08003b4d   Thumb Code     8  rt_cmsis.o(i.osTimerCall)
    osTimerThread                            0x08003b59   Thumb Code    38  rt_cmsis.o(i.osTimerThread)
    rt_alloc_box                             0x08003b85   Thumb Code    28  rt_membox.o(i.rt_alloc_box)
    rt_alloc_mem                             0x08003ba1   Thumb Code    60  rt_memory.o(i.rt_alloc_mem)
    rt_block                                 0x08003bdd   Thumb Code    48  rt_task.o(i.rt_block)
    rt_chk_robin                             0x08003c15   Thumb Code    58  rt_robin.o(i.rt_chk_robin)
    rt_dec_dly                               0x08003c5d   Thumb Code   102  rt_list.o(i.rt_dec_dly)
    rt_dispatch                              0x08003ccd   Thumb Code    60  rt_task.o(i.rt_dispatch)
    rt_dly_wait                              0x08003d11   Thumb Code     6  rt_time.o(i.rt_dly_wait)
    rt_evt_psh                               0x08003d19   Thumb Code    76  rt_event.o(i.rt_evt_psh)
    rt_free_box                              0x08003d69   Thumb Code    32  rt_membox.o(i.rt_free_box)
    rt_free_mem                              0x08003d89   Thumb Code    40  rt_memory.o(i.rt_free_mem)
    rt_get_first                             0x08003db1   Thumb Code    40  rt_list.o(i.rt_get_first)
    rt_init_mem                              0x08003e21   Thumb Code    26  rt_memory.o(i.rt_init_mem)
    rt_init_robin                            0x08003e3d   Thumb Code    14  rt_robin.o(i.rt_init_robin)
    rt_init_stack                            0x08003e55   Thumb Code    70  hal_cm.o(i.rt_init_stack)
    rt_mbx_check                             0x08003ea5   Thumb Code     8  rt_mailbox.o(i.rt_mbx_check)
    rt_mbx_init                              0x08003ead   Thumb Code    26  rt_mailbox.o(i.rt_mbx_init)
    rt_mbx_psh                               0x08003ec9   Thumb Code   248  rt_mailbox.o(i.rt_mbx_psh)
    rt_mbx_wait                              0x08003fc5   Thumb Code   174  rt_mailbox.o(i.rt_mbx_wait)
    rt_pop_req                               0x080040b5   Thumb Code   106  rt_system.o(i.rt_pop_req)
    rt_psh_req                               0x0800412d   Thumb Code    22  rt_system.o(i.rt_psh_req)
    rt_psq_enq                               0x0800414d   Thumb Code    82  rt_list.o(i.rt_psq_enq)
    rt_put_dly                               0x080041a5   Thumb Code    88  rt_list.o(i.rt_put_dly)
    rt_put_prio                              0x08004201   Thumb Code    56  rt_list.o(i.rt_put_prio)
    rt_put_rdy_first                         0x08004239   Thumb Code    14  rt_list.o(i.rt_put_rdy_first)
    rt_ret_val                               0x0800425d   Thumb Code    12  hal_cm.o(i.rt_ret_val)
    rt_ret_val2                              0x08004269   Thumb Code    16  hal_cm.o(i.rt_ret_val2)
    rt_rmv_dly                               0x08004279   Thumb Code    40  rt_list.o(i.rt_rmv_dly)
    rt_rmv_list                              0x080042a1   Thumb Code    44  rt_list.o(i.rt_rmv_list)
    rt_sem_psh                               0x080042d1   Thumb Code    48  rt_semaphore.o(i.rt_sem_psh)
    rt_stk_check                             0x08004305   Thumb Code    28  rt_system.o(i.rt_stk_check)
    rt_switch_req                            0x08004329   Thumb Code    30  rt_task.o(i.rt_switch_req)
    rt_sys_init                              0x08004351   Thumb Code   242  rt_task.o(i.rt_sys_init)
    rt_systick                               0x08004491   Thumb Code    48  rt_system.o(i.rt_systick)
    rt_tsk_create                            0x0800451d   Thumb Code   112  rt_task.o(i.rt_tsk_create)
    rt_tsk_delete                            0x0800459d   Thumb Code   146  rt_task.o(i.rt_tsk_delete)
    rt_tsk_self                              0x08004649   Thumb Code    12  rt_task.o(i.rt_tsk_self)
    sqrt                                     0x08004659   Thumb Code   110  sqrt.o(i.sqrt)
    svcDelay                                 0x080046c7   Thumb Code    20  rt_cmsis.o(i.svcDelay)
    svcKernelStart                           0x080046dd   Thumb Code   174  rt_cmsis.o(i.svcKernelStart)
    svcMessageCreate                         0x080047b1   Thumb Code    36  rt_cmsis.o(i.svcMessageCreate)
    svcMessageGet                            0x080047d5   Thumb Code    58  rt_cmsis.o(i.svcMessageGet)
    svcThreadCreate                          0x08004811   Thumb Code   100  rt_cmsis.o(i.svcThreadCreate)
    svcThreadGetId                           0x08004881   Thumb Code    22  rt_cmsis.o(i.svcThreadGetId)
    svcThreadTerminate                       0x0800489d   Thumb Code    52  rt_cmsis.o(i.svcThreadTerminate)
    svcTimerCall                             0x080048d5   Thumb Code    24  rt_cmsis.o(i.svcTimerCall)
    sysTimerTick                             0x080048ed   Thumb Code    76  rt_cmsis.o(i.sysTimerTick)
    os_maxtaskrun                            0x08004940   Data           2  rtx_conf_cm.o(.constdata)
    os_stackinfo                             0x08004944   Data           4  rtx_conf_cm.o(.constdata)
    os_rrobin                                0x08004948   Data           4  rtx_conf_cm.o(.constdata)
    os_trv                                   0x0800494c   Data           4  rtx_conf_cm.o(.constdata)
    os_flags                                 0x08004950   Data           1  rtx_conf_cm.o(.constdata)
    os_clockrate                             0x08004954   Data           4  rtx_conf_cm.o(.constdata)
    os_timernum                              0x08004958   Data           4  rtx_conf_cm.o(.constdata)
    mp_tcb_size                              0x0800495c   Data           2  rtx_conf_cm.o(.constdata)
    mp_stk_size                              0x08004960   Data           4  rtx_conf_cm.o(.constdata)
    os_stack_sz                              0x08004964   Data           4  rtx_conf_cm.o(.constdata)
    os_fifo_size                             0x08004968   Data           1  rtx_conf_cm.o(.constdata)
    os_thread_def_osTimerThread              0x0800496c   Data          16  rtx_conf_cm.o(.constdata)
    os_messageQ_def_osTimerMessageQ          0x0800497c   Data           8  rtx_conf_cm.o(.constdata)
    mp_tmr_size                              0x08004984   Data           2  rtx_conf_cm.o(.constdata)
    os_thread_def_main                       0x08004988   Data          16  rtx_conf_cm.o(.constdata)
    __mathlib_zero                           0x08004ab8   Data           8  qnan.o(.constdata)
    Region$$Table$$Base                      0x08004ac0   Number         0  anon$$obj.o(Region$$Table)
    Region$$Table$$Limit                     0x08004af0   Number         0  anon$$obj.o(Region$$Table)
    mp_tcb                                   0x10000000   Data         348  rtx_conf_cm.o(.bss)
    mp_stk                                   0x10000160   Data        4816  rtx_conf_cm.o(.bss)
    os_stack_mem                             0x10001430   Data        1632  rtx_conf_cm.o(.bss)
    os_fifo                                  0x10001a90   Data         132  rtx_conf_cm.o(.bss)
    os_active_TCB                            0x10001b14   Data          28  rtx_conf_cm.o(.bss)
    os_messageQ_q_osTimerMessageQ            0x10001b30   Data          32  rtx_conf_cm.o(.bss)
    SystemCoreClock                          0x20000000   Data           4  system_stm32f4xx.o(.data)
    AHBPrescTable                            0x20000004   Data          16  system_stm32f4xx.o(.data)
    os_tmr                                   0x20000014   Data           4  rtx_conf_cm.o(.data)
    m_tmr                                    0x20000018   Data           4  rtx_conf_cm.o(.data)
    osThreadId_osTimerThread                 0x2000001c   Data           4  rtx_conf_cm.o(.data)
    osMessageQId_osTimerMessageQ             0x20000020   Data           4  rtx_conf_cm.o(.data)
    CC2500Timeout                            0x20000024   Data           4  cc2500.o(.data)
    CC2500_state                             0x20000028   Data           1  cc2500.o(.data)
    LIS302DLTimeout                          0x2000002c   Data           4  stm32f4_discovery_lis302dl.o(.data)
    os_timer_head                            0x20000040   Data           4  rt_cmsis.o(.data)
    os_tsk                                   0x20000044   Data           8  rt_task.o(.data)
    os_time                                  0x20000050   Data           2  rt_time.o(.data)
    dbg_msg                                  0x20000052   Data           1  hal_cm.o(.data)
    os_robin                                 0x20000054   Data           8  rt_robin.o(.data)
    Filter_Structure_X                       0x20000060   Data          60  accel.o(.bss)
    Filter_Structure_Y                       0x2000009c   Data          60  accel.o(.bss)
    Filter_Structure_Z                       0x200000d8   Data          60  accel.o(.bss)
    os_idle_TCB                              0x20000114   Data          48  rt_task.o(.bss)
    os_rdy                                   0x20000144   Data          24  rt_list.o(.bss)
    os_dly                                   0x2000015c   Data          24  rt_list.o(.bss)
    __initial_sp                             0x20000578   Data           0  startup_stm32f4xx.o(STACK)



==============================================================================

Memory Map of the image

  Image Entry point : 0x08000189

  Load Region LR_IROM1 (Base: 0x08000000, Size: 0x00004b50, Max: 0x00100000, ABSOLUTE)

    Execution Region ER_IROM1 (Base: 0x08000000, Size: 0x00004af0, Max: 0x00100000, ABSOLUTE)

    Base Addr    Size         Type   Attr      Idx    E Section Name        Object

    0x08000000   0x00000188   Data   RO          132    RESET               startup_stm32f4xx.o
    0x08000188   0x00000000   Code   RO         2181  * .ARM.Collect$$$$00000000  mc_w.l(entry.o)
    0x08000188   0x00000004   Code   RO         2209    .ARM.Collect$$$$00000001  mc_w.l(entry2.o)
    0x0800018c   0x00000004   Code   RO         2212    .ARM.Collect$$$$00000004  mc_w.l(entry5.o)
    0x08000190   0x00000000   Code   RO         2214    .ARM.Collect$$$$00000008  mc_w.l(entry7b.o)
    0x08000190   0x00000000   Code   RO         2216    .ARM.Collect$$$$0000000A  mc_w.l(entry8b.o)
    0x08000190   0x00000000   Code   RO         2217    .ARM.Collect$$$$0000000D  mc_w.l(entry10a.o)
    0x08000190   0x00000000   Code   RO         2219    .ARM.Collect$$$$0000000F  mc_w.l(entry11a.o)
    0x08000190   0x00000010   Code   RO          137    .ARM.Collect$$$$000000FF  rtx_conf_cm.o
    0x080001a0   0x00000004   Code   RO         2210    .ARM.Collect$$$$00002712  mc_w.l(entry2.o)
    0x080001a4   0x00000174   Code   RO         2128    .emb_text           RTX_CM4.lib(hal_cm4.o)
    0x08000318   0x0000020c   Code   RO            3    .text               system_stm32f4xx.o
    0x08000524   0x00000024   Code   RO          133    .text               startup_stm32f4xx.o
    0x08000548   0x00000008   Code   RO          138    .text               rtx_conf_cm.o
    0x08000550   0x00000028   Code   RO          171    .text               main.o
    0x08000578   0x00000538   Code   RO          227    .text               cc2500.o
    0x08000ab0   0x000003e4   Code   RO          279    .text               accel.o
    0x08000e94   0x000003c0   Code   RO          308    .text               stm32f4_discovery_lis302dl.o
    0x08001254   0x000000a0   Code   RO          329    .text               filter.o
    0x080012f4   0x000000e4   Code   RO          343    .text               misc.o
    0x080013d8   0x0000011c   Code   RO          682    .text               stm32f4xx_exti.o
    0x080014f4   0x0000025c   Code   RO          751    .text               stm32f4xx_gpio.o
    0x08001750   0x00000588   Code   RO          900    .text               stm32f4xx_rcc.o
    0x08001cd8   0x000003f4   Code   RO          991    .text               stm32f4xx_spi.o
    0x080020cc   0x0000008c   Code   RO         1014    .text               stm32f4xx_syscfg.o
    0x08002158   0x0000014e   Code   RO         2184    .text               mf_w.l(dadd.o)
    0x080022a6   0x000000e4   Code   RO         2186    .text               mf_w.l(dmul.o)
    0x0800238a   0x000000de   Code   RO         2188    .text               mf_w.l(ddiv.o)
    0x08002468   0x00000022   Code   RO         2190    .text               mf_w.l(dflti.o)
    0x0800248a   0x0000003e   Code   RO         2192    .text               mf_w.l(dfixi.o)
    0x080024c8   0x00000038   Code   RO         2194    .text               mf_w.l(d2f.o)
    0x08002500   0x0000001e   Code   RO         2221    .text               mc_w.l(llshl.o)
    0x0800251e   0x00000020   Code   RO         2223    .text               mc_w.l(llushr.o)
    0x0800253e   0x00000024   Code   RO         2225    .text               mc_w.l(llsshr.o)
    0x08002562   0x00000000   Code   RO         2234    .text               mc_w.l(iusefp.o)
    0x08002562   0x0000006c   Code   RO         2235    .text               mf_w.l(fepilogue.o)
    0x080025ce   0x000000be   Code   RO         2237    .text               mf_w.l(depilogue.o)
    0x0800268c   0x0000002e   Code   RO         2241    .text               mf_w.l(dscalb.o)
    0x080026ba   0x000000a2   Code   RO         2243    .text               mf_w.l(dsqrt.o)
    0x0800275c   0x00000028   Code   RO         2247    .text               mf_w.l(cdrcmple.o)
    0x08002784   0x00000024   Code   RO         2249    .text               mc_w.l(init.o)
    0x080027a8   0x00000004   Code   RO         2138    SVC_TABLE           RTX_CM4.lib(SVC_Table.o)
    0x080027ac   0x00000030   Code   RO         2204    i.__ARM_fpclassify  m_wm.l(fpclassify.o)
    0x080027dc   0x00000004   PAD
    0x080027e0   0x000002e8   Code   RO         2141    i.__hardfp_atan     m_wm.l(atan.o)
    0x08002ac8   0x00000c90   Code   RO         2155    i.__hardfp_pow      m_wm.l(pow.o)
    0x08003758   0x0000007a   Code   RO         2169    i.__hardfp_sqrt     m_wm.l(sqrt.o)
    0x080037d2   0x000000f8   Code   RO         2206    i.__kernel_poly     m_wm.l(poly.o)
    0x080038ca   0x00000006   PAD
    0x080038d0   0x00000020   Code   RO         2196    i.__mathlib_dbl_underflow  m_wm.l(dunder.o)
    0x080038f0   0x0000000e   Code   RO         2253    i.__scatterload_copy  mc_w.l(handlers.o)
    0x080038fe   0x00000002   Code   RO         2254    i.__scatterload_null  mc_w.l(handlers.o)
    0x08003900   0x0000000e   Code   RO         2255    i.__scatterload_zeroinit  mc_w.l(handlers.o)
    0x0800390e   0x00000002   PAD
    0x08003910   0x0000000c   Code   RO         2229    i.__set_errno       mc_w.l(errno.o)
    0x0800391c   0x00000046   Code   RO         2001    i._init_box         RTX_CM4.lib(rt_membox.o)
    0x08003962   0x00000002   PAD
    0x08003964   0x00000030   Code   RO         2054    i.dbg_init          RTX_CM4.lib(hal_cm.o)
    0x08003994   0x00000020   Code   RO         2055    i.dbg_task_notify   RTX_CM4.lib(hal_cm.o)
    0x080039b4   0x00000010   Code   RO         2056    i.dbg_task_switch   RTX_CM4.lib(hal_cm.o)
    0x080039c4   0x00000020   Code   RO         2200    i.fabs              m_wm.l(fabs.o)
    0x080039e4   0x0000002c   Code   RO         1100    i.isrMessagePut     RTX_CM4.lib(rt_cmsis.o)
    0x08003a10   0x00000050   Code   RO         1865    i.isr_mbx_receive   RTX_CM4.lib(rt_mailbox.o)
    0x08003a60   0x0000000e   Code   RO         1866    i.isr_mbx_send      RTX_CM4.lib(rt_mailbox.o)
    0x08003a6e   0x00000002   PAD
    0x08003a70   0x00000018   Code   RO         1101    i.osDelay           RTX_CM4.lib(rt_cmsis.o)
    0x08003a88   0x00000068   Code   RO         1103    i.osKernelStart     RTX_CM4.lib(rt_cmsis.o)
    0x08003af0   0x00000044   Code   RO         1111    i.osMessageGet      RTX_CM4.lib(rt_cmsis.o)
    0x08003b34   0x00000018   Code   RO         1128    i.osThreadExit      RTX_CM4.lib(rt_cmsis.o)
    0x08003b4c   0x0000000c   Code   RO         1134    i.osTimerCall       RTX_CM4.lib(rt_cmsis.o)
    0x08003b58   0x0000002c   Code   RO         1138    i.osTimerThread     RTX_CM4.lib(rt_cmsis.o)
    0x08003b84   0x0000001c   Code   RO         2002    i.rt_alloc_box      RTX_CM4.lib(rt_membox.o)
    0x08003ba0   0x0000003c   Code   RO         2030    i.rt_alloc_mem      RTX_CM4.lib(rt_memory.o)
    0x08003bdc   0x00000038   Code   RO         1622    i.rt_block          RTX_CM4.lib(rt_task.o)
    0x08003c14   0x00000048   Code   RO         2107    i.rt_chk_robin      RTX_CM4.lib(rt_robin.o)
    0x08003c5c   0x00000070   Code   RO         1789    i.rt_dec_dly        RTX_CM4.lib(rt_list.o)
    0x08003ccc   0x00000044   Code   RO         1623    i.rt_dispatch       RTX_CM4.lib(rt_task.o)
    0x08003d10   0x00000006   Code   RO         1949    i.rt_dly_wait       RTX_CM4.lib(rt_time.o)
    0x08003d16   0x00000002   PAD
    0x08003d18   0x00000050   Code   RO         1750    i.rt_evt_psh        RTX_CM4.lib(rt_event.o)
    0x08003d68   0x00000020   Code   RO         2003    i.rt_free_box       RTX_CM4.lib(rt_membox.o)
    0x08003d88   0x00000028   Code   RO         2031    i.rt_free_mem       RTX_CM4.lib(rt_memory.o)
    0x08003db0   0x00000028   Code   RO         1790    i.rt_get_first      RTX_CM4.lib(rt_list.o)
    0x08003dd8   0x00000008   Code   RO         1141    i.rt_id2obj         RTX_CM4.lib(rt_cmsis.o)
    0x08003de0   0x00000040   Code   RO         1624    i.rt_init_context   RTX_CM4.lib(rt_task.o)
    0x08003e20   0x0000001a   Code   RO         2032    i.rt_init_mem       RTX_CM4.lib(rt_memory.o)
    0x08003e3a   0x00000002   PAD
    0x08003e3c   0x00000018   Code   RO         2108    i.rt_init_robin     RTX_CM4.lib(rt_robin.o)
    0x08003e54   0x00000050   Code   RO         2057    i.rt_init_stack     RTX_CM4.lib(hal_cm.o)
    0x08003ea4   0x00000008   Code   RO         1867    i.rt_mbx_check      RTX_CM4.lib(rt_mailbox.o)
    0x08003eac   0x0000001a   Code   RO         1868    i.rt_mbx_init       RTX_CM4.lib(rt_mailbox.o)
    0x08003ec6   0x00000002   PAD
    0x08003ec8   0x000000fc   Code   RO         1869    i.rt_mbx_psh        RTX_CM4.lib(rt_mailbox.o)
    0x08003fc4   0x000000b4   Code   RO         1871    i.rt_mbx_wait       RTX_CM4.lib(rt_mailbox.o)
    0x08004078   0x0000003c   Code   RO         1142    i.rt_ms2tick        RTX_CM4.lib(rt_cmsis.o)
    0x080040b4   0x00000078   Code   RO         1701    i.rt_pop_req        RTX_CM4.lib(rt_system.o)
    0x0800412c   0x00000020   Code   RO         1702    i.rt_psh_req        RTX_CM4.lib(rt_system.o)
    0x0800414c   0x00000058   Code   RO         1792    i.rt_psq_enq        RTX_CM4.lib(rt_list.o)
    0x080041a4   0x0000005c   Code   RO         1793    i.rt_put_dly        RTX_CM4.lib(rt_list.o)
    0x08004200   0x00000038   Code   RO         1794    i.rt_put_prio       RTX_CM4.lib(rt_list.o)
    0x08004238   0x00000014   Code   RO         1795    i.rt_put_rdy_first  RTX_CM4.lib(rt_list.o)
    0x0800424c   0x00000010   Code   RO         2058    i.rt_ret_regs       RTX_CM4.lib(hal_cm.o)
    0x0800425c   0x0000000c   Code   RO         2059    i.rt_ret_val        RTX_CM4.lib(hal_cm.o)
    0x08004268   0x00000010   Code   RO         2060    i.rt_ret_val2       RTX_CM4.lib(hal_cm.o)
    0x08004278   0x00000028   Code   RO         1797    i.rt_rmv_dly        RTX_CM4.lib(rt_list.o)
    0x080042a0   0x00000030   Code   RO         1798    i.rt_rmv_list       RTX_CM4.lib(rt_list.o)
    0x080042d0   0x00000034   Code   RO         1915    i.rt_sem_psh        RTX_CM4.lib(rt_semaphore.o)
    0x08004304   0x00000024   Code   RO         1703    i.rt_stk_check      RTX_CM4.lib(rt_system.o)
    0x08004328   0x00000028   Code   RO         1625    i.rt_switch_req     RTX_CM4.lib(rt_task.o)
    0x08004350   0x00000140   Code   RO         1626    i.rt_sys_init       RTX_CM4.lib(rt_task.o)
    0x08004490   0x0000003c   Code   RO         1704    i.rt_systick        RTX_CM4.lib(rt_system.o)
    0x080044cc   0x00000012   Code   RO         1143    i.rt_tid2ptcb       RTX_CM4.lib(rt_cmsis.o)
    0x080044de   0x00000002   PAD
    0x080044e0   0x0000003c   Code   RO         1144    i.rt_timer_insert   RTX_CM4.lib(rt_cmsis.o)
    0x0800451c   0x00000080   Code   RO         1627    i.rt_tsk_create     RTX_CM4.lib(rt_task.o)
    0x0800459c   0x000000ac   Code   RO         1628    i.rt_tsk_delete     RTX_CM4.lib(rt_task.o)
    0x08004648   0x00000010   Code   RO         1631    i.rt_tsk_self       RTX_CM4.lib(rt_task.o)
    0x08004658   0x0000006e   Code   RO         2171    i.sqrt              m_wm.l(sqrt.o)
    0x080046c6   0x00000014   Code   RO         1146    i.svcDelay          RTX_CM4.lib(rt_cmsis.o)
    0x080046da   0x00000002   PAD
    0x080046dc   0x000000d4   Code   RO         1147    i.svcKernelStart    RTX_CM4.lib(rt_cmsis.o)
    0x080047b0   0x00000024   Code   RO         1149    i.svcMessageCreate  RTX_CM4.lib(rt_cmsis.o)
    0x080047d4   0x0000003a   Code   RO         1150    i.svcMessageGet     RTX_CM4.lib(rt_cmsis.o)
    0x0800480e   0x00000002   PAD
    0x08004810   0x00000070   Code   RO         1163    i.svcThreadCreate   RTX_CM4.lib(rt_cmsis.o)
    0x08004880   0x0000001c   Code   RO         1164    i.svcThreadGetId    RTX_CM4.lib(rt_cmsis.o)
    0x0800489c   0x00000038   Code   RO         1167    i.svcThreadTerminate  RTX_CM4.lib(rt_cmsis.o)
    0x080048d4   0x00000018   Code   RO         1169    i.svcTimerCall      RTX_CM4.lib(rt_cmsis.o)
    0x080048ec   0x00000054   Code   RO         1177    i.sysTimerTick      RTX_CM4.lib(rt_cmsis.o)
    0x08004940   0x00000058   Data   RO          140    .constdata          rtx_conf_cm.o
    0x08004998   0x00000098   Data   RO         2144    .constdata          m_wm.l(atan.o)
    0x08004a30   0x00000088   Data   RO         2158    .constdata          m_wm.l(pow.o)
    0x08004ab8   0x00000008   Data   RO         2208    .constdata          m_wm.l(qnan.o)
    0x08004ac0   0x00000030   Data   RO         2251    Region$$Table       anon$$obj.o


    Execution Region RW_IRAM1 (Base: 0x10000000, Size: 0x00001b50, Max: 0x0001ffff, ABSOLUTE)

    Base Addr    Size         Type   Attr      Idx    E Section Name        Object

    0x10000000   0x00001b50   Zero   RW          139    .bss                rtx_conf_cm.o


    Execution Region RW_IRAM2 (Base: 0x20000000, Size: 0x00000578, Max: 0x0001ffff, ABSOLUTE)

    Base Addr    Size         Type   Attr      Idx    E Section Name        Object

    0x20000000   0x00000014   Data   RW            4    .data               system_stm32f4xx.o
    0x20000014   0x00000010   Data   RW          141    .data               rtx_conf_cm.o
    0x20000024   0x00000005   Data   RW          228    .data               cc2500.o
    0x20000029   0x00000003   PAD
    0x2000002c   0x00000004   Data   RW          309    .data               stm32f4_discovery_lis302dl.o
    0x20000030   0x00000010   Data   RW          901    .data               stm32f4xx_rcc.o
    0x20000040   0x00000004   Data   RW         1178    .data               RTX_CM4.lib(rt_cmsis.o)
    0x20000044   0x00000008   Data   RW         1633    .data               RTX_CM4.lib(rt_task.o)
    0x2000004c   0x00000003   Data   RW         1707    .data               RTX_CM4.lib(rt_system.o)
    0x2000004f   0x00000001   PAD
    0x20000050   0x00000002   Data   RW         1952    .data               RTX_CM4.lib(rt_time.o)
    0x20000052   0x00000001   Data   RW         2061    .data               RTX_CM4.lib(hal_cm.o)
    0x20000053   0x00000001   PAD
    0x20000054   0x00000008   Data   RW         2109    .data               RTX_CM4.lib(rt_robin.o)
    0x2000005c   0x00000004   Data   RW         2230    .data               mc_w.l(errno.o)
    0x20000060   0x000000b4   Zero   RW          280    .bss                accel.o
    0x20000114   0x00000030   Zero   RW         1632    .bss                RTX_CM4.lib(rt_task.o)
    0x20000144   0x00000030   Zero   RW         1799    .bss                RTX_CM4.lib(rt_list.o)
    0x20000174   0x00000004   PAD
    0x20000178   0x00000400   Zero   RW          130    STACK               startup_stm32f4xx.o


==============================================================================

Image component sizes


      Code (inc. data)   RO Data    RW Data    ZI Data      Debug   Object Name

       996         52          0          0        180       7369   accel.o
      1336         20          0          5          0       4282   cc2500.o
       160          6          0          0          0       1160   filter.o
        40          6          0          0          0        451   main.o
       228         22          0          0          0       3561   misc.o
        24          6         88         16       6992       6424   rtx_conf_cm.o
        36          8        392          0       1024        764   startup_stm32f4xx.o
       960         18          0          4          0       4144   stm32f4_discovery_lis302dl.o
       284         10          0          0          0       4743   stm32f4xx_exti.o
       604         36          0          0          0      10473   stm32f4xx_gpio.o
      1416         48          0         16          0      23883   stm32f4xx_rcc.o
      1012         22          0          0          0      14901   stm32f4xx_spi.o
       140         12          0          0          0       1683   stm32f4xx_syscfg.o
       524         44          0         20          0     231759   system_stm32f4xx.o

    ----------------------------------------------------------------------
      7760        310        528         64       8196     315597   Object Totals
         0          0         48          0          0          0   (incl. Generated)
         0          0          0          3          0          0   (incl. Padding)

    ----------------------------------------------------------------------

      Code (inc. data)   RO Data    RW Data    ZI Data      Debug   Library Member Name

         4          4          0          0          0        132   SVC_Table.o
       220         24          0          1          0       3876   hal_cm.o
       372         32          0          0          0        616   hal_cm4.o
      1096        122          0          4          0      26394   rt_cmsis.o
        80          4          0          0          0        637   rt_event.o
       496         30          0          0         48       6636   rt_list.o
       560         10          0          0          0       3829   rt_mailbox.o
       130          0          0          0          0       1837   rt_membox.o
       126          0          0          0          0       2159   rt_memory.o
        96         24          0          8          0       1042   rt_robin.o
        52          4          0          0          0        557   rt_semaphore.o
       248         44          0          3          0       2066   rt_system.o
       864        154          0          8         48       7224   rt_task.o
         6          0          0          2          0        572   rt_time.o
       744        108        152          0          0        220   atan.o
        32          8          0          0          0        124   dunder.o
        32          0          0          0          0        124   fabs.o
        48          0          0          0          0        124   fpclassify.o
       248          0          0          0          0        152   poly.o
      3216        310        136          0          0        216   pow.o
         0          0          8          0          0          0   qnan.o
       232          0          0          0          0        296   sqrt.o
         0          0          0          0          0          0   entry.o
         0          0          0          0          0          0   entry10a.o
         0          0          0          0          0          0   entry11a.o
         8          4          0          0          0          0   entry2.o
         4          0          0          0          0          0   entry5.o
         0          0          0          0          0          0   entry7b.o
         0          0          0          0          0          0   entry8b.o
        12          6          0          4          0         68   errno.o
        30          0          0          0          0          0   handlers.o
        36          8          0          0          0         68   init.o
         0          0          0          0          0          0   iusefp.o
        30          0          0          0          0         68   llshl.o
        36          0          0          0          0         68   llsshr.o
        32          0          0          0          0         68   llushr.o
        40          2          0          0          0         68   cdrcmple.o
        56          0          0          0          0         88   d2f.o
       334          0          0          0          0        148   dadd.o
       222          0          0          0          0        100   ddiv.o
       190          0          0          0          0        176   depilogue.o
        62          0          0          0          0         80   dfixi.o
        34          0          0          0          0         76   dflti.o
       228          0          0          0          0         96   dmul.o
        46          0          0          0          0         80   dscalb.o
       162          0          0          0          0        100   dsqrt.o
       108          0          0          0          0        168   fepilogue.o

    ----------------------------------------------------------------------
     10600        898        296         32        100      60353   Library Totals
        28          0          0          2          4          0   (incl. Padding)

    ----------------------------------------------------------------------

      Code (inc. data)   RO Data    RW Data    ZI Data      Debug   Library Name

      4350        452          0         26         96      57577   RTX_CM4.lib
      4552        426        296          0          0       1256   m_wm.l
       188         18          0          4          0        340   mc_w.l
      1482          2          0          0          0       1180   mf_w.l

    ----------------------------------------------------------------------
     10600        898        296         32        100      60353   Library Totals

    ----------------------------------------------------------------------

==============================================================================


      Code (inc. data)   RO Data    RW Data    ZI Data      Debug   

     18360       1208        824         96       8296     365822   Grand Totals
     18360       1208        824         96       8296     365822   ELF Image Totals
     18360       1208        824         96          0          0   ROM Totals

==============================================================================

    Total RO  Size (Code + RO Data)                19184 (  18.73kB)
    Total RW  Size (RW Data + ZI Data)              8392 (   8.20kB)
    Total ROM Size (Code + RO Data + RW Data)      19280 (  18.83kB)

==============================================================================

