<html>
<body>
<pre>
<h1>µVision Build Log</h1>
<h2>Project:</h2>
H:\My Documents\MicroP\Lab3\Lab 3 Base Project\Lab3_Project.uvproj
Project File Date:  10/25/2013

<h2>Output:</h2>
Build target 'Target 1'
compiling fputc_debug.c...
compiling main.c...
src\main.c(131): warning:  #1035-D: single-precision operand implicitly converted to double-precision
src\main.c(132): warning:  #1035-D: single-precision operand implicitly converted to double-precision
src\main.c(133): warning:  #1035-D: single-precision operand implicitly converted to double-precision
src\main.c(134): warning:  #1035-D: single-precision operand implicitly converted to double-precision
compiling system_stm32f4xx.c...
compiling accelerometer.c...
compiling timers.c...
compiling gpio.c...
compiling misc.c...
compiling stm32f4xx_adc.c...
compiling stm32f4xx_can.c...
compiling stm32f4xx_crc.c...
compiling stm32f4xx_cryp.c...
compiling stm32f4xx_cryp_aes.c...
compiling stm32f4xx_cryp_des.c...
compiling stm32f4xx_cryp_tdes.c...
compiling stm32f4xx_dac.c...
compiling stm32f4xx_dbgmcu.c...
compiling stm32f4xx_dcmi.c...
compiling stm32f4xx_dma.c...
compiling stm32f4xx_exti.c...
compiling stm32f4xx_flash.c...
compiling stm32f4xx_fsmc.c...
compiling stm32f4xx_gpio.c...
compiling stm32f4xx_hash.c...
compiling stm32f4xx_hash_md5.c...
compiling stm32f4xx_hash_sha1.c...
compiling stm32f4xx_i2c.c...
compiling stm32f4xx_iwdg.c...
compiling stm32f4xx_pwr.c...
compiling stm32f4xx_rcc.c...
compiling stm32f4xx_rng.c...
compiling stm32f4xx_rtc.c...
compiling stm32f4xx_sdio.c...
compiling stm32f4xx_spi.c...
compiling stm32f4xx_syscfg.c...
compiling stm32f4xx_tim.c...
compiling stm32f4xx_usart.c...
compiling stm32f4xx_wwdg.c...
compiling stm32f4_discovery_lis302dl.c...
linking...
Program Size: Code=23104 RO-data=896 RW-data=56 ZI-data=1800  
".\obj\Lab3_Project.axf" - 0 Error(s), 4 Warning(s).
Build target 'Target 1'
compiling timers.c...
compiling gpio.c...
linking...
Program Size: Code=23104 RO-data=896 RW-data=56 ZI-data=1800  
".\obj\Lab3_Project.axf" - 0 Error(s), 0 Warning(s).
Build target 'Target 1'
linking...
Program Size: Code=23104 RO-data=896 RW-data=56 ZI-data=1800  
".\obj\Lab3_Project.axf" - 0 Error(s), 0 Warning(s).
Load "H:\\My Documents\\MicroP\\Lab3\\Lab 3 Base Project\\obj\\Lab3_Project.axf" 
Erase Done.
Programming Done.
Verify OK.
Build target 'Target 1'
compiling accelerometer.c...
linking...
Program Size: Code=23104 RO-data=896 RW-data=56 ZI-data=1800  
".\obj\Lab3_Project.axf" - 0 Error(s), 0 Warning(s).
Build target 'Target 1'
linking...
Program Size: Code=23104 RO-data=896 RW-data=56 ZI-data=1800  
".\obj\Lab3_Project.axf" - 0 Error(s), 0 Warning(s).
Load "H:\\My Documents\\MicroP\\Lab3\\Lab 3 Base Project\\obj\\Lab3_Project.axf" 
Erase Done.
Programming Done.
Verify OK.
Build target 'Target 1'
compiling accelerometer.c...
linking...
Program Size: Code=23104 RO-data=896 RW-data=56 ZI-data=1800  
".\obj\Lab3_Project.axf" - 0 Error(s), 0 Warning(s).
Load "H:\\My Documents\\MicroP\\Lab3\\Lab 3 Base Project\\obj\\Lab3_Project.axf" 
Erase Done.
Programming Done.
Verify OK.
Build target 'Target 1'
compiling main.c...
src\main.c(131): warning:  #1035-D: single-precision operand implicitly converted to double-precision
src\main.c(132): warning:  #1035-D: single-precision operand implicitly converted to double-precision
src\main.c(133): warning:  #1035-D: single-precision operand implicitly converted to double-precision
src\main.c(134): warning:  #1035-D: single-precision operand implicitly converted to double-precision
compiling accelerometer.c...
src\accelerometer.c(137): warning:  #223-D: function "printf" declared implicitly
linking...
Program Size: Code=19280 RO-data=720 RW-data=56 ZI-data=1800  
".\obj\Lab3_Project.axf" - 0 Error(s), 5 Warning(s).
Load "H:\\My Documents\\MicroP\\Lab3\\Lab 3 Base Project\\obj\\Lab3_Project.axf" 
Erase Done.
Programming Done.
Verify OK.
Build target 'Target 1'
compiling accelerometer.c...
linking...
Program Size: Code=19120 RO-data=720 RW-data=48 ZI-data=1800  
".\obj\Lab3_Project.axf" - 0 Error(s), 0 Warning(s).
Load "H:\\My Documents\\MicroP\\Lab3\\Lab 3 Base Project\\obj\\Lab3_Project.axf" 
Erase Done.
Programming Done.
Verify OK.
Build target 'Target 1'
compiling timers.c...
linking...
Program Size: Code=19104 RO-data=720 RW-data=48 ZI-data=1800  
".\obj\Lab3_Project.axf" - 0 Error(s), 0 Warning(s).
Load "H:\\My Documents\\MicroP\\Lab3\\Lab 3 Base Project\\obj\\Lab3_Project.axf" 
Erase Done.
Programming Done.
Verify OK.
Build target 'Target 1'
compiling timers.c...
linking...
Program Size: Code=19120 RO-data=720 RW-data=48 ZI-data=1800  
".\obj\Lab3_Project.axf" - 0 Error(s), 0 Warning(s).
Load "H:\\My Documents\\MicroP\\Lab3\\Lab 3 Base Project\\obj\\Lab3_Project.axf" 
Erase Done.
Programming Done.
Verify OK.
Build target 'Target 1'
compiling main.c...
src\main.c(131): warning:  #1035-D: single-precision operand implicitly converted to double-precision
src\main.c(132): warning:  #1035-D: single-precision operand implicitly converted to double-precision
src\main.c(133): warning:  #1035-D: single-precision operand implicitly converted to double-precision
src\main.c(134): warning:  #1035-D: single-precision operand implicitly converted to double-precision
compiling accelerometer.c...
compiling timers.c...
compiling gpio.c...
linking...
Program Size: Code=23104 RO-data=896 RW-data=56 ZI-data=1800  
".\obj\Lab3_Project.axf" - 0 Error(s), 4 Warning(s).
Build target 'Target 1'
compiling accelerometer.c...
linking...
Program Size: Code=23104 RO-data=896 RW-data=56 ZI-data=1800  
".\obj\Lab3_Project.axf" - 0 Error(s), 0 Warning(s).
Build target 'Target 1'
compiling accelerometer.c...
compiling gpio.c...
linking...
Program Size: Code=23112 RO-data=896 RW-data=56 ZI-data=1800  
".\obj\Lab3_Project.axf" - 0 Error(s), 0 Warning(s).
Build target 'Target 1'
linking...
Program Size: Code=23112 RO-data=896 RW-data=56 ZI-data=1800  
".\obj\Lab3_Project.axf" - 0 Error(s), 0 Warning(s).
Load "H:\\My Documents\\MicroP\\Lab3\\Lab 3 Base Project\\obj\\Lab3_Project.axf" 
Erase Done.
Programming Done.
Verify OK.
Build target 'Target 1'
compiling accelerometer.c...
compiling gpio.c...
linking...
Program Size: Code=23112 RO-data=896 RW-data=56 ZI-data=1800  
".\obj\Lab3_Project.axf" - 0 Error(s), 0 Warning(s).
Build target 'Target 1'
compiling accelerometer.c...
linking...
Program Size: Code=23112 RO-data=896 RW-data=56 ZI-data=1800  
".\obj\Lab3_Project.axf" - 0 Error(s), 0 Warning(s).
Load "H:\\My Documents\\MicroP\\Lab3\\Lab 3 Base Project\\obj\\Lab3_Project.axf" 
Erase Done.
Programming Done.
Verify OK.
Build target 'Target 1'
linking...
Program Size: Code=23112 RO-data=896 RW-data=56 ZI-data=1800  
".\obj\Lab3_Project.axf" - 0 Error(s), 0 Warning(s).
Load "H:\\My Documents\\MicroP\\Lab3\\Lab 3 Base Project\\obj\\Lab3_Project.axf" 
Erase Done.
Programming Done.
Verify OK.
Build target 'Target 1'
compiling accelerometer.c...
linking...
Program Size: Code=23112 RO-data=896 RW-data=56 ZI-data=1800  
".\obj\Lab3_Project.axf" - 0 Error(s), 0 Warning(s).
Load "H:\\My Documents\\MicroP\\Lab3\\Lab 3 Base Project\\obj\\Lab3_Project.axf" 
Erase Done.
Programming Done.
Verify OK.
Build target 'Target 1'
compiling accelerometer.c...
compiling gpio.c...
linking...
Program Size: Code=23104 RO-data=896 RW-data=56 ZI-data=1800  
".\obj\Lab3_Project.axf" - 0 Error(s), 0 Warning(s).
Load "H:\\My Documents\\MicroP\\Lab3\\Lab 3 Base Project\\obj\\Lab3_Project.axf" 
Erase Done.
Programming Done.
Verify OK.
Build target 'Target 1'
compiling accelerometer.c...
compiling gpio.c...
linking...
Program Size: Code=23112 RO-data=896 RW-data=56 ZI-data=1800  
".\obj\Lab3_Project.axf" - 0 Error(s), 0 Warning(s).
Load "H:\\My Documents\\MicroP\\Lab3\\Lab 3 Base Project\\obj\\Lab3_Project.axf" 
Erase Done.
Programming Done.
Verify OK.
Build target 'Target 1'
compiling accelerometer.c...
compiling gpio.c...
linking...
Program Size: Code=23112 RO-data=896 RW-data=56 ZI-data=1800  
".\obj\Lab3_Project.axf" - 0 Error(s), 0 Warning(s).
Build target 'Target 1'
linking...
Program Size: Code=23112 RO-data=896 RW-data=56 ZI-data=1800  
".\obj\Lab3_Project.axf" - 0 Error(s), 0 Warning(s).
Load "H:\\My Documents\\MicroP\\Lab3\\Lab 3 Base Project\\obj\\Lab3_Project.axf" 
Erase Done.
Programming Done.
Verify OK.
Build target 'Target 1'
compiling accelerometer.c...
linking...
Program Size: Code=23104 RO-data=896 RW-data=56 ZI-data=1800  
".\obj\Lab3_Project.axf" - 0 Error(s), 0 Warning(s).
Load "H:\\My Documents\\MicroP\\Lab3\\Lab 3 Base Project\\obj\\Lab3_Project.axf" 
Erase Done.
Programming Done.
Verify OK.
Build target 'Target 1'
compiling accelerometer.c...
compiling gpio.c...
linking...
Program Size: Code=23104 RO-data=896 RW-data=56 ZI-data=1800  
".\obj\Lab3_Project.axf" - 0 Error(s), 0 Warning(s).
Load "H:\\My Documents\\MicroP\\Lab3\\Lab 3 Base Project\\obj\\Lab3_Project.axf" 
Erase Done.
Programming Done.
Verify OK.
Build target 'Target 1'
compiling accelerometer.c...
linking...
Program Size: Code=23104 RO-data=896 RW-data=56 ZI-data=1800  
".\obj\Lab3_Project.axf" - 0 Error(s), 0 Warning(s).
Load "H:\\My Documents\\MicroP\\Lab3\\Lab 3 Base Project\\obj\\Lab3_Project.axf" 
Erase Done.
Programming Done.
Verify OK.
Build target 'Target 1'
compiling accelerometer.c...
linking...
Program Size: Code=23104 RO-data=896 RW-data=56 ZI-data=1800  
".\obj\Lab3_Project.axf" - 0 Error(s), 0 Warning(s).
Load "H:\\My Documents\\MicroP\\Lab3\\Lab 3 Base Project\\obj\\Lab3_Project.axf" 
Erase Done.
Programming Done.
Verify OK.
Build target 'Target 1'
compiling accelerometer.c...
compiling gpio.c...
linking...
Program Size: Code=23104 RO-data=896 RW-data=56 ZI-data=1800  
".\obj\Lab3_Project.axf" - 0 Error(s), 0 Warning(s).
Load "H:\\My Documents\\MicroP\\Lab3\\Lab 3 Base Project\\obj\\Lab3_Project.axf" 
Erase Done.
Programming Done.
Verify OK.
Build target 'Target 1'
compiling accelerometer.c...
linking...
Program Size: Code=23104 RO-data=896 RW-data=56 ZI-data=1800  
".\obj\Lab3_Project.axf" - 0 Error(s), 0 Warning(s).
Load "H:\\My Documents\\MicroP\\Lab3\\Lab 3 Base Project\\obj\\Lab3_Project.axf" 
Erase Done.
Programming Done.
Verify OK.
Build target 'Target 1'
compiling accelerometer.c...
linking...
Program Size: Code=23104 RO-data=896 RW-data=56 ZI-data=1800  
".\obj\Lab3_Project.axf" - 0 Error(s), 0 Warning(s).
Load "H:\\My Documents\\MicroP\\Lab3\\Lab 3 Base Project\\obj\\Lab3_Project.axf" 
Erase Done.
Programming Done.
Verify OK.
Build target 'Target 1'
compiling accelerometer.c...
linking...
Program Size: Code=23104 RO-data=896 RW-data=56 ZI-data=1800  
".\obj\Lab3_Project.axf" - 0 Error(s), 0 Warning(s).
Load "H:\\My Documents\\MicroP\\Lab3\\Lab 3 Base Project\\obj\\Lab3_Project.axf" 
Erase Done.
Programming Done.
Verify OK.
Build target 'Target 1'
compiling accelerometer.c...
linking...
Program Size: Code=23104 RO-data=896 RW-data=56 ZI-data=1800  
".\obj\Lab3_Project.axf" - 0 Error(s), 0 Warning(s).
Load "H:\\My Documents\\MicroP\\Lab3\\Lab 3 Base Project\\obj\\Lab3_Project.axf" 
Erase Done.
Programming Done.
Verify OK.
Build target 'Target 1'
compiling timers.c...
src\timers.c(120): error:  #18: expected a ")"
Target not created
Build target 'Target 1'
compiling timers.c...
linking...
Program Size: Code=23112 RO-data=896 RW-data=56 ZI-data=1800  
".\obj\Lab3_Project.axf" - 0 Error(s), 0 Warning(s).
Load "H:\\My Documents\\MicroP\\Lab3\\Lab 3 Base Project\\obj\\Lab3_Project.axf" 
Erase Done.
Programming Done.
Verify OK.
Build target 'Target 1'
compiling timers.c...
compiling gpio.c...
linking...
Program Size: Code=23120 RO-data=896 RW-data=56 ZI-data=1800  
".\obj\Lab3_Project.axf" - 0 Error(s), 0 Warning(s).
Load "H:\\My Documents\\MicroP\\Lab3\\Lab 3 Base Project\\obj\\Lab3_Project.axf" 
Erase Done.
Programming Done.
Verify OK.
Build target 'Target 1'
compiling timers.c...
compiling gpio.c...
linking...
Program Size: Code=23104 RO-data=896 RW-data=56 ZI-data=1800  
".\obj\Lab3_Project.axf" - 0 Error(s), 0 Warning(s).
Load "H:\\My Documents\\MicroP\\Lab3\\Lab 3 Base Project\\obj\\Lab3_Project.axf" 
Erase Done.
Programming Done.
Verify OK.
Build target 'Target 1'
compiling timers.c...
linking...
Program Size: Code=23104 RO-data=896 RW-data=56 ZI-data=1800  
".\obj\Lab3_Project.axf" - 0 Error(s), 0 Warning(s).
Load "H:\\My Documents\\MicroP\\Lab3\\Lab 3 Base Project\\obj\\Lab3_Project.axf" 
Erase Done.
Programming Done.
Verify OK.
Build target 'Target 1'
compiling main.c...
src\main.c(130): warning:  #1035-D: single-precision operand implicitly converted to double-precision
src\main.c(131): warning:  #1035-D: single-precision operand implicitly converted to double-precision
src\main.c(132): warning:  #1035-D: single-precision operand implicitly converted to double-precision
src\main.c(133): warning:  #1035-D: single-precision operand implicitly converted to double-precision
compiling accelerometer.c...
compiling gpio.c...
linking...
Program Size: Code=23104 RO-data=896 RW-data=56 ZI-data=1800  
".\obj\Lab3_Project.axf" - 0 Error(s), 4 Warning(s).
Build target 'Target 1'
linking...
Program Size: Code=23104 RO-data=896 RW-data=56 ZI-data=1800  
".\obj\Lab3_Project.axf" - 0 Error(s), 0 Warning(s).
Load "H:\\My Documents\\MicroP\\Lab3\\Lab 3 Base Project\\obj\\Lab3_Project.axf" 
Erase Done.
Programming Done.
Verify OK.
Build target 'Target 1'
compiling main.c...
src\main.c(130): warning:  #1035-D: single-precision operand implicitly converted to double-precision
src\main.c(131): warning:  #1035-D: single-precision operand implicitly converted to double-precision
src\main.c(132): warning:  #1035-D: single-precision operand implicitly converted to double-precision
src\main.c(133): warning:  #1035-D: single-precision operand implicitly converted to double-precision
linking...
Program Size: Code=23104 RO-data=896 RW-data=56 ZI-data=1800  
".\obj\Lab3_Project.axf" - 0 Error(s), 4 Warning(s).
Load "H:\\My Documents\\MicroP\\Lab3\\Lab 3 Base Project\\obj\\Lab3_Project.axf" 
Erase Done.
Programming Done.
Verify OK.
Build target 'Target 1'
compiling main.c...
src\main.c(130): warning:  #1035-D: single-precision operand implicitly converted to double-precision
src\main.c(131): warning:  #1035-D: single-precision operand implicitly converted to double-precision
src\main.c(132): warning:  #1035-D: single-precision operand implicitly converted to double-precision
src\main.c(133): warning:  #1035-D: single-precision operand implicitly converted to double-precision
linking...
Program Size: Code=23104 RO-data=896 RW-data=56 ZI-data=1800  
".\obj\Lab3_Project.axf" - 0 Error(s), 4 Warning(s).
Load "H:\\My Documents\\MicroP\\Lab3\\Lab 3 Base Project\\obj\\Lab3_Project.axf" 
Erase Done.
Programming Done.
Verify OK.
Build target 'Target 1'
compiling main.c...
src\main.c(130): warning:  #1035-D: single-precision operand implicitly converted to double-precision
src\main.c(131): warning:  #1035-D: single-precision operand implicitly converted to double-precision
src\main.c(132): warning:  #1035-D: single-precision operand implicitly converted to double-precision
src\main.c(133): warning:  #1035-D: single-precision operand implicitly converted to double-precision
linking...
Program Size: Code=23104 RO-data=896 RW-data=56 ZI-data=1800  
".\obj\Lab3_Project.axf" - 0 Error(s), 4 Warning(s).
Load "H:\\My Documents\\MicroP\\Lab3\\Lab 3 Base Project\\obj\\Lab3_Project.axf" 
Erase Done.
Programming Done.
Verify OK.
Build target 'Target 1'
compiling main.c...
src\main.c(130): warning:  #1035-D: single-precision operand implicitly converted to double-precision
src\main.c(131): warning:  #1035-D: single-precision operand implicitly converted to double-precision
src\main.c(132): warning:  #1035-D: single-precision operand implicitly converted to double-precision
src\main.c(133): warning:  #1035-D: single-precision operand implicitly converted to double-precision
compiling accelerometer.c...
src\accelerometer.c(168): warning:  #223-D: function "printf" declared implicitly
src\accelerometer.c(168): error:  #20: identifier "return_vals" is undefined
Target not created
Build target 'Target 1'
compiling accelerometer.c...
src\accelerometer.c(168): warning:  #223-D: function "printf" declared implicitly
linking...
Program Size: Code=19664 RO-data=720 RW-data=56 ZI-data=1800  
".\obj\Lab3_Project.axf" - 0 Error(s), 1 Warning(s).
Load "H:\\My Documents\\MicroP\\Lab3\\Lab 3 Base Project\\obj\\Lab3_Project.axf" 
Erase Done.
Programming Done.
Verify OK.
Build target 'Target 1'
compiling main.c...
src\main.c(130): warning:  #1035-D: single-precision operand implicitly converted to double-precision
src\main.c(131): warning:  #1035-D: single-precision operand implicitly converted to double-precision
src\main.c(132): warning:  #1035-D: single-precision operand implicitly converted to double-precision
src\main.c(133): warning:  #1035-D: single-precision operand implicitly converted to double-precision
compiling accelerometer.c...
src\accelerometer.c(168): warning:  #223-D: function "printf" declared implicitly
compiling filter.c...
linking...
Program Size: Code=19664 RO-data=720 RW-data=56 ZI-data=1960  
".\obj\Lab3_Project.axf" - 0 Error(s), 5 Warning(s).
Load "H:\\My Documents\\MicroP\\Lab3\\Lab 3 Base Project\\obj\\Lab3_Project.axf" 
Erase Done.
Programming Done.
Verify OK.
Build target 'Target 1'
compiling main.c...
src\main.c(130): warning:  #1035-D: single-precision operand implicitly converted to double-precision
src\main.c(131): warning:  #1035-D: single-precision operand implicitly converted to double-precision
src\main.c(132): warning:  #1035-D: single-precision operand implicitly converted to double-precision
src\main.c(133): warning:  #1035-D: single-precision operand implicitly converted to double-precision
compiling accelerometer.c...
src\accelerometer.c(168): warning:  #223-D: function "printf" declared implicitly
compiling filter.c...
linking...
Program Size: Code=19664 RO-data=720 RW-data=56 ZI-data=1816  
".\obj\Lab3_Project.axf" - 0 Error(s), 5 Warning(s).
Build target 'Target 1'
compiling accelerometer.c...
linking...
Program Size: Code=19120 RO-data=720 RW-data=48 ZI-data=1816  
".\obj\Lab3_Project.axf" - 0 Error(s), 0 Warning(s).
Load "H:\\My Documents\\MicroP\\Lab3\\Lab 3 Base Project\\obj\\Lab3_Project.axf" 
Erase Done.
Programming Done.
Verify OK.
Build target 'Target 1'
compiling main.c...
src\main.c(130): warning:  #1035-D: single-precision operand implicitly converted to double-precision
src\main.c(131): warning:  #1035-D: single-precision operand implicitly converted to double-precision
src\main.c(132): warning:  #1035-D: single-precision operand implicitly converted to double-precision
src\main.c(133): warning:  #1035-D: single-precision operand implicitly converted to double-precision
linking...
Program Size: Code=23104 RO-data=896 RW-data=56 ZI-data=1816  
".\obj\Lab3_Project.axf" - 0 Error(s), 4 Warning(s).
Load "H:\\My Documents\\MicroP\\Lab3\\Lab 3 Base Project\\obj\\Lab3_Project.axf" 
Erase Done.
Programming Done.
Verify OK.
