ARM Linker, 5.03 [Build 69] [MDK-ARM Standard]

==============================================================================

Section Cross References

    system_stm32f4xx.o(.text) refers to system_stm32f4xx.o(.data) for SystemCoreClock
    startup_stm32f4xx.o(RESET) refers to startup_stm32f4xx.o(STACK) for __initial_sp
    startup_stm32f4xx.o(RESET) refers to startup_stm32f4xx.o(.text) for Reset_Handler
    startup_stm32f4xx.o(RESET) refers to hal_cm4.o(.emb_text) for SVC_Handler
    startup_stm32f4xx.o(RESET) refers to accelerometer.o(.text) for EXTI0_IRQHandler
    startup_stm32f4xx.o(RESET) refers to timers.o(.text) for TIM2_IRQHandler
    startup_stm32f4xx.o(.text) refers to system_stm32f4xx.o(.text) for SystemInit
    startup_stm32f4xx.o(.text) refers to entry.o(.ARM.Collect$$$$00000000) for __main
    rtx_conf_cm.o(.ARM.Collect$$$$000000FF) refers to rt_cmsis.o(i.osKernelStart) for osKernelStart
    rtx_conf_cm.o(.ARM.Collect$$$$000000FF) refers to rtx_conf_cm.o(.constdata) for .constdata
    rtx_conf_cm.o(.constdata) refers to rt_cmsis.o(i.osTimerThread) for osTimerThread
    rtx_conf_cm.o(.constdata) refers to rtx_conf_cm.o(.bss) for os_messageQ_q_osTimerMessageQ
    rtx_conf_cm.o(.constdata) refers to main.o(.text) for main
    main.o(.text) refers to gpio_config.o(.text) for GPIO_Configuration
    main.o(.text) refers to adc_config.o(.text) for ADC_Configuration
    main.o(.text) refers to accelerometer.o(.text) for ACCEL_Config
    main.o(.text) refers to timers.o(.text) for INTTIM_Config
    main.o(.text) refers to rt_cmsis.o(i.osMutexCreate) for osMutexCreate
    main.o(.text) refers to rt_cmsis.o(i.osThreadCreate) for osThreadCreate
    main.o(.text) refers to rt_cmsis.o(i.osDelay) for osDelay
    main.o(.text) refers to rt_cmsis.o(i.osSignalWait) for osSignalWait
    main.o(.text) refers to rt_cmsis.o(i.osMutexWait) for osMutexWait
    main.o(.text) refers to dflti.o(.text) for __aeabi_i2d
    main.o(.text) refers to dmul.o(.text) for __aeabi_dmul
    main.o(.text) refers to pow.o(i.__hardfp_pow) for __hardfp_pow
    main.o(.text) refers to dfixui.o(.text) for __aeabi_d2uiz
    main.o(.text) refers to rt_cmsis.o(i.osMutexRelease) for osMutexRelease
    main.o(.text) refers to f2d.o(.text) for __aeabi_f2d
    main.o(.text) refers to main.o(.constdata) for os_mutex_def_state_mutex
    main.o(.text) refers to main.o(.data) for state_mutex
    main.o(.text) refers to stm32f4xx_gpio.o(.text) for GPIO_ToggleBits
    main.o(.text) refers to led_control.o(.text) for rotate_Clockwise
    main.o(.text) refers to rt_cmsis.o(i.osSignalClear) for osSignalClear
    main.o(.constdata) refers to main.o(.bss) for os_mutex_cb_state_mutex
    main.o(.constdata) refers to main.o(.text) for temp_thread
    timers.o(.text) refers to stm32f4xx_tim.o(.text) for TIM_OC1Init
    timers.o(.text) refers to misc.o(.text) for NVIC_Init
    timers.o(.text) refers to stm32f4xx_rcc.o(.text) for RCC_APB1PeriphClockCmd
    timers.o(.text) refers to rt_cmsis.o(i.osSignalSet) for osSignalSet
    timers.o(.text) refers to system_stm32f4xx.o(.data) for SystemCoreClock
    timers.o(.text) refers to main.o(.data) for accel_tid
    gpio_config.o(.text) refers to stm32f4xx_gpio.o(.text) for GPIO_Init
    gpio_config.o(.text) refers to stm32f4xx_rcc.o(.text) for RCC_AHB1PeriphClockCmd
    adc_config.o(.text) refers to filter.o(.text) for Filter_Configuration
    adc_config.o(.text) refers to stm32f4xx_rcc.o(.text) for RCC_APB2PeriphClockCmd
    adc_config.o(.text) refers to stm32f4xx_adc.o(.text) for ADC_DeInit
    adc_config.o(.text) refers to f2d.o(.text) for __aeabi_f2d
    adc_config.o(.text) refers to ddiv.o(.text) for __aeabi_ddiv
    adc_config.o(.text) refers to dadd.o(.text) for __aeabi_dadd
    adc_config.o(.text) refers to d2f.o(.text) for __aeabi_d2f
    adc_config.o(.text) refers to adc_config.o(.bss) for Filter_Structure
    accelerometer.o(.text) refers to stm32f4_discovery_lis302dl.o(.text) for LIS302DL_Read
    accelerometer.o(.text) refers to stm32f4xx_rcc.o(.text) for RCC_APB2PeriphClockCmd
    accelerometer.o(.text) refers to stm32f4xx_syscfg.o(.text) for SYSCFG_EXTILineConfig
    accelerometer.o(.text) refers to stm32f4xx_exti.o(.text) for EXTI_Init
    accelerometer.o(.text) refers to misc.o(.text) for NVIC_Init
    accelerometer.o(.text) refers to filter.o(.text) for Filter_Configuration
    accelerometer.o(.text) refers to stm32f4xx_gpio.o(.text) for GPIO_ReadInputDataBit
    accelerometer.o(.text) refers to rt_cmsis.o(i.osSignalSet) for osSignalSet
    accelerometer.o(.text) refers to dflti.o(.text) for __aeabi_i2d
    accelerometer.o(.text) refers to dadd.o(.text) for __aeabi_dadd
    accelerometer.o(.text) refers to dfixi.o(.text) for __aeabi_d2iz
    accelerometer.o(.text) refers to pow.o(i.__hardfp_pow) for __hardfp_pow
    accelerometer.o(.text) refers to sqrt.o(i.__hardfp_sqrt) for __hardfp_sqrt
    accelerometer.o(.text) refers to ddiv.o(.text) for __aeabi_ddiv
[...]
    i.__set_errno                            0x08005058   Section        0  errno.o(i.__set_errno)
    i._init_box                              0x08005064   Section        0  rt_membox.o(i._init_box)
    i.dbg_init                               0x080050ac   Section        0  hal_cm.o(i.dbg_init)
    i.dbg_task_notify                        0x080050dc   Section        0  hal_cm.o(i.dbg_task_notify)
    i.dbg_task_switch                        0x080050fc   Section        0  hal_cm.o(i.dbg_task_switch)
    i.fabs                                   0x0800510c   Section        0  fabs.o(i.fabs)
    i.isrMessagePut                          0x0800512c   Section        0  rt_cmsis.o(i.isrMessagePut)
    isrMessagePut                            0x0800512d   Thumb Code    44  rt_cmsis.o(i.isrMessagePut)
    i.isr_evt_set                            0x08005158   Section        0  rt_event.o(i.isr_evt_set)
    i.isr_mbx_receive                        0x08005180   Section        0  rt_mailbox.o(i.isr_mbx_receive)
    i.isr_mbx_send                           0x080051d0   Section        0  rt_mailbox.o(i.isr_mbx_send)
    i.osDelay                                0x080051e0   Section        0  rt_cmsis.o(i.osDelay)
    i.osKernelStart                          0x080051f8   Section        0  rt_cmsis.o(i.osKernelStart)
    i.osMessageGet                           0x08005260   Section        0  rt_cmsis.o(i.osMessageGet)
    i.osMutexCreate                          0x080052a4   Section        0  rt_cmsis.o(i.osMutexCreate)
    i.osMutexRelease                         0x080052bc   Section        0  rt_cmsis.o(i.osMutexRelease)
    i.osMutexWait                            0x080052d4   Section        0  rt_cmsis.o(i.osMutexWait)
    i.osSignalClear                          0x080052ec   Section        0  rt_cmsis.o(i.osSignalClear)
    i.osSignalSet                            0x08005304   Section        0  rt_cmsis.o(i.osSignalSet)
    i.osSignalWait                           0x08005338   Section        0  rt_cmsis.o(i.osSignalWait)
    i.osThreadCreate                         0x08005350   Section        0  rt_cmsis.o(i.osThreadCreate)
    i.osThreadExit                           0x08005368   Section        0  rt_cmsis.o(i.osThreadExit)
    i.osTimerCall                            0x08005380   Section        0  rt_cmsis.o(i.osTimerCall)
    i.osTimerThread                          0x0800538c   Section        0  rt_cmsis.o(i.osTimerThread)
    i.rt_alloc_box                           0x080053b8   Section        0  rt_membox.o(i.rt_alloc_box)
    i.rt_alloc_mem                           0x080053d4   Section        0  rt_memory.o(i.rt_alloc_mem)
    i.rt_block                               0x08005410   Section        0  rt_task.o(i.rt_block)
    i.rt_chk_robin                           0x08005448   Section        0  rt_robin.o(i.rt_chk_robin)
    i.rt_dec_dly                             0x08005490   Section        0  rt_list.o(i.rt_dec_dly)
    i.rt_dispatch                            0x08005500   Section        0  rt_task.o(i.rt_dispatch)
    i.rt_dly_wait                            0x08005544   Section        0  rt_time.o(i.rt_dly_wait)
    i.rt_evt_clr                             0x0800554c   Section        0  rt_event.o(i.rt_evt_clr)
    i.rt_evt_psh                             0x08005568   Section        0  rt_event.o(i.rt_evt_psh)
    i.rt_evt_set                             0x080055b8   Section        0  rt_event.o(i.rt_evt_set)
    i.rt_evt_wait                            0x08005614   Section        0  rt_event.o(i.rt_evt_wait)
    i.rt_free_box                            0x08005654   Section        0  rt_membox.o(i.rt_free_box)
    i.rt_free_mem                            0x08005674   Section        0  rt_memory.o(i.rt_free_mem)
    i.rt_get_first                           0x0800569c   Section        0  rt_list.o(i.rt_get_first)
    i.rt_id2obj                              0x080056c4   Section        0  rt_cmsis.o(i.rt_id2obj)
    rt_id2obj                                0x080056c5   Thumb Code     8  rt_cmsis.o(i.rt_id2obj)
    i.rt_init_context                        0x080056cc   Section        0  rt_task.o(i.rt_init_context)
    rt_init_context                          0x080056cd   Thumb Code    60  rt_task.o(i.rt_init_context)
    i.rt_init_mem                            0x0800570c   Section        0  rt_memory.o(i.rt_init_mem)
    i.rt_init_robin                          0x08005728   Section        0  rt_robin.o(i.rt_init_robin)
    i.rt_init_stack                          0x08005740   Section        0  hal_cm.o(i.rt_init_stack)
    i.rt_mbx_check                           0x08005790   Section        0  rt_mailbox.o(i.rt_mbx_check)
    i.rt_mbx_init                            0x08005798   Section        0  rt_mailbox.o(i.rt_mbx_init)
    i.rt_mbx_psh                             0x080057b4   Section        0  rt_mailbox.o(i.rt_mbx_psh)
    i.rt_mbx_wait                            0x080058b0   Section        0  rt_mailbox.o(i.rt_mbx_wait)
    i.rt_ms2tick                             0x08005964   Section        0  rt_cmsis.o(i.rt_ms2tick)
    rt_ms2tick                               0x08005965   Thumb Code    50  rt_cmsis.o(i.rt_ms2tick)
    i.rt_mut_init                            0x080059a0   Section        0  rt_mutex.o(i.rt_mut_init)
    i.rt_mut_release                         0x080059b0   Section        0  rt_mutex.o(i.rt_mut_release)
    i.rt_mut_wait                            0x08005a50   Section        0  rt_mutex.o(i.rt_mut_wait)
    i.rt_pop_req                             0x08005ab4   Section        0  rt_system.o(i.rt_pop_req)
    i.rt_psh_req                             0x08005b2c   Section        0  rt_system.o(i.rt_psh_req)
    i.rt_psq_enq                             0x08005b4c   Section        0  rt_list.o(i.rt_psq_enq)
    i.rt_put_dly                             0x08005ba4   Section        0  rt_list.o(i.rt_put_dly)
    i.rt_put_prio                            0x08005c00   Section        0  rt_list.o(i.rt_put_prio)
    i.rt_put_rdy_first                       0x08005c38   Section        0  rt_list.o(i.rt_put_rdy_first)
    i.rt_resort_prio                         0x08005c4c   Section        0  rt_list.o(i.rt_resort_prio)
    i.rt_ret_regs                            0x08005c80   Section        0  hal_cm.o(i.rt_ret_regs)
    rt_ret_regs                              0x08005c81   Thumb Code    16  hal_cm.o(i.rt_ret_regs)
    i.rt_ret_val                             0x08005c90   Section        0  hal_cm.o(i.rt_ret_val)
    i.rt_ret_val2                            0x08005c9c   Section        0  hal_cm.o(i.rt_ret_val2)
    i.rt_rmv_dly                             0x08005cac   Section        0  rt_list.o(i.rt_rmv_dly)
    i.rt_rmv_list                            0x08005cd4   Section        0  rt_list.o(i.rt_rmv_list)
    i.rt_sem_psh                             0x08005d04   Section        0  rt_semaphore.o(i.rt_sem_psh)
    i.rt_stk_check                           0x08005d38   Section        0  rt_system.o(i.rt_stk_check)
    i.rt_switch_req                          0x08005d5c   Section        0  rt_task.o(i.rt_switch_req)
    i.rt_sys_init                            0x08005d84   Section        0  rt_task.o(i.rt_sys_init)
    i.rt_systick                             0x08005ec4   Section        0  rt_system.o(i.rt_systick)
    i.rt_tid2ptcb                            0x08005f00   Section        0  rt_cmsis.o(i.rt_tid2ptcb)
    rt_tid2ptcb                              0x08005f01   Thumb Code    18  rt_cmsis.o(i.rt_tid2ptcb)
    i.rt_timer_insert                        0x08005f14   Section        0  rt_cmsis.o(i.rt_timer_insert)
    rt_timer_insert                          0x08005f15   Thumb Code    56  rt_cmsis.o(i.rt_timer_insert)
    i.rt_tsk_create                          0x08005f50   Section        0  rt_task.o(i.rt_tsk_create)
    i.rt_tsk_delete                          0x08005fd0   Section        0  rt_task.o(i.rt_tsk_delete)
    i.rt_tsk_self                            0x0800607c   Section        0  rt_task.o(i.rt_tsk_self)
    i.sqrt                                   0x0800608c   Section        0  sqrt.o(i.sqrt)
    i.svcDelay                               0x080060fa   Section        0  rt_cmsis.o(i.svcDelay)
    i.svcKernelStart                         0x08006110   Section        0  rt_cmsis.o(i.svcKernelStart)
    i.svcMessageCreate                       0x080061e4   Section        0  rt_cmsis.o(i.svcMessageCreate)
    i.svcMessageGet                          0x08006208   Section        0  rt_cmsis.o(i.svcMessageGet)
    i.svcMutexCreate                         0x08006242   Section        0  rt_cmsis.o(i.svcMutexCreate)
    i.svcMutexRelease                        0x0800625e   Section        0  rt_cmsis.o(i.svcMutexRelease)
    i.svcMutexWait                           0x08006280   Section        0  rt_cmsis.o(i.svcMutexWait)
    i.svcSignalClear                         0x080062b6   Section        0  rt_cmsis.o(i.svcSignalClear)
    i.svcSignalSet                           0x080062da   Section        0  rt_cmsis.o(i.svcSignalSet)
    i.svcSignalWait                          0x08006300   Section        0  rt_cmsis.o(i.svcSignalWait)
    i.svcThreadCreate                        0x08006354   Section        0  rt_cmsis.o(i.svcThreadCreate)
    i.svcThreadGetId                         0x080063c4   Section        0  rt_cmsis.o(i.svcThreadGetId)
    i.svcThreadTerminate                     0x080063e0   Section        0  rt_cmsis.o(i.svcThreadTerminate)
    i.svcTimerCall                           0x08006418   Section        0  rt_cmsis.o(i.svcTimerCall)
    i.sysTimerTick                           0x08006430   Section        0  rt_cmsis.o(i.sysTimerTick)
    .constdata                               0x08006484   Section       88  rtx_conf_cm.o(.constdata)
    __tagsym$$used                           0x08006498   Number         0  rtx_conf_cm.o(.constdata)
    __tagsym$$used                           0x0800649c   Number         0  rtx_conf_cm.o(.constdata)
    .constdata                               0x080064dc   Section       68  main.o(.constdata)
    .constdata                               0x08006520   Section      152  atan.o(.constdata)
    atanhi                                   0x08006520   Data          32  atan.o(.constdata)
    atanlo                                   0x08006540   Data          32  atan.o(.constdata)
    aTodd                                    0x08006560   Data          40  atan.o(.constdata)
    aTeven                                   0x08006588   Data          48  atan.o(.constdata)
    .constdata                               0x080065b8   Section      136  pow.o(.constdata)
    bp                                       0x080065b8   Data          16  pow.o(.constdata)
    dp_h                                     0x080065c8   Data          16  pow.o(.constdata)
    dp_l                                     0x080065d8   Data          16  pow.o(.constdata)
    L                                        0x080065e8   Data          48  pow.o(.constdata)
    P                                        0x08006618   Data          40  pow.o(.constdata)
    .constdata                               0x08006640   Section        8  qnan.o(.constdata)
    .bss                                     0x10000000   Section     6992  rtx_conf_cm.o(.bss)
    .data                                    0x20000000   Section       20  system_stm32f4xx.o(.data)
    .data                                    0x20000014   Section       16  rtx_conf_cm.o(.data)
    .data                                    0x20000024   Section       24  main.o(.data)
    .data                                    0x2000003c   Section       16  stm32f4xx_rcc.o(.data)
    APBAHBPrescTable                         0x2000003c   Data          16  stm32f4xx_rcc.o(.data)
    .data                                    0x2000004c   Section        4  stm32f4_discovery_lis302dl.o(.data)
    .data                                    0x20000050   Section        4  rt_cmsis.o(.data)
    .data                                    0x20000054   Section        8  rt_task.o(.data)
    .data                                    0x2000005c   Section        3  rt_system.o(.data)
    os_lock                                  0x2000005c   Data           1  rt_system.o(.data)
    os_psh_flag                              0x2000005d   Data           1  rt_system.o(.data)
    pend_flags                               0x2000005e   Data           1  rt_system.o(.data)
    .data                                    0x20000060   Section        2  rt_time.o(.data)
    .data                                    0x20000062   Section        1  hal_cm.o(.data)
    .data                                    0x20000064   Section        8  rt_robin.o(.data)
    .data                                    0x2000006c   Section        4  errno.o(.data)
    _errno                                   0x2000006c   Data           4  errno.o(.data)
    .bss                                     0x20000070   Section       12  main.o(.bss)
    .bss                                     0x2000007c   Section       60  adc_config.o(.bss)
    .bss                                     0x200000b8   Section      180  accelerometer.o(.bss)
    .bss                                     0x2000016c   Section       48  rt_task.o(.bss)
    .bss                                     0x2000019c   Section       48  rt_list.o(.bss)
    STACK                                    0x200001d0   Section     1024  startup_stm32f4xx.o(STACK)

    Global Symbols

    Symbol Name                              Value     Ov Type        Size  Object(Section)

    BuildAttributes$$THM_ISAv4$E$P$D$K$B$S$7EM$VFPi3$EXTD16$VFPS$VFMA$PE$A:L22UL41UL21$X:L11$S22US41US21$IEEE1$IW$USESV6$~STKCKD$USESV7$~SHL$OTIME$ROPI$IEEEX$EBA8$MICROLIB$REQ8$PRES8$EABIv2 0x00000000   Number         0  anon$$obj.o ABSOLUTE
    __ARM_use_no_argv                        0x00000000   Number         0  main.o ABSOLUTE
    __cpp_initialize__aeabi_                  - Undefined Weak Reference
    __cxa_finalize                            - Undefined Weak Reference
    __decompress                              - Undefined Weak Reference
    _clock_init                               - Undefined Weak Reference
    _microlib_exit                            - Undefined Weak Reference
    __Vectors_Size                           0x00000188   Number         0  startup_stm32f4xx.o ABSOLUTE
    __RL_RTX_VER                             0x00000422   Number         0  rt_system.o ABSOLUTE
    __Vectors                                0x08000000   Data           4  startup_stm32f4xx.o(RESET)
    __Vectors_End                            0x08000188   Data           0  startup_stm32f4xx.o(RESET)
    __main                                   0x08000189   Thumb Code     0  entry.o(.ARM.Collect$$$$00000000)
    _main_stk                                0x08000189   Thumb Code     0  entry2.o(.ARM.Collect$$$$00000001)
    _main_scatterload                        0x0800018d   Thumb Code     0  entry5.o(.ARM.Collect$$$$00000004)
    __main_after_scatterload                 0x08000191   Thumb Code     0  entry5.o(.ARM.Collect$$$$00000004)
    __rt_final_cpp                           0x08000191   Thumb Code     0  entry10a.o(.ARM.Collect$$$$0000000D)
    __rt_final_exit                          0x08000191   Thumb Code     0  entry11a.o(.ARM.Collect$$$$0000000F)
    _main_clock                              0x08000191   Thumb Code     0  entry7b.o(.ARM.Collect$$$$00000008)
    _main_cpp_init                           0x08000191   Thumb Code     0  entry8b.o(.ARM.Collect$$$$0000000A)
    _main_init                               0x08000191   Thumb Code    10  rtx_conf_cm.o(.ARM.Collect$$$$000000FF)
    rt_set_PSP                               0x080001a5   Thumb Code     6  hal_cm4.o(.emb_text)
    os_set_env                               0x080001ab   Thumb Code    26  hal_cm4.o(.emb_text)
    _alloc_box                               0x080001c9   Thumb Code    28  hal_cm4.o(.emb_text)
    _free_box                                0x080001e9   Thumb Code    28  hal_cm4.o(.emb_text)
    SVC_Handler                              0x08000209   Thumb Code   152  hal_cm4.o(.emb_text)
    PendSV_Handler                           0x080002ad   Thumb Code     0  hal_cm4.o(.emb_text)
    Sys_Handler                              0x080002ad   Thumb Code   104  hal_cm4.o(.emb_text)
    SysTick_Handler                          0x0800030d   Thumb Code     0  hal_cm4.o(.emb_text)
    SystemInit                               0x080003f3   Thumb Code    88  system_stm32f4xx.o(.text)
    SystemCoreClockUpdate                    0x0800044b   Thumb Code   174  system_stm32f4xx.o(.text)
    Reset_Handler                            0x08000525   Thumb Code     8  startup_stm32f4xx.o(.text)
    NMI_Handler                              0x0800052d   Thumb Code     2  startup_stm32f4xx.o(.text)
    HardFault_Handler                        0x0800052f   Thumb Code     2  startup_stm32f4xx.o(.text)
    MemManage_Handler                        0x08000531   Thumb Code     2  startup_stm32f4xx.o(.text)
    BusFault_Handler                         0x08000533   Thumb Code     2  startup_stm32f4xx.o(.text)
    UsageFault_Handler                       0x08000535   Thumb Code     2  startup_stm32f4xx.o(.text)
    DebugMon_Handler                         0x08000539   Thumb Code     2  startup_stm32f4xx.o(.text)
    ADC_IRQHandler                           0x0800053f   Thumb Code     0  startup_stm32f4xx.o(.text)
    CAN1_RX0_IRQHandler                      0x0800053f   Thumb Code     0  startup_stm32f4xx.o(.text)
    CAN1_RX1_IRQHandler                      0x0800053f   Thumb Code     0  startup_stm32f4xx.o(.text)
    CAN1_SCE_IRQHandler                      0x0800053f   Thumb Code     0  startup_stm32f4xx.o(.text)
    CAN1_TX_IRQHandler                       0x0800053f   Thumb Code     0  startup_stm32f4xx.o(.text)
    CAN2_RX0_IRQHandler                      0x0800053f   Thumb Code     0  startup_stm32f4xx.o(.text)
    CAN2_RX1_IRQHandler                      0x0800053f   Thumb Code     0  startup_stm32f4xx.o(.text)
    CAN2_SCE_IRQHandler                      0x0800053f   Thumb Code     0  startup_stm32f4xx.o(.text)
    CAN2_TX_IRQHandler                       0x0800053f   Thumb Code     0  startup_stm32f4xx.o(.text)
    CRYP_IRQHandler                          0x0800053f   Thumb Code     0  startup_stm32f4xx.o(.text)
    DCMI_IRQHandler                          0x0800053f   Thumb Code     0  startup_stm32f4xx.o(.text)
    DMA1_Stream0_IRQHandler                  0x0800053f   Thumb Code     0  startup_stm32f4xx.o(.text)
    DMA1_Stream1_IRQHandler                  0x0800053f   Thumb Code     0  startup_stm32f4xx.o(.text)
    DMA1_Stream2_IRQHandler                  0x0800053f   Thumb Code     0  startup_stm32f4xx.o(.text)
    DMA1_Stream3_IRQHandler                  0x0800053f   Thumb Code     0  startup_stm32f4xx.o(.text)
    DMA1_Stream4_IRQHandler                  0x0800053f   Thumb Code     0  startup_stm32f4xx.o(.text)
    DMA1_Stream5_IRQHandler                  0x0800053f   Thumb Code     0  startup_stm32f4xx.o(.text)
    DMA1_Stream6_IRQHandler                  0x0800053f   Thumb Code     0  startup_stm32f4xx.o(.text)
    DMA1_Stream7_IRQHandler                  0x0800053f   Thumb Code     0  startup_stm32f4xx.o(.text)
    DMA2_Stream0_IRQHandler                  0x0800053f   Thumb Code     0  startup_stm32f4xx.o(.text)
    DMA2_Stream1_IRQHandler                  0x0800053f   Thumb Code     0  startup_stm32f4xx.o(.text)
    DMA2_Stream2_IRQHandler                  0x0800053f   Thumb Code     0  startup_stm32f4xx.o(.text)
    DMA2_Stream3_IRQHandler                  0x0800053f   Thumb Code     0  startup_stm32f4xx.o(.text)
    DMA2_Stream4_IRQHandler                  0x0800053f   Thumb Code     0  startup_stm32f4xx.o(.text)
    DMA2_Stream5_IRQHandler                  0x0800053f   Thumb Code     0  startup_stm32f4xx.o(.text)
    DMA2_Stream6_IRQHandler                  0x0800053f   Thumb Code     0  startup_stm32f4xx.o(.text)
    DMA2_Stream7_IRQHandler                  0x0800053f   Thumb Code     0  startup_stm32f4xx.o(.text)
    ETH_IRQHandler                           0x0800053f   Thumb Code     0  startup_stm32f4xx.o(.text)
    ETH_WKUP_IRQHandler                      0x0800053f   Thumb Code     0  startup_stm32f4xx.o(.text)
    EXTI15_10_IRQHandler                     0x0800053f   Thumb Code     0  startup_stm32f4xx.o(.text)
    EXTI1_IRQHandler                         0x0800053f   Thumb Code     0  startup_stm32f4xx.o(.text)
    EXTI2_IRQHandler                         0x0800053f   Thumb Code     0  startup_stm32f4xx.o(.text)
    EXTI3_IRQHandler                         0x0800053f   Thumb Code     0  startup_stm32f4xx.o(.text)
    EXTI4_IRQHandler                         0x0800053f   Thumb Code     0  startup_stm32f4xx.o(.text)
    EXTI9_5_IRQHandler                       0x0800053f   Thumb Code     0  startup_stm32f4xx.o(.text)
    FLASH_IRQHandler                         0x0800053f   Thumb Code     0  startup_stm32f4xx.o(.text)
    FPU_IRQHandler                           0x0800053f   Thumb Code     0  startup_stm32f4xx.o(.text)
    FSMC_IRQHandler                          0x0800053f   Thumb Code     0  startup_stm32f4xx.o(.text)
    HASH_RNG_IRQHandler                      0x0800053f   Thumb Code     0  startup_stm32f4xx.o(.text)
    I2C1_ER_IRQHandler                       0x0800053f   Thumb Code     0  startup_stm32f4xx.o(.text)
    I2C1_EV_IRQHandler                       0x0800053f   Thumb Code     0  startup_stm32f4xx.o(.text)
    I2C2_ER_IRQHandler                       0x0800053f   Thumb Code     0  startup_stm32f4xx.o(.text)
    I2C2_EV_IRQHandler                       0x0800053f   Thumb Code     0  startup_stm32f4xx.o(.text)
    I2C3_ER_IRQHandler                       0x0800053f   Thumb Code     0  startup_stm32f4xx.o(.text)
    I2C3_EV_IRQHandler                       0x0800053f   Thumb Code     0  startup_stm32f4xx.o(.text)
    OTG_FS_IRQHandler                        0x0800053f   Thumb Code     0  startup_stm32f4xx.o(.text)
    OTG_FS_WKUP_IRQHandler                   0x0800053f   Thumb Code     0  startup_stm32f4xx.o(.text)
    OTG_HS_EP1_IN_IRQHandler                 0x0800053f   Thumb Code     0  startup_stm32f4xx.o(.text)
    OTG_HS_EP1_OUT_IRQHandler                0x0800053f   Thumb Code     0  startup_stm32f4xx.o(.text)
    OTG_HS_IRQHandler                        0x0800053f   Thumb Code     0  startup_stm32f4xx.o(.text)
    OTG_HS_WKUP_IRQHandler                   0x0800053f   Thumb Code     0  startup_stm32f4xx.o(.text)
    PVD_IRQHandler                           0x0800053f   Thumb Code     0  startup_stm32f4xx.o(.text)
    RCC_IRQHandler                           0x0800053f   Thumb Code     0  startup_stm32f4xx.o(.text)
    RTC_Alarm_IRQHandler                     0x0800053f   Thumb Code     0  startup_stm32f4xx.o(.text)
    RTC_WKUP_IRQHandler                      0x0800053f   Thumb Code     0  startup_stm32f4xx.o(.text)
    SDIO_IRQHandler                          0x0800053f   Thumb Code     0  startup_stm32f4xx.o(.text)
    SPI1_IRQHandler                          0x0800053f   Thumb Code     0  startup_stm32f4xx.o(.text)
    SPI2_IRQHandler                          0x0800053f   Thumb Code     0  startup_stm32f4xx.o(.text)
    SPI3_IRQHandler                          0x0800053f   Thumb Code     0  startup_stm32f4xx.o(.text)
    TAMP_STAMP_IRQHandler                    0x0800053f   Thumb Code     0  startup_stm32f4xx.o(.text)
    TIM1_BRK_TIM9_IRQHandler                 0x0800053f   Thumb Code     0  startup_stm32f4xx.o(.text)
    TIM1_CC_IRQHandler                       0x0800053f   Thumb Code     0  startup_stm32f4xx.o(.text)
    TIM1_TRG_COM_TIM11_IRQHandler            0x0800053f   Thumb Code     0  startup_stm32f4xx.o(.text)
    TIM1_UP_TIM10_IRQHandler                 0x0800053f   Thumb Code     0  startup_stm32f4xx.o(.text)
    TIM3_IRQHandler                          0x0800053f   Thumb Code     0  startup_stm32f4xx.o(.text)
    TIM4_IRQHandler                          0x0800053f   Thumb Code     0  startup_stm32f4xx.o(.text)
    TIM6_DAC_IRQHandler                      0x0800053f   Thumb Code     0  startup_stm32f4xx.o(.text)
    TIM7_IRQHandler                          0x0800053f   Thumb Code     0  startup_stm32f4xx.o(.text)
    TIM8_BRK_TIM12_IRQHandler                0x0800053f   Thumb Code     0  startup_stm32f4xx.o(.text)
    TIM8_CC_IRQHandler                       0x0800053f   Thumb Code     0  startup_stm32f4xx.o(.text)
    TIM8_TRG_COM_TIM14_IRQHandler            0x0800053f   Thumb Code     0  startup_stm32f4xx.o(.text)
    TIM8_UP_TIM13_IRQHandler                 0x0800053f   Thumb Code     0  startup_stm32f4xx.o(.text)
    UART4_IRQHandler                         0x0800053f   Thumb Code     0  startup_stm32f4xx.o(.text)
    UART5_IRQHandler                         0x0800053f   Thumb Code     0  startup_stm32f4xx.o(.text)
    USART1_IRQHandler                        0x0800053f   Thumb Code     0  startup_stm32f4xx.o(.text)
    USART2_IRQHandler                        0x0800053f   Thumb Code     0  startup_stm32f4xx.o(.text)
    USART3_IRQHandler                        0x0800053f   Thumb Code     0  startup_stm32f4xx.o(.text)
    USART6_IRQHandler                        0x0800053f   Thumb Code     0  startup_stm32f4xx.o(.text)
    WWDG_IRQHandler                          0x0800053f   Thumb Code     0  startup_stm32f4xx.o(.text)
    os_idle_demon                            0x08000549   Thumb Code     4  rtx_conf_cm.o(.text)
    os_error                                 0x0800054d   Thumb Code     4  rtx_conf_cm.o(.text)
    main                                     0x08000551   Thumb Code    88  main.o(.text)
    accel_thread                             0x080005a9   Thumb Code   872  main.o(.text)
    temp_thread                              0x08000911   Thumb Code   322  main.o(.text)
    button_thread                            0x08000a53   Thumb Code   144  main.o(.text)
    tap_thread                               0x08000ae3   Thumb Code   114  main.o(.text)
    PWM_config                               0x08000b75   Thumb Code   106  timers.o(.text)
    INTTIM_Config                            0x08000bdf   Thumb Code   198  timers.o(.text)
    TIM2_IRQHandler                          0x08000ca5   Thumb Code    32  timers.o(.text)
    TIM5_IRQHandler                          0x08000cc5   Thumb Code    42  timers.o(.text)
    LED_BlinkConfig                          0x08000d0d   Thumb Code    54  gpio_config.o(.text)
    GPIO_Configuration                       0x08000d43   Thumb Code    58  gpio_config.o(.text)
    LED_AFConfig                             0x08000d7d   Thumb Code    82  gpio_config.o(.text)
    ADC_Configuration                        0x08000dd9   Thumb Code    90  adc_config.o(.text)
    read_Temp                                0x08000e33   Thumb Code   208  adc_config.o(.text)
    Filter_Configuration                     0x08000f29   Thumb Code    58  filter.o(.text)
    filter_Value                             0x08000f63   Thumb Code    96  filter.o(.text)
    Clear_Accel_Int                          0x08000fc9   Thumb Code    14  accelerometer.o(.text)
    Accel_Interrupt_Config                   0x08000fd7   Thumb Code   150  accelerometer.o(.text)
    ACCEL_Config                             0x0800106d   Thumb Code    84  accelerometer.o(.text)
    EXTI0_IRQHandler                         0x080010c1   Thumb Code    36  accelerometer.o(.text)
    read_Accelerometer                       0x080010e5   Thumb Code   714  accelerometer.o(.text)
    rotate_Clockwise                         0x080013ed   Thumb Code   146  led_control.o(.text)
    rotate_CClockwise                        0x0800147f   Thumb Code   146  led_control.o(.text)
    NVIC_PriorityGroupConfig                 0x08001515   Thumb Code    10  misc.o(.text)
    NVIC_Init                                0x0800151f   Thumb Code   108  misc.o(.text)
    NVIC_SetVectorTable                      0x0800158b   Thumb Code    14  misc.o(.text)
    NVIC_SystemLPConfig                      0x08001599   Thumb Code    34  misc.o(.text)
    SysTick_CLKSourceConfig                  0x080015bb   Thumb Code    40  misc.o(.text)
    ADC_DeInit                               0x080015f9   Thumb Code    22  stm32f4xx_adc.o(.text)
    ADC_Init                                 0x0800160f   Thumb Code    74  stm32f4xx_adc.o(.text)
    ADC_StructInit                           0x08001659   Thumb Code    20  stm32f4xx_adc.o(.text)
    ADC_CommonInit                           0x0800166d   Thumb Code    44  stm32f4xx_adc.o(.text)
    ADC_CommonStructInit                     0x08001699   Thumb Code    12  stm32f4xx_adc.o(.text)
    ADC_Cmd                                  0x080016a5   Thumb Code    22  stm32f4xx_adc.o(.text)
    ADC_AnalogWatchdogCmd                    0x080016bb   Thumb Code    16  stm32f4xx_adc.o(.text)
    ADC_AnalogWatchdogThresholdsConfig       0x080016cb   Thumb Code     6  stm32f4xx_adc.o(.text)
    ADC_AnalogWatchdogSingleChannelConfig    0x080016d1   Thumb Code    16  stm32f4xx_adc.o(.text)
    ADC_TempSensorVrefintCmd                 0x080016e1   Thumb Code    34  stm32f4xx_adc.o(.text)
    ADC_VBATCmd                              0x08001703   Thumb Code    34  stm32f4xx_adc.o(.text)
    ADC_RegularChannelConfig                 0x08001725   Thumb Code   184  stm32f4xx_adc.o(.text)
    ADC_SoftwareStartConv                    0x080017dd   Thumb Code    10  stm32f4xx_adc.o(.text)
    ADC_GetSoftwareStartConvStatus           0x080017e7   Thumb Code    20  stm32f4xx_adc.o(.text)
    ADC_EOCOnEachRegularChannelCmd           0x080017fb   Thumb Code    22  stm32f4xx_adc.o(.text)
    ADC_ContinuousModeCmd                    0x08001811   Thumb Code    22  stm32f4xx_adc.o(.text)
    ADC_DiscModeChannelCountConfig           0x08001827   Thumb Code    24  stm32f4xx_adc.o(.text)
    ADC_DiscModeCmd                          0x0800183f   Thumb Code    22  stm32f4xx_adc.o(.text)
    ADC_GetConversionValue                   0x08001855   Thumb Code     8  stm32f4xx_adc.o(.text)
    ADC_GetMultiModeConversionValue          0x0800185d   Thumb Code     6  stm32f4xx_adc.o(.text)
    ADC_DMACmd                               0x08001863   Thumb Code    22  stm32f4xx_adc.o(.text)
    ADC_DMARequestAfterLastTransferCmd       0x08001879   Thumb Code    22  stm32f4xx_adc.o(.text)
    ADC_MultiModeDMARequestAfterLastTransferCmd 0x0800188f   Thumb Code    34  stm32f4xx_adc.o(.text)
    ADC_InjectedChannelConfig                0x080018b1   Thumb Code   130  stm32f4xx_adc.o(.text)
    ADC_InjectedSequencerLengthConfig        0x08001933   Thumb Code    24  stm32f4xx_adc.o(.text)
    ADC_SetInjectedOffset                    0x0800194b   Thumb Code    20  stm32f4xx_adc.o(.text)
    ADC_ExternalTrigInjectedConvConfig       0x0800195f   Thumb Code    16  stm32f4xx_adc.o(.text)
    ADC_ExternalTrigInjectedConvEdgeConfig   0x0800196f   Thumb Code    16  stm32f4xx_adc.o(.text)
    ADC_SoftwareStartInjectedConv            0x0800197f   Thumb Code    10  stm32f4xx_adc.o(.text)
    ADC_GetSoftwareStartInjectedConvCmdStatus 0x08001989   Thumb Code    20  stm32f4xx_adc.o(.text)
    ADC_AutoInjectedConvCmd                  0x0800199d   Thumb Code    22  stm32f4xx_adc.o(.text)
    ADC_InjectedDiscModeCmd                  0x080019b3   Thumb Code    22  stm32f4xx_adc.o(.text)
    ADC_GetInjectedConversionValue           0x080019c9   Thumb Code    28  stm32f4xx_adc.o(.text)
    ADC_ITConfig                             0x080019e5   Thumb Code    60  stm32f4xx_adc.o(.text)
    ADC_GetFlagStatus                        0x08001a21   Thumb Code    18  stm32f4xx_adc.o(.text)
    ADC_ClearFlag                            0x08001a33   Thumb Code     6  stm32f4xx_adc.o(.text)
    ADC_GetITStatus                          0x08001a39   Thumb Code    38  stm32f4xx_adc.o(.text)
    ADC_ClearITPendingBit                    0x08001a5f   Thumb Code    10  stm32f4xx_adc.o(.text)
    EXTI_DeInit                              0x08001a69   Thumb Code    28  stm32f4xx_exti.o(.text)
    EXTI_Init                                0x08001a85   Thumb Code   142  stm32f4xx_exti.o(.text)
    EXTI_StructInit                          0x08001b13   Thumb Code    16  stm32f4xx_exti.o(.text)
    EXTI_GenerateSWInterrupt                 0x08001b23   Thumb Code    16  stm32f4xx_exti.o(.text)
    EXTI_GetFlagStatus                       0x08001b33   Thumb Code    22  stm32f4xx_exti.o(.text)
    EXTI_ClearFlag                           0x08001b49   Thumb Code     8  stm32f4xx_exti.o(.text)
    EXTI_GetITStatus                         0x08001b51   Thumb Code    34  stm32f4xx_exti.o(.text)
    EXTI_ClearITPendingBit                   0x08001b73   Thumb Code     8  stm32f4xx_exti.o(.text)
    GPIO_DeInit                              0x08001b85   Thumb Code   220  stm32f4xx_gpio.o(.text)
    GPIO_Init                                0x08001c61   Thumb Code   144  stm32f4xx_gpio.o(.text)
    GPIO_StructInit                          0x08001cf1   Thumb Code    18  stm32f4xx_gpio.o(.text)
    GPIO_PinLockConfig                       0x08001d03   Thumb Code    34  stm32f4xx_gpio.o(.text)
    GPIO_ReadInputDataBit                    0x08001d25   Thumb Code    18  stm32f4xx_gpio.o(.text)
    GPIO_ReadInputData                       0x08001d37   Thumb Code     8  stm32f4xx_gpio.o(.text)
    GPIO_ReadOutputDataBit                   0x08001d3f   Thumb Code    18  stm32f4xx_gpio.o(.text)
    GPIO_ReadOutputData                      0x08001d51   Thumb Code     8  stm32f4xx_gpio.o(.text)
    GPIO_SetBits                             0x08001d59   Thumb Code     4  stm32f4xx_gpio.o(.text)
    GPIO_ResetBits                           0x08001d5d   Thumb Code     4  stm32f4xx_gpio.o(.text)
    GPIO_WriteBit                            0x08001d61   Thumb Code    10  stm32f4xx_gpio.o(.text)
    GPIO_Write                               0x08001d6b   Thumb Code     4  stm32f4xx_gpio.o(.text)
    GPIO_ToggleBits                          0x08001d6f   Thumb Code     8  stm32f4xx_gpio.o(.text)
    GPIO_PinAFConfig                         0x08001d77   Thumb Code    70  stm32f4xx_gpio.o(.text)
    RCC_DeInit                               0x08001de1   Thumb Code    60  stm32f4xx_rcc.o(.text)
    RCC_HSEConfig                            0x08001e1d   Thumb Code    14  stm32f4xx_rcc.o(.text)
    RCC_GetFlagStatus                        0x08001e2b   Thumb Code    60  stm32f4xx_rcc.o(.text)
    RCC_WaitForHSEStartUp                    0x08001e67   Thumb Code    56  stm32f4xx_rcc.o(.text)
    RCC_AdjustHSICalibrationValue            0x08001e9f   Thumb Code    20  stm32f4xx_rcc.o(.text)
    RCC_HSICmd                               0x08001eb3   Thumb Code     6  stm32f4xx_rcc.o(.text)
    RCC_LSEConfig                            0x08001eb9   Thumb Code    46  stm32f4xx_rcc.o(.text)
    RCC_LSICmd                               0x08001ee7   Thumb Code     6  stm32f4xx_rcc.o(.text)
    RCC_PLLConfig                            0x08001eed   Thumb Code    32  stm32f4xx_rcc.o(.text)
    RCC_PLLCmd                               0x08001f0d   Thumb Code     6  stm32f4xx_rcc.o(.text)
    RCC_PLLI2SConfig                         0x08001f13   Thumb Code    14  stm32f4xx_rcc.o(.text)
    RCC_PLLI2SCmd                            0x08001f21   Thumb Code     6  stm32f4xx_rcc.o(.text)
    RCC_ClockSecuritySystemCmd               0x08001f27   Thumb Code     6  stm32f4xx_rcc.o(.text)
    RCC_MCO1Config                           0x08001f2d   Thumb Code    28  stm32f4xx_rcc.o(.text)
    RCC_MCO2Config                           0x08001f49   Thumb Code    28  stm32f4xx_rcc.o(.text)
    RCC_SYSCLKConfig                         0x08001f65   Thumb Code    20  stm32f4xx_rcc.o(.text)
    RCC_GetSYSCLKSource                      0x08001f79   Thumb Code    12  stm32f4xx_rcc.o(.text)
    RCC_HCLKConfig                           0x08001f85   Thumb Code    20  stm32f4xx_rcc.o(.text)
    RCC_PCLK1Config                          0x08001f99   Thumb Code    20  stm32f4xx_rcc.o(.text)
    RCC_PCLK2Config                          0x08001fad   Thumb Code    22  stm32f4xx_rcc.o(.text)
    RCC_GetClocksFreq                        0x08001fc3   Thumb Code   222  stm32f4xx_rcc.o(.text)
    RCC_RTCCLKConfig                         0x080020a1   Thumb Code    54  stm32f4xx_rcc.o(.text)
    RCC_RTCCLKCmd                            0x080020d7   Thumb Code     8  stm32f4xx_rcc.o(.text)
    RCC_BackupResetCmd                       0x080020df   Thumb Code     8  stm32f4xx_rcc.o(.text)
    RCC_I2SCLKConfig                         0x080020e7   Thumb Code     6  stm32f4xx_rcc.o(.text)
    RCC_AHB1PeriphClockCmd                   0x080020ed   Thumb Code    34  stm32f4xx_rcc.o(.text)
    RCC_AHB2PeriphClockCmd                   0x0800210f   Thumb Code    34  stm32f4xx_rcc.o(.text)
    RCC_AHB3PeriphClockCmd                   0x08002131   Thumb Code    34  stm32f4xx_rcc.o(.text)
    RCC_APB1PeriphClockCmd                   0x08002153   Thumb Code    34  stm32f4xx_rcc.o(.text)
    RCC_APB2PeriphClockCmd                   0x08002175   Thumb Code    34  stm32f4xx_rcc.o(.text)
    RCC_AHB1PeriphResetCmd                   0x08002197   Thumb Code    34  stm32f4xx_rcc.o(.text)
    RCC_AHB2PeriphResetCmd                   0x080021b9   Thumb Code    72  stm32f4xx_rcc.o(.text)
    RCC_AHB3PeriphResetCmd                   0x08002201   Thumb Code    34  stm32f4xx_rcc.o(.text)
    RCC_APB1PeriphResetCmd                   0x08002223   Thumb Code    34  stm32f4xx_rcc.o(.text)
    RCC_APB2PeriphResetCmd                   0x08002245   Thumb Code    34  stm32f4xx_rcc.o(.text)
    RCC_AHB1PeriphClockLPModeCmd             0x08002267   Thumb Code    34  stm32f4xx_rcc.o(.text)
    RCC_AHB2PeriphClockLPModeCmd             0x08002289   Thumb Code    34  stm32f4xx_rcc.o(.text)
    RCC_AHB3PeriphClockLPModeCmd             0x080022ab   Thumb Code    34  stm32f4xx_rcc.o(.text)
    RCC_APB1PeriphClockLPModeCmd             0x080022cd   Thumb Code    34  stm32f4xx_rcc.o(.text)
    RCC_APB2PeriphClockLPModeCmd             0x080022ef   Thumb Code    34  stm32f4xx_rcc.o(.text)
    RCC_ITConfig                             0x08002311   Thumb Code    34  stm32f4xx_rcc.o(.text)
    RCC_ClearFlag                            0x08002333   Thumb Code    18  stm32f4xx_rcc.o(.text)
    RCC_GetITStatus                          0x08002345   Thumb Code    22  stm32f4xx_rcc.o(.text)
    RCC_ClearITPendingBit                    0x0800235b   Thumb Code     8  stm32f4xx_rcc.o(.text)
    SPI_I2S_DeInit                           0x08002369   Thumb Code    76  stm32f4xx_spi.o(.text)
    SPI_Init                                 0x080023b5   Thumb Code    60  stm32f4xx_spi.o(.text)
    I2S_Init                                 0x080023f1   Thumb Code   346  stm32f4xx_spi.o(.text)
    SPI_StructInit                           0x0800254b   Thumb Code    24  stm32f4xx_spi.o(.text)
    I2S_StructInit                           0x08002563   Thumb Code    20  stm32f4xx_spi.o(.text)
    SPI_Cmd                                  0x08002577   Thumb Code    24  stm32f4xx_spi.o(.text)
    I2S_Cmd                                  0x0800258f   Thumb Code    24  stm32f4xx_spi.o(.text)
    SPI_DataSizeConfig                       0x080025a7   Thumb Code    18  stm32f4xx_spi.o(.text)
    SPI_BiDirectionalLineConfig              0x080025b9   Thumb Code    28  stm32f4xx_spi.o(.text)
    SPI_NSSInternalSoftwareConfig            0x080025d5   Thumb Code    30  stm32f4xx_spi.o(.text)
    SPI_SSOutputCmd                          0x080025f3   Thumb Code    24  stm32f4xx_spi.o(.text)
    SPI_TIModeCmd                            0x0800260b   Thumb Code    24  stm32f4xx_spi.o(.text)
    I2S_FullDuplexConfig                     0x08002623   Thumb Code    80  stm32f4xx_spi.o(.text)
    SPI_I2S_ReceiveData                      0x08002673   Thumb Code     6  stm32f4xx_spi.o(.text)
    SPI_I2S_SendData                         0x08002679   Thumb Code     4  stm32f4xx_spi.o(.text)
    SPI_CalculateCRC                         0x0800267d   Thumb Code    24  stm32f4xx_spi.o(.text)
    SPI_TransmitCRC                          0x08002695   Thumb Code    10  stm32f4xx_spi.o(.text)
    SPI_GetCRC                               0x0800269f   Thumb Code    16  stm32f4xx_spi.o(.text)
    SPI_GetCRCPolynomial                     0x080026af   Thumb Code     6  stm32f4xx_spi.o(.text)
    SPI_I2S_DMACmd                           0x080026b5   Thumb Code    18  stm32f4xx_spi.o(.text)
    SPI_I2S_ITConfig                         0x080026c7   Thumb Code    32  stm32f4xx_spi.o(.text)
    SPI_I2S_GetFlagStatus                    0x080026e7   Thumb Code    18  stm32f4xx_spi.o(.text)
    SPI_I2S_ClearFlag                        0x080026f9   Thumb Code     6  stm32f4xx_spi.o(.text)
    SPI_I2S_GetITStatus                      0x080026ff   Thumb Code    52  stm32f4xx_spi.o(.text)
    SPI_I2S_ClearITPendingBit                0x08002733   Thumb Code    20  stm32f4xx_spi.o(.text)
    SYSCFG_DeInit                            0x0800275d   Thumb Code    22  stm32f4xx_syscfg.o(.text)
    SYSCFG_MemoryRemapConfig                 0x08002773   Thumb Code     6  stm32f4xx_syscfg.o(.text)
    SYSCFG_EXTILineConfig                    0x08002779   Thumb Code    66  stm32f4xx_syscfg.o(.text)
    SYSCFG_ETH_MediaInterfaceConfig          0x080027bb   Thumb Code     6  stm32f4xx_syscfg.o(.text)
    SYSCFG_CompensationCellCmd               0x080027c1   Thumb Code     6  stm32f4xx_syscfg.o(.text)
    SYSCFG_GetCompensationCellStatus         0x080027c7   Thumb Code    22  stm32f4xx_syscfg.o(.text)
    TIM_DeInit                               0x080027e9   Thumb Code   346  stm32f4xx_tim.o(.text)
    TIM_TimeBaseInit                         0x08002943   Thumb Code   104  stm32f4xx_tim.o(.text)
    TIM_TimeBaseStructInit                   0x080029ab   Thumb Code    18  stm32f4xx_tim.o(.text)
    TIM_PrescalerConfig                      0x080029bd   Thumb Code     6  stm32f4xx_tim.o(.text)
    TIM_CounterModeConfig                    0x080029c3   Thumb Code    18  stm32f4xx_tim.o(.text)
    TIM_SetCounter                           0x080029d5   Thumb Code     4  stm32f4xx_tim.o(.text)
    TIM_SetAutoreload                        0x080029d9   Thumb Code     4  stm32f4xx_tim.o(.text)
    TIM_GetCounter                           0x080029dd   Thumb Code     6  stm32f4xx_tim.o(.text)
    TIM_GetPrescaler                         0x080029e3   Thumb Code     6  stm32f4xx_tim.o(.text)
    TIM_UpdateDisableConfig                  0x080029e9   Thumb Code    24  stm32f4xx_tim.o(.text)
    TIM_UpdateRequestConfig                  0x08002a01   Thumb Code    24  stm32f4xx_tim.o(.text)
    TIM_ARRPreloadConfig                     0x08002a19   Thumb Code    24  stm32f4xx_tim.o(.text)
    TIM_SelectOnePulseMode                   0x08002a31   Thumb Code    18  stm32f4xx_tim.o(.text)
    TIM_SetClockDivision                     0x08002a43   Thumb Code    18  stm32f4xx_tim.o(.text)
    TIM_Cmd                                  0x08002a55   Thumb Code    24  stm32f4xx_tim.o(.text)
    TIM_OC1Init                              0x08002a6d   Thumb Code   114  stm32f4xx_tim.o(.text)
    TIM_OC2Init                              0x08002adf   Thumb Code   154  stm32f4xx_tim.o(.text)
    TIM_OC3Init                              0x08002b79   Thumb Code   204  stm32f4xx_tim.o(.text)
    TIM_OC4Init                              0x08002c45   Thumb Code   112  stm32f4xx_tim.o(.text)
    TIM_OCStructInit                         0x08002cb5   Thumb Code    20  stm32f4xx_tim.o(.text)
    TIM_SelectOCxM                           0x08002cc9   Thumb Code    86  stm32f4xx_tim.o(.text)
    TIM_SetCompare1                          0x08002d1f   Thumb Code     4  stm32f4xx_tim.o(.text)
    TIM_SetCompare2                          0x08002d23   Thumb Code     4  stm32f4xx_tim.o(.text)
    TIM_SetCompare3                          0x08002d27   Thumb Code     4  stm32f4xx_tim.o(.text)
    TIM_SetCompare4                          0x08002d2b   Thumb Code     4  stm32f4xx_tim.o(.text)
    TIM_ForcedOC1Config                      0x08002d2f   Thumb Code    18  stm32f4xx_tim.o(.text)
    TIM_ForcedOC2Config                      0x08002d41   Thumb Code    26  stm32f4xx_tim.o(.text)
    TIM_ForcedOC3Config                      0x08002d5b   Thumb Code    18  stm32f4xx_tim.o(.text)
    TIM_ForcedOC4Config                      0x08002d6d   Thumb Code    26  stm32f4xx_tim.o(.text)
    TIM_OC1PreloadConfig                     0x08002d87   Thumb Code    18  stm32f4xx_tim.o(.text)
    TIM_OC2PreloadConfig                     0x08002d99   Thumb Code    26  stm32f4xx_tim.o(.text)
    TIM_OC3PreloadConfig                     0x08002db3   Thumb Code    18  stm32f4xx_tim.o(.text)
    TIM_OC4PreloadConfig                     0x08002dc5   Thumb Code    26  stm32f4xx_tim.o(.text)
    TIM_OC1FastConfig                        0x08002ddf   Thumb Code    18  stm32f4xx_tim.o(.text)
    TIM_OC2FastConfig                        0x08002df1   Thumb Code    26  stm32f4xx_tim.o(.text)
    TIM_OC3FastConfig                        0x08002e0b   Thumb Code    18  stm32f4xx_tim.o(.text)
    TIM_OC4FastConfig                        0x08002e1d   Thumb Code    26  stm32f4xx_tim.o(.text)
    TIM_ClearOC1Ref                          0x08002e37   Thumb Code    18  stm32f4xx_tim.o(.text)
    TIM_ClearOC2Ref                          0x08002e49   Thumb Code    24  stm32f4xx_tim.o(.text)
    TIM_ClearOC3Ref                          0x08002e61   Thumb Code    18  stm32f4xx_tim.o(.text)
    TIM_ClearOC4Ref                          0x08002e73   Thumb Code    24  stm32f4xx_tim.o(.text)
    TIM_OC1PolarityConfig                    0x08002e8b   Thumb Code    18  stm32f4xx_tim.o(.text)
    TIM_OC1NPolarityConfig                   0x08002e9d   Thumb Code    18  stm32f4xx_tim.o(.text)
    TIM_OC2PolarityConfig                    0x08002eaf   Thumb Code    26  stm32f4xx_tim.o(.text)
    TIM_OC2NPolarityConfig                   0x08002ec9   Thumb Code    26  stm32f4xx_tim.o(.text)
    TIM_OC3PolarityConfig                    0x08002ee3   Thumb Code    26  stm32f4xx_tim.o(.text)
    TIM_OC3NPolarityConfig                   0x08002efd   Thumb Code    26  stm32f4xx_tim.o(.text)
    TIM_OC4PolarityConfig                    0x08002f17   Thumb Code    26  stm32f4xx_tim.o(.text)
    TIM_CCxCmd                               0x08002f31   Thumb Code    30  stm32f4xx_tim.o(.text)
    TIM_CCxNCmd                              0x08002f4f   Thumb Code    30  stm32f4xx_tim.o(.text)
    TIM_SetIC4Prescaler                      0x08002f6d   Thumb Code    26  stm32f4xx_tim.o(.text)
    TIM_SetIC3Prescaler                      0x08002fd7   Thumb Code    18  stm32f4xx_tim.o(.text)
    TIM_SetIC2Prescaler                      0x08003031   Thumb Code    26  stm32f4xx_tim.o(.text)
    TIM_SetIC1Prescaler                      0x080030a5   Thumb Code    18  stm32f4xx_tim.o(.text)
    TIM_ICInit                               0x080030f1   Thumb Code   110  stm32f4xx_tim.o(.text)
    TIM_ICStructInit                         0x0800315f   Thumb Code    18  stm32f4xx_tim.o(.text)
    TIM_PWMIConfig                           0x08003171   Thumb Code   124  stm32f4xx_tim.o(.text)
    TIM_GetCapture1                          0x080031ed   Thumb Code     6  stm32f4xx_tim.o(.text)
    TIM_GetCapture2                          0x080031f3   Thumb Code     6  stm32f4xx_tim.o(.text)
    TIM_GetCapture3                          0x080031f9   Thumb Code     6  stm32f4xx_tim.o(.text)
    TIM_GetCapture4                          0x080031ff   Thumb Code     6  stm32f4xx_tim.o(.text)
    TIM_BDTRConfig                           0x08003205   Thumb Code    32  stm32f4xx_tim.o(.text)
    TIM_BDTRStructInit                       0x08003225   Thumb Code    18  stm32f4xx_tim.o(.text)
    TIM_CtrlPWMOutputs                       0x08003237   Thumb Code    30  stm32f4xx_tim.o(.text)
    TIM_SelectCOM                            0x08003255   Thumb Code    24  stm32f4xx_tim.o(.text)
    TIM_CCPreloadControl                     0x0800326d   Thumb Code    24  stm32f4xx_tim.o(.text)
    TIM_ITConfig                             0x08003285   Thumb Code    18  stm32f4xx_tim.o(.text)
    TIM_GenerateEvent                        0x08003297   Thumb Code     4  stm32f4xx_tim.o(.text)
    TIM_GetFlagStatus                        0x0800329b   Thumb Code    18  stm32f4xx_tim.o(.text)
    TIM_ClearFlag                            0x080032ad   Thumb Code     6  stm32f4xx_tim.o(.text)
    TIM_GetITStatus                          0x080032b3   Thumb Code    34  stm32f4xx_tim.o(.text)
    TIM_ClearITPendingBit                    0x080032d5   Thumb Code     6  stm32f4xx_tim.o(.text)
    TIM_DMAConfig                            0x080032db   Thumb Code    10  stm32f4xx_tim.o(.text)
    TIM_DMACmd                               0x080032e5   Thumb Code    18  stm32f4xx_tim.o(.text)
    TIM_SelectCCDMA                          0x080032f7   Thumb Code    24  stm32f4xx_tim.o(.text)
    TIM_InternalClockConfig                  0x0800330f   Thumb Code    12  stm32f4xx_tim.o(.text)
    TIM_SelectInputTrigger                   0x0800331b   Thumb Code    18  stm32f4xx_tim.o(.text)
    TIM_ITRxExternalClockConfig              0x0800332d   Thumb Code    24  stm32f4xx_tim.o(.text)
    TIM_TIxExternalClockConfig               0x08003345   Thumb Code    62  stm32f4xx_tim.o(.text)
    TIM_ETRConfig                            0x08003383   Thumb Code    28  stm32f4xx_tim.o(.text)
    TIM_ETRClockMode1Config                  0x0800339f   Thumb Code    54  stm32f4xx_tim.o(.text)
    TIM_ETRClockMode2Config                  0x080033d5   Thumb Code    32  stm32f4xx_tim.o(.text)
    TIM_SelectOutputTrigger                  0x080033f5   Thumb Code    18  stm32f4xx_tim.o(.text)
    TIM_SelectSlaveMode                      0x08003407   Thumb Code    18  stm32f4xx_tim.o(.text)
    TIM_SelectMasterSlaveMode                0x08003419   Thumb Code    18  stm32f4xx_tim.o(.text)
    TIM_EncoderInterfaceConfig               0x0800342b   Thumb Code    66  stm32f4xx_tim.o(.text)
    TIM_SelectHallSensor                     0x0800346d   Thumb Code    24  stm32f4xx_tim.o(.text)
    TIM_RemapConfig                          0x08003485   Thumb Code     6  stm32f4xx_tim.o(.text)
    LIS302DL_TIMEOUT_UserCallback            0x0800348d   Thumb Code     4  stm32f4_discovery_lis302dl.o(.text)
    LIS302DL_Write                           0x080034f3   Thumb Code    58  stm32f4_discovery_lis302dl.o(.text)
    LIS302DL_Init                            0x08003653   Thumb Code    44  stm32f4_discovery_lis302dl.o(.text)
    LIS302DL_Read                            0x0800367f   Thumb Code    66  stm32f4_discovery_lis302dl.o(.text)
    LIS302DL_FilterConfig                    0x080036c1   Thumb Code    58  stm32f4_discovery_lis302dl.o(.text)
    LIS302DL_InterruptConfig                 0x080036fb   Thumb Code    42  stm32f4_discovery_lis302dl.o(.text)
    LIS302DL_LowpowerCmd                     0x08003725   Thumb Code    44  stm32f4_discovery_lis302dl.o(.text)
    LIS302DL_DataRateCmd                     0x08003751   Thumb Code    44  stm32f4_discovery_lis302dl.o(.text)
    LIS302DL_FullScaleCmd                    0x0800377d   Thumb Code    44  stm32f4_discovery_lis302dl.o(.text)
    LIS302DL_RebootCmd                       0x080037a9   Thumb Code    34  stm32f4_discovery_lis302dl.o(.text)
    LIS302DL_ReadACC                         0x080037cb   Thumb Code   112  stm32f4_discovery_lis302dl.o(.text)
    __aeabi_dadd                             0x0800384d   Thumb Code   322  dadd.o(.text)
    __aeabi_dsub                             0x0800398f   Thumb Code     6  dadd.o(.text)
    __aeabi_drsub                            0x08003995   Thumb Code     6  dadd.o(.text)
    __aeabi_dmul                             0x0800399b   Thumb Code   228  dmul.o(.text)
    __aeabi_ddiv                             0x08003a7f   Thumb Code   222  ddiv.o(.text)
    __aeabi_i2d                              0x08003b5d   Thumb Code    34  dflti.o(.text)
    __aeabi_d2iz                             0x08003b7f   Thumb Code    62  dfixi.o(.text)
    __aeabi_d2uiz                            0x08003bbd   Thumb Code    50  dfixui.o(.text)
    __aeabi_f2d                              0x08003bef   Thumb Code    38  f2d.o(.text)
    __aeabi_d2f                              0x08003c15   Thumb Code    56  d2f.o(.text)
    __aeabi_llsl                             0x08003c4d   Thumb Code    30  llshl.o(.text)
    _ll_shift_l                              0x08003c4d   Thumb Code     0  llshl.o(.text)
    __aeabi_llsr                             0x08003c6b   Thumb Code    32  llushr.o(.text)
    _ll_ushift_r                             0x08003c6b   Thumb Code     0  llushr.o(.text)
    __aeabi_lasr                             0x08003c8b   Thumb Code    36  llsshr.o(.text)
    _ll_sshift_r                             0x08003c8b   Thumb Code     0  llsshr.o(.text)
    __I$use$fp                               0x08003caf   Thumb Code     0  iusefp.o(.text)
    _float_round                             0x08003caf   Thumb Code    18  fepilogue.o(.text)
    _float_epilogue                          0x08003cc1   Thumb Code    90  fepilogue.o(.text)
    _double_round                            0x08003d1b   Thumb Code    26  depilogue.o(.text)
    _double_epilogue                         0x08003d35   Thumb Code   164  depilogue.o(.text)
    __ARM_scalbn                             0x08003dd9   Thumb Code    46  dscalb.o(.text)
    scalbn                                   0x08003dd9   Thumb Code     0  dscalb.o(.text)
    _dsqrt                                   0x08003e07   Thumb Code   162  dsqrt.o(.text)
    __aeabi_cdrcmple                         0x08003ea9   Thumb Code    38  cdrcmple.o(.text)
    __scatterload                            0x08003ed1   Thumb Code    28  init.o(.text)
    __scatterload_rt2                        0x08003ed1   Thumb Code     0  init.o(.text)
    SVC_Count                                0x08003ef4   Data           4  SVC_Table.o(SVC_TABLE)
    SVC_Table                                0x08003ef8   Data           0  SVC_Table.o(SVC_TABLE)
    __ARM_fpclassify                         0x08003ef9   Thumb Code    48  fpclassify.o(i.__ARM_fpclassify)
    __hardfp_atan                            0x08003f29   Thumb Code   636  atan.o(i.__hardfp_atan)
    __hardfp_pow                             0x08004211   Thumb Code  3132  pow.o(i.__hardfp_pow)
    __hardfp_sqrt                            0x08004ea1   Thumb Code   122  sqrt.o(i.__hardfp_sqrt)
    __kernel_poly                            0x08004f1b   Thumb Code   248  poly.o(i.__kernel_poly)
    __mathlib_dbl_underflow                  0x08005019   Thumb Code    24  dunder.o(i.__mathlib_dbl_underflow)
    __scatterload_copy                       0x08005039   Thumb Code    14  handlers.o(i.__scatterload_copy)
    __scatterload_null                       0x08005047   Thumb Code     2  handlers.o(i.__scatterload_null)
    __scatterload_zeroinit                   0x08005049   Thumb Code    14  handlers.o(i.__scatterload_zeroinit)
    __set_errno                              0x08005059   Thumb Code     6  errno.o(i.__set_errno)
    _init_box                                0x08005065   Thumb Code    70  rt_membox.o(i._init_box)
    dbg_init                                 0x080050ad   Thumb Code    34  hal_cm.o(i.dbg_init)
    dbg_task_notify                          0x080050dd   Thumb Code    32  hal_cm.o(i.dbg_task_notify)
    dbg_task_switch                          0x080050fd   Thumb Code    16  hal_cm.o(i.dbg_task_switch)
    fabs                                     0x0800510d   Thumb Code    32  fabs.o(i.fabs)
    isr_evt_set                              0x08005159   Thumb Code    34  rt_event.o(i.isr_evt_set)
    isr_mbx_receive                          0x08005181   Thumb Code    80  rt_mailbox.o(i.isr_mbx_receive)
    isr_mbx_send                             0x080051d1   Thumb Code    14  rt_mailbox.o(i.isr_mbx_send)
    osDelay                                  0x080051e1   Thumb Code    18  rt_cmsis.o(i.osDelay)
    osKernelStart                            0x080051f9   Thumb Code    94  rt_cmsis.o(i.osKernelStart)
    osMessageGet                             0x08005261   Thumb Code    64  rt_cmsis.o(i.osMessageGet)
    osMutexCreate                            0x080052a5   Thumb Code    18  rt_cmsis.o(i.osMutexCreate)
    osMutexRelease                           0x080052bd   Thumb Code    18  rt_cmsis.o(i.osMutexRelease)
    osMutexWait                              0x080052d5   Thumb Code    18  rt_cmsis.o(i.osMutexWait)
    osSignalClear                            0x080052ed   Thumb Code    18  rt_cmsis.o(i.osSignalClear)
    osSignalSet                              0x08005305   Thumb Code    48  rt_cmsis.o(i.osSignalSet)
    osSignalWait                             0x08005339   Thumb Code    18  rt_cmsis.o(i.osSignalWait)
    osThreadCreate                           0x08005351   Thumb Code    18  rt_cmsis.o(i.osThreadCreate)
    osThreadExit                             0x08005369   Thumb Code    14  rt_cmsis.o(i.osThreadExit)
    osTimerCall                              0x08005381   Thumb Code     8  rt_cmsis.o(i.osTimerCall)
    osTimerThread                            0x0800538d   Thumb Code    38  rt_cmsis.o(i.osTimerThread)
    rt_alloc_box                             0x080053b9   Thumb Code    28  rt_membox.o(i.rt_alloc_box)
    rt_alloc_mem                             0x080053d5   Thumb Code    60  rt_memory.o(i.rt_alloc_mem)
    rt_block                                 0x08005411   Thumb Code    48  rt_task.o(i.rt_block)
    rt_chk_robin                             0x08005449   Thumb Code    58  rt_robin.o(i.rt_chk_robin)
    rt_dec_dly                               0x08005491   Thumb Code   102  rt_list.o(i.rt_dec_dly)
    rt_dispatch                              0x08005501   Thumb Code    60  rt_task.o(i.rt_dispatch)
    rt_dly_wait                              0x08005545   Thumb Code     6  rt_time.o(i.rt_dly_wait)
    rt_evt_clr                               0x0800554d   Thumb Code    22  rt_event.o(i.rt_evt_clr)
    rt_evt_psh                               0x08005569   Thumb Code    76  rt_event.o(i.rt_evt_psh)
    rt_evt_set                               0x080055b9   Thumb Code    88  rt_event.o(i.rt_evt_set)
    rt_evt_wait                              0x08005615   Thumb Code    58  rt_event.o(i.rt_evt_wait)
    rt_free_box                              0x08005655   Thumb Code    32  rt_membox.o(i.rt_free_box)
    rt_free_mem                              0x08005675   Thumb Code    40  rt_memory.o(i.rt_free_mem)
    rt_get_first                             0x0800569d   Thumb Code    40  rt_list.o(i.rt_get_first)
    rt_init_mem                              0x0800570d   Thumb Code    26  rt_memory.o(i.rt_init_mem)
    rt_init_robin                            0x08005729   Thumb Code    14  rt_robin.o(i.rt_init_robin)
    rt_init_stack                            0x08005741   Thumb Code    70  hal_cm.o(i.rt_init_stack)
    rt_mbx_check                             0x08005791   Thumb Code     8  rt_mailbox.o(i.rt_mbx_check)
    rt_mbx_init                              0x08005799   Thumb Code    26  rt_mailbox.o(i.rt_mbx_init)
    rt_mbx_psh                               0x080057b5   Thumb Code   248  rt_mailbox.o(i.rt_mbx_psh)
    rt_mbx_wait                              0x080058b1   Thumb Code   174  rt_mailbox.o(i.rt_mbx_wait)
    rt_mut_init                              0x080059a1   Thumb Code    16  rt_mutex.o(i.rt_mut_init)
    rt_mut_release                           0x080059b1   Thumb Code   150  rt_mutex.o(i.rt_mut_release)
    rt_mut_wait                              0x08005a51   Thumb Code    96  rt_mutex.o(i.rt_mut_wait)
    rt_pop_req                               0x08005ab5   Thumb Code   106  rt_system.o(i.rt_pop_req)
    rt_psh_req                               0x08005b2d   Thumb Code    22  rt_system.o(i.rt_psh_req)
    rt_psq_enq                               0x08005b4d   Thumb Code    82  rt_list.o(i.rt_psq_enq)
    rt_put_dly                               0x08005ba5   Thumb Code    88  rt_list.o(i.rt_put_dly)
    rt_put_prio                              0x08005c01   Thumb Code    56  rt_list.o(i.rt_put_prio)
    rt_put_rdy_first                         0x08005c39   Thumb Code    14  rt_list.o(i.rt_put_rdy_first)
    rt_resort_prio                           0x08005c4d   Thumb Code    46  rt_list.o(i.rt_resort_prio)
    rt_ret_val                               0x08005c91   Thumb Code    12  hal_cm.o(i.rt_ret_val)
    rt_ret_val2                              0x08005c9d   Thumb Code    16  hal_cm.o(i.rt_ret_val2)
    rt_rmv_dly                               0x08005cad   Thumb Code    40  rt_list.o(i.rt_rmv_dly)
    rt_rmv_list                              0x08005cd5   Thumb Code    44  rt_list.o(i.rt_rmv_list)
    rt_sem_psh                               0x08005d05   Thumb Code    48  rt_semaphore.o(i.rt_sem_psh)
    rt_stk_check                             0x08005d39   Thumb Code    28  rt_system.o(i.rt_stk_check)
    rt_switch_req                            0x08005d5d   Thumb Code    30  rt_task.o(i.rt_switch_req)
    rt_sys_init                              0x08005d85   Thumb Code   242  rt_task.o(i.rt_sys_init)
    rt_systick                               0x08005ec5   Thumb Code    48  rt_system.o(i.rt_systick)
    rt_tsk_create                            0x08005f51   Thumb Code   112  rt_task.o(i.rt_tsk_create)
    rt_tsk_delete                            0x08005fd1   Thumb Code   146  rt_task.o(i.rt_tsk_delete)
    rt_tsk_self                              0x0800607d   Thumb Code    12  rt_task.o(i.rt_tsk_self)
    sqrt                                     0x0800608d   Thumb Code   110  sqrt.o(i.sqrt)
    svcDelay                                 0x080060fb   Thumb Code    20  rt_cmsis.o(i.svcDelay)
    svcKernelStart                           0x08006111   Thumb Code   174  rt_cmsis.o(i.svcKernelStart)
    svcMessageCreate                         0x080061e5   Thumb Code    36  rt_cmsis.o(i.svcMessageCreate)
    svcMessageGet                            0x08006209   Thumb Code    58  rt_cmsis.o(i.svcMessageGet)
    svcMutexCreate                           0x08006243   Thumb Code    28  rt_cmsis.o(i.svcMutexCreate)
    svcMutexRelease                          0x0800625f   Thumb Code    34  rt_cmsis.o(i.svcMutexRelease)
    svcMutexWait                             0x08006281   Thumb Code    54  rt_cmsis.o(i.svcMutexWait)
    svcSignalClear                           0x080062b7   Thumb Code    36  rt_cmsis.o(i.svcSignalClear)
    svcSignalSet                             0x080062db   Thumb Code    36  rt_cmsis.o(i.svcSignalSet)
    svcSignalWait                            0x08006301   Thumb Code    80  rt_cmsis.o(i.svcSignalWait)
    svcThreadCreate                          0x08006355   Thumb Code   100  rt_cmsis.o(i.svcThreadCreate)
    svcThreadGetId                           0x080063c5   Thumb Code    22  rt_cmsis.o(i.svcThreadGetId)
    svcThreadTerminate                       0x080063e1   Thumb Code    52  rt_cmsis.o(i.svcThreadTerminate)
    svcTimerCall                             0x08006419   Thumb Code    24  rt_cmsis.o(i.svcTimerCall)
    sysTimerTick                             0x08006431   Thumb Code    76  rt_cmsis.o(i.sysTimerTick)
    os_maxtaskrun                            0x08006484   Data           2  rtx_conf_cm.o(.constdata)
    os_stackinfo                             0x08006488   Data           4  rtx_conf_cm.o(.constdata)
    os_rrobin                                0x0800648c   Data           4  rtx_conf_cm.o(.constdata)
    os_trv                                   0x08006490   Data           4  rtx_conf_cm.o(.constdata)
    os_flags                                 0x08006494   Data           1  rtx_conf_cm.o(.constdata)
    os_clockrate                             0x08006498   Data           4  rtx_conf_cm.o(.constdata)
    os_timernum                              0x0800649c   Data           4  rtx_conf_cm.o(.constdata)
    mp_tcb_size                              0x080064a0   Data           2  rtx_conf_cm.o(.constdata)
    mp_stk_size                              0x080064a4   Data           4  rtx_conf_cm.o(.constdata)
    os_stack_sz                              0x080064a8   Data           4  rtx_conf_cm.o(.constdata)
    os_fifo_size                             0x080064ac   Data           1  rtx_conf_cm.o(.constdata)
    os_thread_def_osTimerThread              0x080064b0   Data          16  rtx_conf_cm.o(.constdata)
    os_messageQ_def_osTimerMessageQ          0x080064c0   Data           8  rtx_conf_cm.o(.constdata)
    mp_tmr_size                              0x080064c8   Data           2  rtx_conf_cm.o(.constdata)
    os_thread_def_main                       0x080064cc   Data          16  rtx_conf_cm.o(.constdata)
    os_mutex_def_state_mutex                 0x080064dc   Data           4  main.o(.constdata)
    os_thread_def_temp_thread                0x080064e0   Data          16  main.o(.constdata)
    os_thread_def_accel_thread               0x080064f0   Data          16  main.o(.constdata)
    os_thread_def_button_thread              0x08006500   Data          16  main.o(.constdata)
    os_thread_def_tap_thread                 0x08006510   Data          16  main.o(.constdata)
    __mathlib_zero                           0x08006640   Data           8  qnan.o(.constdata)
    Region$$Table$$Base                      0x08006648   Number         0  anon$$obj.o(Region$$Table)
    Region$$Table$$Limit                     0x08006678   Number         0  anon$$obj.o(Region$$Table)
    mp_tcb                                   0x10000000   Data         348  rtx_conf_cm.o(.bss)
    mp_stk                                   0x10000160   Data        4816  rtx_conf_cm.o(.bss)
    os_stack_mem                             0x10001430   Data        1632  rtx_conf_cm.o(.bss)
    os_fifo                                  0x10001a90   Data         132  rtx_conf_cm.o(.bss)
    os_active_TCB                            0x10001b14   Data          28  rtx_conf_cm.o(.bss)
    os_messageQ_q_osTimerMessageQ            0x10001b30   Data          32  rtx_conf_cm.o(.bss)
    SystemCoreClock                          0x20000000   Data           4  system_stm32f4xx.o(.data)
    AHBPrescTable                            0x20000004   Data          16  system_stm32f4xx.o(.data)
    os_tmr                                   0x20000014   Data           4  rtx_conf_cm.o(.data)
    m_tmr                                    0x20000018   Data           4  rtx_conf_cm.o(.data)
    osThreadId_osTimerThread                 0x2000001c   Data           4  rtx_conf_cm.o(.data)
    osMessageQId_osTimerMessageQ             0x20000020   Data           4  rtx_conf_cm.o(.data)
    led_state                                0x20000024   Data           2  main.o(.data)
    sub_state                                0x20000026   Data           1  main.o(.data)
    over_state                               0x20000027   Data           1  main.o(.data)
    state_mutex                              0x20000028   Data           4  main.o(.data)
    accel_tid                                0x2000002c   Data           4  main.o(.data)
    temp_tid                                 0x20000030   Data           4  main.o(.data)
    button_tid                               0x20000034   Data           4  main.o(.data)
    tap_tid                                  0x20000038   Data           4  main.o(.data)
    LIS302DLTimeout                          0x2000004c   Data           4  stm32f4_discovery_lis302dl.o(.data)
    os_timer_head                            0x20000050   Data           4  rt_cmsis.o(.data)
    os_tsk                                   0x20000054   Data           8  rt_task.o(.data)
    os_time                                  0x20000060   Data           2  rt_time.o(.data)
    dbg_msg                                  0x20000062   Data           1  hal_cm.o(.data)
    os_robin                                 0x20000064   Data           8  rt_robin.o(.data)
    os_mutex_cb_state_mutex                  0x20000070   Data          12  main.o(.bss)
    Filter_Structure                         0x2000007c   Data          60  adc_config.o(.bss)
    Filter_Structure_X                       0x200000b8   Data          60  accelerometer.o(.bss)
    Filter_Structure_Y                       0x200000f4   Data          60  accelerometer.o(.bss)
    Filter_Structure_Z                       0x20000130   Data          60  accelerometer.o(.bss)
    os_idle_TCB                              0x2000016c   Data          48  rt_task.o(.bss)
    os_rdy                                   0x2000019c   Data          24  rt_list.o(.bss)
    os_dly                                   0x200001b4   Data          24  rt_list.o(.bss)
    __initial_sp                             0x200005d0   Data           0  startup_stm32f4xx.o(STACK)



==============================================================================

Memory Map of the image

  Image Entry point : 0x08000189

  Load Region LR_IROM1 (Base: 0x08000000, Size: 0x000066e8, Max: 0x00100000, ABSOLUTE)

    Execution Region ER_IROM1 (Base: 0x08000000, Size: 0x00006678, Max: 0x00100000, ABSOLUTE)

    Base Addr    Size         Type   Attr      Idx    E Section Name        Object

    0x08000000   0x00000188   Data   RO          132    RESET               startup_stm32f4xx.o
    0x08000188   0x00000000   Code   RO         2344  * .ARM.Collect$$$$00000000  mc_w.l(entry.o)
    0x08000188   0x00000004   Code   RO         2376    .ARM.Collect$$$$00000001  mc_w.l(entry2.o)
    0x0800018c   0x00000004   Code   RO         2379    .ARM.Collect$$$$00000004  mc_w.l(entry5.o)
    0x08000190   0x00000000   Code   RO         2381    .ARM.Collect$$$$00000008  mc_w.l(entry7b.o)
    0x08000190   0x00000000   Code   RO         2383    .ARM.Collect$$$$0000000A  mc_w.l(entry8b.o)
    0x08000190   0x00000000   Code   RO         2384    .ARM.Collect$$$$0000000D  mc_w.l(entry10a.o)
    0x08000190   0x00000000   Code   RO         2386    .ARM.Collect$$$$0000000F  mc_w.l(entry11a.o)
    0x08000190   0x00000010   Code   RO          137    .ARM.Collect$$$$000000FF  rtx_conf_cm.o
    0x080001a0   0x00000004   Code   RO         2377    .ARM.Collect$$$$00002712  mc_w.l(entry2.o)
    0x080001a4   0x00000174   Code   RO         2291    .emb_text           RTX_CM4.lib(hal_cm4.o)
    0x08000318   0x0000020c   Code   RO            3    .text               system_stm32f4xx.o
    0x08000524   0x00000024   Code   RO          133    .text               startup_stm32f4xx.o
    0x08000548   0x00000008   Code   RO          138    .text               rtx_conf_cm.o
    0x08000550   0x00000624   Code   RO          171    .text               main.o
    0x08000b74   0x00000198   Code   RO          241    .text               timers.o
    0x08000d0c   0x000000cc   Code   RO          372    .text               gpio_config.o
    0x08000dd8   0x00000150   Code   RO          392    .text               adc_config.o
    0x08000f28   0x000000a0   Code   RO          416    .text               filter.o
    0x08000fc8   0x00000424   Code   RO          430    .text               accelerometer.o
    0x080013ec   0x00000128   Code   RO          460    .text               led_control.o
    0x08001514   0x000000e4   Code   RO          483    .text               misc.o
    0x080015f8   0x00000470   Code   RO          581    .text               stm32f4xx_adc.o
    0x08001a68   0x0000011c   Code   RO          822    .text               stm32f4xx_exti.o
    0x08001b84   0x0000025c   Code   RO          891    .text               stm32f4xx_gpio.o
    0x08001de0   0x00000588   Code   RO         1040    .text               stm32f4xx_rcc.o
    0x08002368   0x000003f4   Code   RO         1131    .text               stm32f4xx_spi.o
    0x0800275c   0x0000008c   Code   RO         1154    .text               stm32f4xx_syscfg.o
    0x080027e8   0x00000ca2   Code   RO         1174    .text               stm32f4xx_tim.o
    0x0800348a   0x00000002   PAD
    0x0800348c   0x000003c0   Code   RO         1240    .text               stm32f4_discovery_lis302dl.o
    0x0800384c   0x0000014e   Code   RO         2347    .text               mf_w.l(dadd.o)
    0x0800399a   0x000000e4   Code   RO         2349    .text               mf_w.l(dmul.o)
    0x08003a7e   0x000000de   Code   RO         2351    .text               mf_w.l(ddiv.o)
    0x08003b5c   0x00000022   Code   RO         2353    .text               mf_w.l(dflti.o)
    0x08003b7e   0x0000003e   Code   RO         2355    .text               mf_w.l(dfixi.o)
    0x08003bbc   0x00000032   Code   RO         2357    .text               mf_w.l(dfixui.o)
    0x08003bee   0x00000026   Code   RO         2359    .text               mf_w.l(f2d.o)
    0x08003c14   0x00000038   Code   RO         2361    .text               mf_w.l(d2f.o)
    0x08003c4c   0x0000001e   Code   RO         2388    .text               mc_w.l(llshl.o)
    0x08003c6a   0x00000020   Code   RO         2390    .text               mc_w.l(llushr.o)
    0x08003c8a   0x00000024   Code   RO         2392    .text               mc_w.l(llsshr.o)
    0x08003cae   0x00000000   Code   RO         2401    .text               mc_w.l(iusefp.o)
    0x08003cae   0x0000006c   Code   RO         2402    .text               mf_w.l(fepilogue.o)
    0x08003d1a   0x000000be   Code   RO         2404    .text               mf_w.l(depilogue.o)
    0x08003dd8   0x0000002e   Code   RO         2408    .text               mf_w.l(dscalb.o)
    0x08003e06   0x000000a2   Code   RO         2410    .text               mf_w.l(dsqrt.o)
    0x08003ea8   0x00000028   Code   RO         2414    .text               mf_w.l(cdrcmple.o)
    0x08003ed0   0x00000024   Code   RO         2416    .text               mc_w.l(init.o)
    0x08003ef4   0x00000004   Code   RO         2301    SVC_TABLE           RTX_CM4.lib(SVC_Table.o)
    0x08003ef8   0x00000030   Code   RO         2371    i.__ARM_fpclassify  m_wm.l(fpclassify.o)
    0x08003f28   0x000002e8   Code   RO         2304    i.__hardfp_atan     m_wm.l(atan.o)
    0x08004210   0x00000c90   Code   RO         2318    i.__hardfp_pow      m_wm.l(pow.o)
    0x08004ea0   0x0000007a   Code   RO         2332    i.__hardfp_sqrt     m_wm.l(sqrt.o)
    0x08004f1a   0x000000f8   Code   RO         2373    i.__kernel_poly     m_wm.l(poly.o)
    0x08005012   0x00000006   PAD
    0x08005018   0x00000020   Code   RO         2363    i.__mathlib_dbl_underflow  m_wm.l(dunder.o)
    0x08005038   0x0000000e   Code   RO         2420    i.__scatterload_copy  mc_w.l(handlers.o)
    0x08005046   0x00000002   Code   RO         2421    i.__scatterload_null  mc_w.l(handlers.o)
    0x08005048   0x0000000e   Code   RO         2422    i.__scatterload_zeroinit  mc_w.l(handlers.o)
    0x08005056   0x00000002   PAD
    0x08005058   0x0000000c   Code   RO         2396    i.__set_errno       mc_w.l(errno.o)
    0x08005064   0x00000046   Code   RO         2164    i._init_box         RTX_CM4.lib(rt_membox.o)
    0x080050aa   0x00000002   PAD
    0x080050ac   0x00000030   Code   RO         2217    i.dbg_init          RTX_CM4.lib(hal_cm.o)
    0x080050dc   0x00000020   Code   RO         2218    i.dbg_task_notify   RTX_CM4.lib(hal_cm.o)
    0x080050fc   0x00000010   Code   RO         2219    i.dbg_task_switch   RTX_CM4.lib(hal_cm.o)
    0x0800510c   0x00000020   Code   RO         2367    i.fabs              m_wm.l(fabs.o)
    0x0800512c   0x0000002c   Code   RO         1263    i.isrMessagePut     RTX_CM4.lib(rt_cmsis.o)
    0x08005158   0x00000028   Code   RO         1910    i.isr_evt_set       RTX_CM4.lib(rt_event.o)
    0x08005180   0x00000050   Code   RO         2028    i.isr_mbx_receive   RTX_CM4.lib(rt_mailbox.o)
    0x080051d0   0x0000000e   Code   RO         2029    i.isr_mbx_send      RTX_CM4.lib(rt_mailbox.o)
    0x080051de   0x00000002   PAD
    0x080051e0   0x00000018   Code   RO         1264    i.osDelay           RTX_CM4.lib(rt_cmsis.o)
    0x080051f8   0x00000068   Code   RO         1266    i.osKernelStart     RTX_CM4.lib(rt_cmsis.o)
    0x08005260   0x00000044   Code   RO         1274    i.osMessageGet      RTX_CM4.lib(rt_cmsis.o)
    0x080052a4   0x00000018   Code   RO         1276    i.osMutexCreate     RTX_CM4.lib(rt_cmsis.o)
    0x080052bc   0x00000018   Code   RO         1277    i.osMutexRelease    RTX_CM4.lib(rt_cmsis.o)
    0x080052d4   0x00000018   Code   RO         1278    i.osMutexWait       RTX_CM4.lib(rt_cmsis.o)
    0x080052ec   0x00000018   Code   RO         1286    i.osSignalClear     RTX_CM4.lib(rt_cmsis.o)
    0x08005304   0x00000034   Code   RO         1288    i.osSignalSet       RTX_CM4.lib(rt_cmsis.o)
    0x08005338   0x00000018   Code   RO         1289    i.osSignalWait      RTX_CM4.lib(rt_cmsis.o)
    0x08005350   0x00000018   Code   RO         1290    i.osThreadCreate    RTX_CM4.lib(rt_cmsis.o)
    0x08005368   0x00000018   Code   RO         1291    i.osThreadExit      RTX_CM4.lib(rt_cmsis.o)
    0x08005380   0x0000000c   Code   RO         1297    i.osTimerCall       RTX_CM4.lib(rt_cmsis.o)
    0x0800538c   0x0000002c   Code   RO         1301    i.osTimerThread     RTX_CM4.lib(rt_cmsis.o)
    0x080053b8   0x0000001c   Code   RO         2165    i.rt_alloc_box      RTX_CM4.lib(rt_membox.o)
    0x080053d4   0x0000003c   Code   RO         2193    i.rt_alloc_mem      RTX_CM4.lib(rt_memory.o)
    0x08005410   0x00000038   Code   RO         1785    i.rt_block          RTX_CM4.lib(rt_task.o)
    0x08005448   0x00000048   Code   RO         2270    i.rt_chk_robin      RTX_CM4.lib(rt_robin.o)
    0x08005490   0x00000070   Code   RO         1952    i.rt_dec_dly        RTX_CM4.lib(rt_list.o)
    0x08005500   0x00000044   Code   RO         1786    i.rt_dispatch       RTX_CM4.lib(rt_task.o)
    0x08005544   0x00000006   Code   RO         2112    i.rt_dly_wait       RTX_CM4.lib(rt_time.o)
    0x0800554a   0x00000002   PAD
    0x0800554c   0x0000001c   Code   RO         1911    i.rt_evt_clr        RTX_CM4.lib(rt_event.o)
    0x08005568   0x00000050   Code   RO         1913    i.rt_evt_psh        RTX_CM4.lib(rt_event.o)
    0x080055b8   0x0000005c   Code   RO         1914    i.rt_evt_set        RTX_CM4.lib(rt_event.o)
    0x08005614   0x00000040   Code   RO         1915    i.rt_evt_wait       RTX_CM4.lib(rt_event.o)
    0x08005654   0x00000020   Code   RO         2166    i.rt_free_box       RTX_CM4.lib(rt_membox.o)
    0x08005674   0x00000028   Code   RO         2194    i.rt_free_mem       RTX_CM4.lib(rt_memory.o)
    0x0800569c   0x00000028   Code   RO         1953    i.rt_get_first      RTX_CM4.lib(rt_list.o)
    0x080056c4   0x00000008   Code   RO         1304    i.rt_id2obj         RTX_CM4.lib(rt_cmsis.o)
    0x080056cc   0x00000040   Code   RO         1787    i.rt_init_context   RTX_CM4.lib(rt_task.o)
    0x0800570c   0x0000001a   Code   RO         2195    i.rt_init_mem       RTX_CM4.lib(rt_memory.o)
    0x08005726   0x00000002   PAD
    0x08005728   0x00000018   Code   RO         2271    i.rt_init_robin     RTX_CM4.lib(rt_robin.o)
    0x08005740   0x00000050   Code   RO         2220    i.rt_init_stack     RTX_CM4.lib(hal_cm.o)
    0x08005790   0x00000008   Code   RO         2030    i.rt_mbx_check      RTX_CM4.lib(rt_mailbox.o)
    0x08005798   0x0000001a   Code   RO         2031    i.rt_mbx_init       RTX_CM4.lib(rt_mailbox.o)
    0x080057b2   0x00000002   PAD
    0x080057b4   0x000000fc   Code   RO         2032    i.rt_mbx_psh        RTX_CM4.lib(rt_mailbox.o)
    0x080058b0   0x000000b4   Code   RO         2034    i.rt_mbx_wait       RTX_CM4.lib(rt_mailbox.o)
    0x08005964   0x0000003c   Code   RO         1305    i.rt_ms2tick        RTX_CM4.lib(rt_cmsis.o)
    0x080059a0   0x00000010   Code   RO         2139    i.rt_mut_init       RTX_CM4.lib(rt_mutex.o)
    0x080059b0   0x000000a0   Code   RO         2140    i.rt_mut_release    RTX_CM4.lib(rt_mutex.o)
    0x08005a50   0x00000064   Code   RO         2141    i.rt_mut_wait       RTX_CM4.lib(rt_mutex.o)
    0x08005ab4   0x00000078   Code   RO         1864    i.rt_pop_req        RTX_CM4.lib(rt_system.o)
    0x08005b2c   0x00000020   Code   RO         1865    i.rt_psh_req        RTX_CM4.lib(rt_system.o)
    0x08005b4c   0x00000058   Code   RO         1955    i.rt_psq_enq        RTX_CM4.lib(rt_list.o)
    0x08005ba4   0x0000005c   Code   RO         1956    i.rt_put_dly        RTX_CM4.lib(rt_list.o)
    0x08005c00   0x00000038   Code   RO         1957    i.rt_put_prio       RTX_CM4.lib(rt_list.o)
    0x08005c38   0x00000014   Code   RO         1958    i.rt_put_rdy_first  RTX_CM4.lib(rt_list.o)
    0x08005c4c   0x00000034   Code   RO         1959    i.rt_resort_prio    RTX_CM4.lib(rt_list.o)
    0x08005c80   0x00000010   Code   RO         2221    i.rt_ret_regs       RTX_CM4.lib(hal_cm.o)
    0x08005c90   0x0000000c   Code   RO         2222    i.rt_ret_val        RTX_CM4.lib(hal_cm.o)
    0x08005c9c   0x00000010   Code   RO         2223    i.rt_ret_val2       RTX_CM4.lib(hal_cm.o)
    0x08005cac   0x00000028   Code   RO         1960    i.rt_rmv_dly        RTX_CM4.lib(rt_list.o)
    0x08005cd4   0x00000030   Code   RO         1961    i.rt_rmv_list       RTX_CM4.lib(rt_list.o)
    0x08005d04   0x00000034   Code   RO         2078    i.rt_sem_psh        RTX_CM4.lib(rt_semaphore.o)
    0x08005d38   0x00000024   Code   RO         1866    i.rt_stk_check      RTX_CM4.lib(rt_system.o)
    0x08005d5c   0x00000028   Code   RO         1788    i.rt_switch_req     RTX_CM4.lib(rt_task.o)
    0x08005d84   0x00000140   Code   RO         1789    i.rt_sys_init       RTX_CM4.lib(rt_task.o)
    0x08005ec4   0x0000003c   Code   RO         1867    i.rt_systick        RTX_CM4.lib(rt_system.o)
    0x08005f00   0x00000012   Code   RO         1306    i.rt_tid2ptcb       RTX_CM4.lib(rt_cmsis.o)
    0x08005f12   0x00000002   PAD
    0x08005f14   0x0000003c   Code   RO         1307    i.rt_timer_insert   RTX_CM4.lib(rt_cmsis.o)
    0x08005f50   0x00000080   Code   RO         1790    i.rt_tsk_create     RTX_CM4.lib(rt_task.o)
    0x08005fd0   0x000000ac   Code   RO         1791    i.rt_tsk_delete     RTX_CM4.lib(rt_task.o)
    0x0800607c   0x00000010   Code   RO         1794    i.rt_tsk_self       RTX_CM4.lib(rt_task.o)
    0x0800608c   0x0000006e   Code   RO         2334    i.sqrt              m_wm.l(sqrt.o)
    0x080060fa   0x00000014   Code   RO         1309    i.svcDelay          RTX_CM4.lib(rt_cmsis.o)
    0x0800610e   0x00000002   PAD
    0x08006110   0x000000d4   Code   RO         1310    i.svcKernelStart    RTX_CM4.lib(rt_cmsis.o)
    0x080061e4   0x00000024   Code   RO         1312    i.svcMessageCreate  RTX_CM4.lib(rt_cmsis.o)
    0x08006208   0x0000003a   Code   RO         1313    i.svcMessageGet     RTX_CM4.lib(rt_cmsis.o)
    0x08006242   0x0000001c   Code   RO         1315    i.svcMutexCreate    RTX_CM4.lib(rt_cmsis.o)
    0x0800625e   0x00000022   Code   RO         1316    i.svcMutexRelease   RTX_CM4.lib(rt_cmsis.o)
    0x08006280   0x00000036   Code   RO         1317    i.svcMutexWait      RTX_CM4.lib(rt_cmsis.o)
    0x080062b6   0x00000024   Code   RO         1322    i.svcSignalClear    RTX_CM4.lib(rt_cmsis.o)
    0x080062da   0x00000024   Code   RO         1324    i.svcSignalSet      RTX_CM4.lib(rt_cmsis.o)
    0x080062fe   0x00000002   PAD
    0x08006300   0x00000054   Code   RO         1325    i.svcSignalWait     RTX_CM4.lib(rt_cmsis.o)
    0x08006354   0x00000070   Code   RO         1326    i.svcThreadCreate   RTX_CM4.lib(rt_cmsis.o)
    0x080063c4   0x0000001c   Code   RO         1327    i.svcThreadGetId    RTX_CM4.lib(rt_cmsis.o)
    0x080063e0   0x00000038   Code   RO         1330    i.svcThreadTerminate  RTX_CM4.lib(rt_cmsis.o)
    0x08006418   0x00000018   Code   RO         1332    i.svcTimerCall      RTX_CM4.lib(rt_cmsis.o)
    0x08006430   0x00000054   Code   RO         1340    i.sysTimerTick      RTX_CM4.lib(rt_cmsis.o)
    0x08006484   0x00000058   Data   RO          140    .constdata          rtx_conf_cm.o
    0x080064dc   0x00000044   Data   RO          173    .constdata          main.o
    0x08006520   0x00000098   Data   RO         2307    .constdata          m_wm.l(atan.o)
    0x080065b8   0x00000088   Data   RO         2321    .constdata          m_wm.l(pow.o)
    0x08006640   0x00000008   Data   RO         2375    .constdata          m_wm.l(qnan.o)
    0x08006648   0x00000030   Data   RO         2418    Region$$Table       anon$$obj.o


    Execution Region RW_IRAM1 (Base: 0x10000000, Size: 0x00001b50, Max: 0x0001ffff, ABSOLUTE)

    Base Addr    Size         Type   Attr      Idx    E Section Name        Object

    0x10000000   0x00001b50   Zero   RW          139    .bss                rtx_conf_cm.o


    Execution Region RW_IRAM2 (Base: 0x20000000, Size: 0x000005d0, Max: 0x0001ffff, ABSOLUTE)

    Base Addr    Size         Type   Attr      Idx    E Section Name        Object

    0x20000000   0x00000014   Data   RW            4    .data               system_stm32f4xx.o
    0x20000014   0x00000010   Data   RW          141    .data               rtx_conf_cm.o
    0x20000024   0x00000018   Data   RW          174    .data               main.o
    0x2000003c   0x00000010   Data   RW         1041    .data               stm32f4xx_rcc.o
    0x2000004c   0x00000004   Data   RW         1241    .data               stm32f4_discovery_lis302dl.o
    0x20000050   0x00000004   Data   RW         1341    .data               RTX_CM4.lib(rt_cmsis.o)
    0x20000054   0x00000008   Data   RW         1796    .data               RTX_CM4.lib(rt_task.o)
    0x2000005c   0x00000003   Data   RW         1870    .data               RTX_CM4.lib(rt_system.o)
    0x2000005f   0x00000001   PAD
    0x20000060   0x00000002   Data   RW         2115    .data               RTX_CM4.lib(rt_time.o)
    0x20000062   0x00000001   Data   RW         2224    .data               RTX_CM4.lib(hal_cm.o)
    0x20000063   0x00000001   PAD
    0x20000064   0x00000008   Data   RW         2272    .data               RTX_CM4.lib(rt_robin.o)
    0x2000006c   0x00000004   Data   RW         2397    .data               mc_w.l(errno.o)
    0x20000070   0x0000000c   Zero   RW          172    .bss                main.o
    0x2000007c   0x0000003c   Zero   RW          393    .bss                adc_config.o
    0x200000b8   0x000000b4   Zero   RW          431    .bss                accelerometer.o
    0x2000016c   0x00000030   Zero   RW         1795    .bss                RTX_CM4.lib(rt_task.o)
    0x2000019c   0x00000030   Zero   RW         1962    .bss                RTX_CM4.lib(rt_list.o)
    0x200001cc   0x00000004   PAD
    0x200001d0   0x00000400   Zero   RW          130    STACK               startup_stm32f4xx.o


==============================================================================

Image component sizes


      Code (inc. data)   RO Data    RW Data    ZI Data      Debug   Object Name

      1060         62          0          0        180       7421   accelerometer.o
       336         38          0          0         60       1349   adc_config.o
       160          6          0          0          0       1144   filter.o
       204         10          0          0          0        870   gpio_config.o
       296          4          0          0          0       1117   led_control.o
      1572        112         68         24         12       7407   main.o
       228         22          0          0          0       3529   misc.o
        24          6         88         16       6992       6368   rtx_conf_cm.o
        36          8        392          0       1024        756   startup_stm32f4xx.o
       960         18          0          4          0       4172   stm32f4_discovery_lis302dl.o
      1136         28          0          0          0      24410   stm32f4xx_adc.o
       284         10          0          0          0       4715   stm32f4xx_exti.o
       604         36          0          0          0      10445   stm32f4xx_gpio.o
      1416         48          0         16          0      23843   stm32f4xx_rcc.o
      1012         22          0          0          0      14869   stm32f4xx_spi.o
       140         12          0          0          0       1671   stm32f4xx_syscfg.o
      3234         60          0          0          0      42088   stm32f4xx_tim.o
       524         44          0         20          0     231671   system_stm32f4xx.o
       408         30          0          0          0     250067   timers.o

    ----------------------------------------------------------------------
     13636        576        596         80       8268     637912   Object Totals
         0          0         48          0          0          0   (incl. Generated)
         2          0          0          0          0          0   (incl. Padding)

    ----------------------------------------------------------------------

      Code (inc. data)   RO Data    RW Data    ZI Data      Debug   Library Member Name

         4          4          0          0          0        132   SVC_Table.o
       220         24          0          1          0       3876   hal_cm.o
       372         32          0          0          0        616   hal_cm4.o
      1564        166          0          4          0      34593   rt_cmsis.o
       304         26          0          0          0       3059   rt_event.o
       548         36          0          0         48       7201   rt_list.o
       560         10          0          0          0       3829   rt_mailbox.o
       130          0          0          0          0       1837   rt_membox.o
       126          0          0          0          0       2159   rt_memory.o
       276         14          0          0          0       1869   rt_mutex.o
        96         24          0          8          0       1042   rt_robin.o
        52          4          0          0          0        557   rt_semaphore.o
       248         44          0          3          0       2066   rt_system.o
       864        154          0          8         48       7224   rt_task.o
         6          0          0          2          0        572   rt_time.o
       744        108        152          0          0        220   atan.o
        32          8          0          0          0        124   dunder.o
        32          0          0          0          0        124   fabs.o
        48          0          0          0          0        124   fpclassify.o
       248          0          0          0          0        152   poly.o
      3216        310        136          0          0        216   pow.o
         0          0          8          0          0          0   qnan.o
       232          0          0          0          0        296   sqrt.o
         0          0          0          0          0          0   entry.o
         0          0          0          0          0          0   entry10a.o
         0          0          0          0          0          0   entry11a.o
         8          4          0          0          0          0   entry2.o
         4          0          0          0          0          0   entry5.o
         0          0          0          0          0          0   entry7b.o
         0          0          0          0          0          0   entry8b.o
        12          6          0          4          0         68   errno.o
        30          0          0          0          0          0   handlers.o
        36          8          0          0          0         68   init.o
         0          0          0          0          0          0   iusefp.o
        30          0          0          0          0         68   llshl.o
        36          0          0          0          0         68   llsshr.o
        32          0          0          0          0         68   llushr.o
        40          2          0          0          0         68   cdrcmple.o
        56          0          0          0          0         88   d2f.o
       334          0          0          0          0        148   dadd.o
       222          0          0          0          0        100   ddiv.o
       190          0          0          0          0        176   depilogue.o
        62          0          0          0          0         80   dfixi.o
        50          0          0          0          0         76   dfixui.o
        34          0          0          0          0         76   dflti.o
       228          0          0          0          0         96   dmul.o
        46          0          0          0          0         80   dscalb.o
       162          0          0          0          0        100   dsqrt.o
        38          0          0          0          0         68   f2d.o
       108          0          0          0          0        168   fepilogue.o

    ----------------------------------------------------------------------
     11704        984        296         32        100      73552   Library Totals
        24          0          0          2          4          0   (incl. Padding)

    ----------------------------------------------------------------------

      Code (inc. data)   RO Data    RW Data    ZI Data      Debug   Library Name

      5370        538          0         26         96      70632   RTX_CM4.lib
      4552        426        296          0          0       1256   m_wm.l
       188         18          0          4          0        340   mc_w.l
      1570          2          0          0          0       1324   mf_w.l

    ----------------------------------------------------------------------
     11704        984        296         32        100      73552   Library Totals

    ----------------------------------------------------------------------

==============================================================================


      Code (inc. data)   RO Data    RW Data    ZI Data      Debug   

     25340       1560        892        112       8368     698084   Grand Totals
     25340       1560        892        112       8368     698084   ELF Image Totals
     25340       1560        892        112          0          0   ROM Totals

==============================================================================

    Total RO  Size (Code + RO Data)                26232 (  25.62kB)
    Total RW  Size (RW Data + ZI Data)              8480 (   8.28kB)
    Total ROM Size (Code + RO Data + RW Data)      26344 (  25.73kB)

==============================================================================

