<html>
<body>
<pre>
<h1>µVision Build Log</h1>
<h2>Project:</h2>
C:\Users\bswear\Downloads\Lab Experiment 4 - Fall 2013\rtx_project\keil\rtx.uvproj
Project File Date:  09/12/2013

<h2>Output:</h2>
Build target 'Project'
compiling system_stm32f4xx.c...
assembling startup_stm32f4xx.s...
compiling RTX_Conf_CM.c...
compiling main.c...
../main.c(20): warning:  #550-D: variable "tid_thread1" was set but never used
compiling misc.c...
compiling stm32f4xx_adc.c...
compiling stm32f4xx_can.c...
compiling stm32f4xx_crc.c...
compiling stm32f4xx_cryp.c...
compiling stm32f4xx_cryp_aes.c...
compiling stm32f4xx_cryp_des.c...
compiling stm32f4xx_cryp_tdes.c...
compiling stm32f4xx_dac.c...
compiling stm32f4xx_dbgmcu.c...
compiling stm32f4xx_dcmi.c...
compiling stm32f4xx_dma.c...
compiling stm32f4xx_exti.c...
compiling stm32f4xx_flash.c...
compiling stm32f4xx_fsmc.c...
compiling stm32f4xx_gpio.c...
compiling stm32f4xx_hash.c...
compiling stm32f4xx_hash_md5.c...
compiling stm32f4xx_hash_sha1.c...
compiling stm32f4xx_i2c.c...
compiling stm32f4xx_iwdg.c...
compiling stm32f4xx_pwr.c...
compiling stm32f4xx_rcc.c...
compiling stm32f4xx_rng.c...
compiling stm32f4xx_rtc.c...
compiling stm32f4xx_sdio.c...
compiling stm32f4xx_spi.c...
compiling stm32f4xx_syscfg.c...
compiling stm32f4xx_tim.c...
compiling stm32f4xx_usart.c...
compiling stm32f4xx_wwdg.c...
linking...
Program Size: Code=7184 RO-data=544 RW-data=80 ZI-data=8112  
FromELF: creating hex file...
".\obj\output.axf" - 0 Error(s), 1 Warning(s).
Load "C:\\Users\\bswear\\Downloads\\Lab Experiment 4 - Fall 2013\\rtx_project\\keil\\obj\\output.axf" 
Load "C:\\Users\\bswear\\Downloads\\Lab Experiment 4 - Fall 2013\\rtx_project\\keil\\obj\\output.axf" 
Erase Done.
Programming Done.
Verify OK.
Build target 'Project'
linking...
Program Size: Code=7184 RO-data=544 RW-data=80 ZI-data=8112  
FromELF: creating hex file...
".\obj\output.axf" - 0 Error(s), 0 Warning(s).
Load "C:\\Users\\bswear\\Downloads\\Lab Experiment 4 - Fall 2013\\rtx_project\\keil\\obj\\output.axf" 
Load "C:\\Users\\bswear\\Downloads\\Lab Experiment 4 - Fall 2013\\rtx_project\\keil\\obj\\output.axf" 
Load "C:\\Users\\bswear\\Downloads\\Lab Experiment 4 - Fall 2013\\rtx_project\\keil\\obj\\output.axf" 
Load "C:\\Users\\bswear\\Downloads\\Lab Experiment 4 - Fall 2013\\rtx_project\\keil\\obj\\output.axf" 
Build target 'Project'
linking...
Program Size: Code=7184 RO-data=544 RW-data=80 ZI-data=8112  
FromELF: creating hex file...
".\obj\output.axf" - 0 Error(s), 0 Warning(s).
Load "C:\\Users\\bswear\\Downloads\\Lab Experiment 4 - Fall 2013\\rtx_project\\keil\\obj\\output.axf" 
Load "C:\\Users\\bswear\\Downloads\\Lab Experiment 4 - Fall 2013\\rtx_project\\keil\\obj\\output.axf" 
Erase Done.
Programming Done.
Verify OK.
Build target 'Project'
compiling system_stm32f4xx.c...
compiling RTX_Conf_CM.c...
compiling main.c...
main.c: Error:  #5: cannot open source input file "../main.c": No such file or directory
Target not created
Build target 'Project'
compiling system_stm32f4xx.c...
compiling RTX_Conf_CM.c...
compiling main.c...
main.c: Error:  #5: cannot open source input file "../main.c": No such file or directory
Target not created
Clean started: Project: 'rtx'
   deleting intermediate output files for target 'Project'
Build target 'Project'
compiling system_stm32f4xx.c...
assembling startup_stm32f4xx.s...
compiling RTX_Conf_CM.c...
compiling main.c...
main.c: Error:  #5: cannot open source input file "../main.c": No such file or directory
Target not created
Build target 'Project'
compiling system_stm32f4xx.c...
compiling RTX_Conf_CM.c...
compiling main.c...
main.c: Error:  #5: cannot open source input file "../main.c": No such file or directory
Target not created
Load "C:\\Users\\bswear\\Downloads\\Lab Experiment 4 - Fall 2013\\rtx_project\\keil\\obj\\output.axf" 
_____^
*** error 56: cannot open file
Build target 'Project'
compiling main.c...
../main.c(20): warning:  #550-D: variable "tid_thread1" was set but never used
compiling misc.c...
compiling stm32f4xx_adc.c...
compiling stm32f4xx_can.c...
compiling stm32f4xx_crc.c...
compiling stm32f4xx_cryp.c...
compiling stm32f4xx_cryp_aes.c...
compiling stm32f4xx_cryp_des.c...
compiling stm32f4xx_cryp_tdes.c...
compiling stm32f4xx_dac.c...
compiling stm32f4xx_dbgmcu.c...
compiling stm32f4xx_dcmi.c...
compiling stm32f4xx_dma.c...
compiling stm32f4xx_exti.c...
compiling stm32f4xx_flash.c...
compiling stm32f4xx_fsmc.c...
compiling stm32f4xx_gpio.c...
compiling stm32f4xx_hash.c...
compiling stm32f4xx_hash_md5.c...
compiling stm32f4xx_hash_sha1.c...
compiling stm32f4xx_i2c.c...
compiling stm32f4xx_iwdg.c...
compiling stm32f4xx_pwr.c...
compiling stm32f4xx_rcc.c...
compiling stm32f4xx_rng.c...
compiling stm32f4xx_rtc.c...
compiling stm32f4xx_sdio.c...
compiling stm32f4xx_spi.c...
compiling stm32f4xx_syscfg.c...
compiling stm32f4xx_tim.c...
compiling stm32f4xx_usart.c...
compiling stm32f4xx_wwdg.c...
linking...
Program Size: Code=7184 RO-data=544 RW-data=80 ZI-data=8112  
FromELF: creating hex file...
".\obj\output.axf" - 0 Error(s), 1 Warning(s).
Build target 'Project'
compiling main.c...
../main.c(21): warning:  #550-D: variable "tid_thread1" was set but never used
linking...
Program Size: Code=7184 RO-data=544 RW-data=80 ZI-data=8112  
FromELF: creating hex file...
".\obj\output.axf" - 0 Error(s), 1 Warning(s).
Build target 'Project'
linking...
Program Size: Code=7184 RO-data=544 RW-data=80 ZI-data=8112  
FromELF: creating hex file...
".\obj\output.axf" - 0 Error(s), 0 Warning(s).
Load "C:\\Users\\bswear\\Downloads\\Lab Experiment 4 - Fall 2013\\rtx_project\\keil\\obj\\output.axf" 
Load "C:\\Users\\bswear\\Downloads\\Lab Experiment 4 - Fall 2013\\rtx_project\\keil\\obj\\output.axf" 
Load "C:\\Users\\bswear\\Downloads\\Lab Experiment 4 - Fall 2013\\rtx_project\\keil\\obj\\output.axf" 
Erase Done.
Programming Done.
Verify OK.
Build target 'Project'
compiling RTX_Conf_CM.c...
compiling main.c...
../main.c(32): warning:  #223-D: function "GPIO_ToggleBit" declared implicitly
../main.c(32): error:  #20: identifier "Pin_1" is undefined
../main.c(21): warning:  #177-D: variable "tid_thread1" was declared but never referenced
Target not created
Build target 'Project'
compiling main.c...
../main.c(32): error:  #165: too few arguments in function call
../main.c(21): warning:  #177-D: variable "tid_thread1" was declared but never referenced
Target not created
Load "C:\\Users\\bswear\\Downloads\\Lab Experiment 4 - Fall 2013\\rtx_project\\keil\\obj\\output.axf" 
_____^
*** error 56: cannot open file
Build target 'Project'
compiling main.c...
../main.c(32): warning:  #188-D: enumerated type mixed with another type
../main.c(21): warning:  #177-D: variable "tid_thread1" was declared but never referenced
linking...
Program Size: Code=7160 RO-data=528 RW-data=80 ZI-data=8112  
FromELF: creating hex file...
".\obj\output.axf" - 0 Error(s), 2 Warning(s).
Load "C:\\Users\\bswear\\Downloads\\Lab Experiment 4 - Fall 2013\\rtx_project\\keil\\obj\\output.axf" 
Erase Done.
Programming Done.
Verify OK.
Build target 'Project'
compiling main.c...
../main.c(24): warning:  #188-D: enumerated type mixed with another type
../main.c(13): warning:  #177-D: variable "tid_thread1" was declared but never referenced
linking...
Program Size: Code=7116 RO-data=528 RW-data=80 ZI-data=8112  
FromELF: creating hex file...
".\obj\output.axf" - 0 Error(s), 2 Warning(s).
Build target 'Project'
compiling main.c...
../main.c(23): warning:  #188-D: enumerated type mixed with another type
linking...
Program Size: Code=7116 RO-data=528 RW-data=80 ZI-data=8112  
FromELF: creating hex file...
".\obj\output.axf" - 0 Error(s), 1 Warning(s).
Load "C:\\Users\\bswear\\Downloads\\Lab Experiment 4 - Fall 2013\\rtx_project\\keil\\obj\\output.axf" 
Erase Done.
Programming Done.
Verify OK.
Build target 'Project'
compiling main.c...
../main.c(15): error:  #20: identifier "Pin_18" is undefined
../main.c(20): error:  #20: identifier "RF2500_SPI_CS_GPIO_PORT" is undefined
../main.c(20): error:  #20: identifier "RF2500_SPI_CS_PIN" is undefined
Target not created
Build target 'Project'
compiling main.c...
../main.c(15): error:  #20: identifier "GPIO_Pin_18" is undefined
../main.c(20): error:  #20: identifier "RF2500_SPI_CS_GPIO_PORT" is undefined
../main.c(20): error:  #20: identifier "RF2500_SPI_CS_PIN" is undefined
Target not created
Build target 'Project'
compiling main.c...
linking...
Program Size: Code=5036 RO-data=528 RW-data=64 ZI-data=8112  
FromELF: creating hex file...
".\obj\output.axf" - 0 Error(s), 0 Warning(s).
Build target 'Project'
linking...
Program Size: Code=5036 RO-data=528 RW-data=64 ZI-data=8112  
FromELF: creating hex file...
".\obj\output.axf" - 0 Error(s), 0 Warning(s).
Load "C:\\Users\\bswear\\Downloads\\Lab Experiment 4 - Fall 2013\\rtx_project\\keil\\obj\\output.axf" 
Build target 'Project'
linking...
Program Size: Code=5036 RO-data=528 RW-data=64 ZI-data=8112  
FromELF: creating hex file...
".\obj\output.axf" - 0 Error(s), 0 Warning(s).
Build target 'Project'
linking...
Program Size: Code=5036 RO-data=528 RW-data=64 ZI-data=8112  
FromELF: creating hex file...
".\obj\output.axf" - 0 Error(s), 0 Warning(s).
Build target 'Project'
compiling main.c...
../src/SPI.h(5): warning:  #1-D: last line of file ends without a newline
../src/SPI.h(5): error:  #20: identifier "CC2500_InitTypeDef" is undefined
Target not created
Build target 'Project'
compiling main.c...
linking...
Program Size: Code=5036 RO-data=528 RW-data=64 ZI-data=8112  
FromELF: creating hex file...
".\obj\output.axf" - 0 Error(s), 0 Warning(s).
Build target 'Project'
compiling main.c...
linking...
Program Size: Code=5036 RO-data=528 RW-data=64 ZI-data=8112  
FromELF: creating hex file...
".\obj\output.axf" - 0 Error(s), 0 Warning(s).
Build target 'Project'
linking...
Program Size: Code=5036 RO-data=528 RW-data=64 ZI-data=8112  
FromELF: creating hex file...
".\obj\output.axf" - 0 Error(s), 0 Warning(s).
Build target 'Project'
compiling main.c...
../main.c(12): warning:  #223-D: function "CC2500_Init" declared implicitly
linking...
.\obj\output.axf: Error: L6218E: Undefined symbol CC2500_Init (referred from main.o).
Target not created
Build target 'Project'
compiling CC2500.c...
..\src\CC2500.c(32): error:  #20: identifier "CC2500_SPI_INT1_GPIO_CLK" is undefined
..\src\CC2500.c(35): error:  #20: identifier "CC2500_SPI_INT2_GPIO_CLK" is undefined
..\src\CC2500.c(10): warning:  #177-D: function "CC2500_SendByte" was declared but never referenced
..\src\CC2500.c(11): error:  #114: function "CC2500_LowLevel_Init" was referenced but not defined
Target not created
Build target 'Project'
compiling CC2500.c...
..\src\CC2500.c(10): warning:  #177-D: function "CC2500_SendByte" was declared but never referenced
..\src\CC2500.c(11): error:  #114: function "CC2500_LowLevel_Init" was referenced but not defined
Target not created
Build target 'Project'
compiling CC2500.c...
..\src\CC2500.c(10): warning:  #177-D: function "CC2500_SendByte" was declared but never referenced
linking...
.\obj\output.axf: Error: L6218E: Undefined symbol CC2500_LowLevel_Init (referred from cc2500.o).
Target not created
Build target 'Project'
compiling CC2500.c...
..\src\CC2500.c(10): warning:  #177-D: function "CC2500_SendByte" was declared but never referenced
linking...
Program Size: Code=8332 RO-data=528 RW-data=80 ZI-data=8112  
FromELF: creating hex file...
".\obj\output.axf" - 0 Error(s), 1 Warning(s).
Build target 'Project'
linking...
Program Size: Code=8332 RO-data=528 RW-data=80 ZI-data=8112  
FromELF: creating hex file...
".\obj\output.axf" - 0 Error(s), 0 Warning(s).
Load "C:\\Users\\bswear\\Downloads\\Lab Experiment 4 - Fall 2013\\rtx_project\\keil\\obj\\output.axf" 
Build target 'Project'
compiling main.c...
../main.c(12): warning:  #223-D: function "CC2500_Init" declared implicitly
compiling CC2500.c...
..\src\CC2500.c(10): warning:  #177-D: function "CC2500_SendByte" was declared but never referenced
linking...
Program Size: Code=8332 RO-data=528 RW-data=80 ZI-data=8112  
FromELF: creating hex file...
".\obj\output.axf" - 0 Error(s), 2 Warning(s).
Build target 'Project'
compiling main.c...
../main.c(13): warning:  #223-D: function "CC2500_Init" declared implicitly
linking...
Program Size: Code=8336 RO-data=528 RW-data=80 ZI-data=8112  
FromELF: creating hex file...
".\obj\output.axf" - 0 Error(s), 1 Warning(s).
Build target 'Project'
compiling main.c...
../main.c(13): error:  #140: too many arguments in function call
compiling CC2500.c...
..\src\CC2500.c(10): warning:  #177-D: function "CC2500_SendByte" was declared but never referenced
Target not created
Build target 'Project'
compiling main.c...
../main.c(12): warning:  #177-D: variable "CC2500_InitStructure" was declared but never referenced
linking...
Program Size: Code=8328 RO-data=528 RW-data=80 ZI-data=8112  
FromELF: creating hex file...
".\obj\output.axf" - 0 Error(s), 1 Warning(s).
Build target 'Project'
compiling main.c...
linking...
Program Size: Code=8328 RO-data=528 RW-data=80 ZI-data=8112  
FromELF: creating hex file...
".\obj\output.axf" - 0 Error(s), 0 Warning(s).
Build target 'Project'
compiling main.c...
compiling CC2500.c...
..\src\CC2500.c(89): error:  #20: identifier "C2500Timeout" is undefined
..\src\CC2500.c(89): error:  #20: identifier "C2500_FLAG_TIMEOUT" is undefined
..\src\CC2500.c(90): error:  #20: identifier "C2500_SPI" is undefined
..\src\CC2500.c(92): warning:  #223-D: function "C2500_TIMEOUT_UserCallback" declared implicitly
..\src\CC2500.c(96): error:  #20: identifier "C2500_SPI" is undefined
..\src\CC2500.c(102): warning:  #223-D: function "C2500_TIMEOUT_UserCallback" declared implicitly
..\src\CC2500.c(10): warning:  #177-D: function "CC2500_SendByte" was declared but never referenced
..\src\CC2500.c(86): warning:  #177-D: function "C2500_SendByte" was declared but never referenced
Target not created
Build target 'Project'
compiling CC2500.c...
..\src\CC2500.c(89): error:  #20: identifier "C2500Timeout" is undefined
..\src\CC2500.c(89): error:  #20: identifier "C2500_FLAG_TIMEOUT" is undefined
..\src\CC2500.c(90): error:  #20: identifier "C2500_SPI" is undefined
..\src\CC2500.c(96): error:  #20: identifier "C2500_SPI" is undefined
..\src\CC2500.c(102): warning:  #223-D: function "C2500_TIMEOUT_UserCallback" declared implicitly
..\src\CC2500.c(10): warning:  #177-D: function "CC2500_SendByte" was declared but never referenced
..\src\CC2500.c(86): warning:  #177-D: function "C2500_SendByte" was declared but never referenced
Target not created
Build target 'Project'
compiling CC2500.c...
..\src\CC2500.c(89): error:  #20: identifier "C2500Timeout" is undefined
..\src\CC2500.c(89): error:  #20: identifier "C2500_FLAG_TIMEOUT" is undefined
..\src\CC2500.c(90): error:  #20: identifier "C2500_SPI" is undefined
..\src\CC2500.c(96): error:  #20: identifier "C2500_SPI" is undefined
..\src\CC2500.c(10): warning:  #177-D: function "CC2500_SendByte" was declared but never referenced
..\src\CC2500.c(86): warning:  #177-D: function "C2500_SendByte" was declared but never referenced
Target not created
Rebuild target 'Project'
compiling system_stm32f4xx.c...
assembling startup_stm32f4xx.s...
compiling RTX_Conf_CM.c...
compiling main.c...
compiling CC2500.c...
..\src\CC2500.c(89): error:  #20: identifier "C2500Timeout" is undefined
..\src\CC2500.c(89): error:  #20: identifier "C2500_FLAG_TIMEOUT" is undefined
..\src\CC2500.c(90): error:  #20: identifier "C2500_SPI" is undefined
..\src\CC2500.c(96): error:  #20: identifier "C2500_SPI" is undefined
..\src\CC2500.c(10): warning:  #177-D: function "CC2500_SendByte" was declared but never referenced
..\src\CC2500.c(86): warning:  #177-D: function "C2500_SendByte" was declared but never referenced
compiling misc.c...
compiling stm32f4xx_adc.c...
compiling stm32f4xx_can.c...
compiling stm32f4xx_crc.c...
compiling stm32f4xx_cryp.c...
compiling stm32f4xx_cryp_aes.c...
compiling stm32f4xx_cryp_des.c...
compiling stm32f4xx_cryp_tdes.c...
compiling stm32f4xx_dac.c...
compiling stm32f4xx_dbgmcu.c...
compiling stm32f4xx_dcmi.c...
compiling stm32f4xx_dma.c...
compiling stm32f4xx_exti.c...
compiling stm32f4xx_flash.c...
compiling stm32f4xx_fsmc.c...
compiling stm32f4xx_gpio.c...
compiling stm32f4xx_hash.c...
compiling stm32f4xx_hash_md5.c...
compiling stm32f4xx_hash_sha1.c...
compiling stm32f4xx_i2c.c...
compiling stm32f4xx_iwdg.c...
compiling stm32f4xx_pwr.c...
compiling stm32f4xx_rcc.c...
compiling stm32f4xx_rng.c...
compiling stm32f4xx_rtc.c...
compiling stm32f4xx_sdio.c...
compiling stm32f4xx_spi.c...
compiling stm32f4xx_syscfg.c...
compiling stm32f4xx_tim.c...
compiling stm32f4xx_usart.c...
compiling stm32f4xx_wwdg.c...
Target not created
Build target 'Project'
compiling CC2500.c...
..\src\CC2500.c(109): error:  #20: identifier "C2500_SPI" is undefined
..\src\CC2500.c(13): warning:  #177-D: function "CC2500_SendByte" was declared but never referenced
..\src\CC2500.c(89): warning:  #177-D: function "C2500_SendByte" was declared but never referenced
Target not created
Build target 'Project'
compiling CC2500.c...
..\src\CC2500.c(89): warning:  #177-D: function "CC2500_SendByte" was declared but never referenced
linking...
Program Size: Code=8432 RO-data=528 RW-data=84 ZI-data=8116  
FromELF: creating hex file...
".\obj\output.axf" - 0 Error(s), 1 Warning(s).
Build target 'Project'
compiling CC2500.c...
..\src\CC2500.c(147): warning:  #1-D: last line of file ends without a newline
linking...
Program Size: Code=8488 RO-data=528 RW-data=84 ZI-data=8116  
FromELF: creating hex file...
".\obj\output.axf" - 0 Error(s), 1 Warning(s).
Build target 'Project'
compiling main.c...
compiling CC2500.c...
linking...
Program Size: Code=8488 RO-data=528 RW-data=84 ZI-data=8116  
FromELF: creating hex file...
".\obj\output.axf" - 0 Error(s), 0 Warning(s).
Build target 'Project'
compiling CC2500.c...
linking...
Program Size: Code=8508 RO-data=528 RW-data=84 ZI-data=8116  
FromELF: creating hex file...
".\obj\output.axf" - 0 Error(s), 0 Warning(s).
