<html>
<body>
<pre>
<h1>µVision Build Log</h1>
<h2>Project:</h2>
C:\Users\bswear\Downloads\rtx_project\keil\rtx.uvproj
Project File Date:  11/18/2013

<h2>Output:</h2>
Build target 'Project'
compiling main.c...
compiling CC2500.c...
linking...
Program Size: Code=8860 RO-data=528 RW-data=84 ZI-data=8116  
FromELF: creating hex file...
".\obj\output.axf" - 0 Error(s), 0 Warning(s).
Build target 'Project'
compiling main.c...
../main.c(13): warning:  #188-D: enumerated type mixed with another type
linking...
Program Size: Code=8876 RO-data=528 RW-data=84 ZI-data=8116  
FromELF: creating hex file...
".\obj\output.axf" - 0 Error(s), 1 Warning(s).
Load "C:\\Users\\bswear\\Downloads\\rtx_project\\keil\\obj\\output.axf" 
Erase Done.
Programming Done.
Verify OK.
